

 SAP2000 v22.1.0 Ultimate 64-bit (Analysis Build 9798/64)
 File: E:\sap2000_generated_mo...ft050_RhoR040_Slab018_RhoS040_WallT030_L200.LOG




 B E G I N   A N A L Y S I S                                2026/07/09  13:27:17


 RUNNING ANALYSIS WITHIN THE GUI PROCESS
 USING THE ADVANCED SOLVER (PROVIDES LIMITED INSTABILITY INFORMATION)

 NUMBER OF JOINTS                          =         119
    WITH RESTRAINTS                        =          15
    WITH SPRINGS                           =          15
 NUMBER OF FRAME/CABLE/TENDON ELEMENTS     =         180
 NUMBER OF SHELL ELEMENTS                  =          49
 NUMBER OF CONSTRAINTS/WELDS               =           4
 NUMBER OF LOAD PATTERNS                   =           4
 NUMBER OF ACCELERATION LOADS              =           9
 NUMBER OF LOAD CASES                      =           2

 ADDRESSABLE PHYSICAL MEMORY (RAM)         =      15.842 GB

 PARALLELIZATION OF ANALYSIS OPERATIONS:
 (Env. variable SAPFIRE_NUM_THREADS        =           0)
 NUMBER OF THREADS: STATE (AUTOMATIC)      =           6
 NUMBER OF THREADS: STIFFNESS (AUTOMATIC)  =           6
 NUMBER OF THREADS: EVENT (AUTOMATIC)      =           6
 NUMBER OF THREADS: MOVE (AUTOMATIC)       =           6
 NUMBER OF THREADS: RESPONSE (AUTOMATIC)   =           6
 NUMBER OF THREADS: SOLVE (AUTOMATIC)      =           6
 NUMBER OF THREADS: FORM (AUTOMATIC)       =           6


 N O N L I N E A R   S T A T I C   A N A L Y S I S                      13:27:18

 CASE: PUSHOVER_X

 STARTING FROM ZERO (UNSTRESSED) INITIAL CONDITIONS

 LOAD CONTROL TYPE                         = DISPLACEMENT
 SAVE POSITIVE INCREMENTS ONLY             =         YES
 TYPE OF GEOMETRIC NONLINEARITY            = LARGE DISPLACEMENT AND P-DELTA
 USE EVENT STEPPING                        =         YES
 USE ITERATION                             =         YES
 USE LINE SEARCH                           =          NO
 EVENT LUMPING TOLERANCE                   =    0.000100
 FORCE CONVERGENCE TOLERANCE (RELATIVE)    =    0.000100


 E L E M E N T   F O R M A T I O N                                      13:27:18


 NUMBER OF COUPLED CONSTRAINT EQUATIONS    =           0

 Negative iterations are Constant-Stiffness
 Positive iterations are Newton-Raphson

  Saved    Null   Total  Iteration   Relative  Curr Step   Curr Sum    Max Sum
  Steps   Steps   Steps  this Step  Unbalance       Size   of Steps   of Steps
 (  100      20     200     -10/40   1.000000   0.100000   1.000000   1.000000)

      0       0       1         -1 345.144346   0.083679    .000000    .000000
      0       0       1         -2   1.331181   0.083679    .000000    .000000
      1       0       1  Conv   -3   0.638873   0.083679   0.083679   0.083679
      2       0       2  Conv   -1   0.666434   0.001184   0.084863   0.084863
      2       0       3  Conv   -1   0.665467   1.80E-05   0.084881   0.084881
      2       0       4  Conv   -1   0.664761   1.80E-05   0.084899   0.084899
      2       0       5  Conv   -1   0.664317   1.80E-05   0.084917   0.084917
      2       0       6  Conv   -1   0.664137   1.80E-05   0.084935   0.084935
      2       0       7  Conv   -1   0.664219   1.80E-05   0.084953   0.084953
      2       0       8  Conv   -1   0.664564   1.80E-05   0.084971   0.084971
      2       0       9  Conv   -1   0.665171   1.80E-05   0.084989   0.084989
      2       0      10  Conv   -1   0.666040   1.80E-05   0.085007   0.085007
      2       0      11  Conv   -1   0.667168   1.80E-05   0.085025   0.085025
      2       0      12  Conv   -1   0.668556   1.80E-05   0.085043   0.085043
      2       0      13  Conv   -1   0.670200   1.80E-05   0.085061   0.085061
      2       0      14  Conv   -1   0.672099   1.80E-05   0.085079   0.085079
      2       0      15  Conv   -1   0.674251   1.80E-05   0.085097   0.085097
      2       0      16  Conv   -1   0.676654   1.80E-05   0.085115   0.085115
      2       0      17  Conv   -1   0.679303   1.80E-05   0.085133   0.085133
      2       0      18  Conv   -1   0.682197   1.80E-05   0.085151   0.085151
      2       0      19  Conv   -1   0.685332   1.80E-05   0.085168   0.085168
      2       0      20  Conv   -1   0.688705   1.80E-05   0.085186   0.085186
      2       0      21  Conv   -1   0.692312   1.80E-05   0.085204   0.085204
      2       0      22  Conv   -1   0.696150   1.79E-05   0.085222   0.085222
      2       0      23  Conv   -1   0.700214   1.79E-05   0.085240   0.085240
      2       0      24  Conv   -1   0.704501   1.79E-05   0.085258   0.085258
      2       0      25  Conv   -1   0.709006   1.79E-05   0.085276   0.085276
      2       0      26  Conv   -1   0.713725   1.79E-05   0.085294   0.085294
      2       0      27  Conv   -1   0.718653   1.79E-05   0.085312   0.085312
      2       0      28  Conv   -1   0.723787   1.79E-05   0.085330   0.085330
      2       0      29  Conv   -1   0.729122   1.79E-05   0.085348   0.085348
      2       0      30  Conv   -1   0.734654   1.79E-05   0.085366   0.085366
      2       0      31  Conv   -1   0.740377   1.79E-05   0.085384   0.085384
      2       0      32  Conv   -1   0.746288   1.79E-05   0.085402   0.085402
      2       0      33  Conv   -1   0.752382   1.79E-05   0.085420   0.085420
      2       0      34  Conv   -1   0.758654   1.79E-05   0.085437   0.085437
      2       0      35  Conv   -1   0.765099   1.79E-05   0.085455   0.085455
      2       0      36  Conv   -1   0.771715   1.79E-05   0.085473   0.085473
      2       0      37  Conv   -1   0.778495   1.79E-05   0.085491   0.085491
      2       0      38  Conv   -1   0.785436   1.79E-05   0.085509   0.085509
      2       0      39  Conv   -1   0.792533   1.79E-05   0.085527   0.085527
      2       0      40  Conv   -1   0.799782   1.79E-05   0.085545   0.085545
      2       0      41  Conv   -1   0.807179   1.79E-05   0.085563   0.085563
      2       0      42  Conv   -1   0.814719   1.79E-05   0.085581   0.085581
      2       0      43  Conv   -1   0.822399   1.79E-05   0.085599   0.085599
      2       0      44  Conv   -1   0.830215   1.79E-05   0.085616   0.085616
      2       0      45  Conv   -1   0.838163   1.79E-05   0.085634   0.085634
      2       0      46  Conv   -1   0.846239   1.79E-05   0.085652   0.085652
      2       0      47  Conv   -1   0.854439   1.79E-05   0.085670   0.085670
      2       0      48  Conv   -1   0.862759   1.79E-05   0.085688   0.085688
      2       0      49         -1   1.271978   1.79E-05   0.085688   0.085688
      2       0      49         -2   1.111348   1.79E-05   0.085688   0.085688
      3       0      49  Conv   -3   0.057193   1.79E-05   0.085706   0.085706
      3       0      50         -1   1.266361   4.07E-05   0.085706   0.085706
      3       0      50         -2   1.284514   4.07E-05   0.085706   0.085706
      4       0      50  Conv   -3   0.019015   4.07E-05   0.085746   0.085746
      4       0      51         -1   1.970556   0.000106   0.085746   0.085746
      4       0      51         -2   2.174249  -0.000106   0.085746   0.085746
      4       0      51  Conv   -3   0.490811   0.000106   0.085852   0.085852
      4       0      52         -1   2.178881   1.61E-05   0.085852   0.085852
      5       0      52  Conv   -2   0.613376   1.61E-05   0.085868   0.085868
      5       0      53         -1   3.230563   0.000513   0.085868   0.085868
      6       0      53  Conv   -2   0.434846   0.000513   0.086381   0.086381
      6       0      54  Conv   -1   0.899799   0.000256   0.086638   0.086638
      6       0      55         -1   2.038501   0.000384   0.086638   0.086638
      6       0      55  Conv   -2   0.637951   0.000384   0.087021   0.087021
      6       0      56  Conv   -1   0.764328   0.000915   0.087936   0.087936
      6       0      57         -1   1.417579   0.002903   0.087936   0.087936
      6       0      57  Conv   -2   0.948945   0.002903   0.090839   0.090839
      6       0      58         -1   1.166545   0.005296   0.090839   0.090839
      6       0      58  Conv   -2   0.629143   0.005296   0.096135   0.096135
      6       0      59  Conv   -1   0.685647   7.40E-06   0.096142   0.096142
      6       0      60         -1   1.680336   1.68E-06   0.096142   0.096142
      7       0      60  Conv   -2   0.964211   1.68E-06   0.096144   0.096144
      8       0      61  Conv   -1   0.143797   7.16E-06   0.096151   0.096151
      8       0      62         -1   1.148499   2.07E-06   0.096151   0.096151
      8       0      62         -2   1.000945   2.07E-06   0.096151   0.096151
      9       0      62  Conv   -3   0.098961   2.07E-06   0.096153   0.096153
     10       0      63  Conv   -1   0.952627   7.17E-05   0.096225   0.096225
     10       0      64         -1   1.964139   7.89E-05   0.096225   0.096225
     10       0      64         -2   1.062890   7.89E-05   0.096225   0.096225
     10       0      64  Conv   -3   0.125502   7.89E-05   0.096304   0.096304
     10       0      65  Conv   -1   0.803933   7.80E-05   0.096382   0.096382
     10       0      66         -1   1.655816   0.000102   0.096382   0.096382
     11       0      66  Conv   -2   0.962791   0.000102   0.096484   0.096484
     12       0      67  Conv   -1   0.396475   3.65E-05   0.096520   0.096520
     12       0      68         -1   1.322040   3.36E-05   0.096520   0.096520
     12       0      68         -2   1.345307   3.36E-05   0.096520   0.096520
     12       0      68  Conv   -3   0.551834   3.36E-05   0.096554   0.096554
     12       0      69         -1   1.252047   3.21E-05   0.096554   0.096554
     12       0      69         -2   1.434674   3.21E-05   0.096554   0.096554
     12       0      69  Conv   -3   0.304042   3.21E-05   0.096586   0.096586
     12       0      70         -1   1.173480   5.81E-05   0.096586   0.096586
     12       0      70         -2   3.050930  -5.81E-05   0.096586   0.096586
     12       0      70         -3   1.797425   5.81E-05   0.096586   0.096586
     12       0      70         -4   1.058830  -5.81E-05   0.096586   0.096586
     12       0      70  Conv   -5   0.948050   5.81E-05   0.096644   0.096644
     12       0      71         -1   2.045546   2.68E-05   0.096644   0.096644
     12       0      71         -2   1.387716   2.68E-05   0.096644   0.096644
     13       0      71  Conv   -3   0.915377   2.68E-05   0.096671   0.096671
     13       0      72         -1   1.362475   4.09E-05   0.096671   0.096671
     13       0      72         -2   1.496719   4.09E-05   0.096671   0.096671
     13       0      72         -3   1.249159   4.09E-05   0.096671   0.096671
     14       0      72  Conv   -4   0.128274   4.09E-05   0.096712   0.096712
     14       0      73         -1   1.455144   1.63E-05   0.096712   0.096712
     14       0      73         -2   1.521885   1.63E-05   0.096712   0.096712
     14       0      73  Conv   -3   0.780827   1.63E-05   0.096728   0.096728
     14       0      74         -1   1.844316   0.000125   0.096728   0.096728
     14       0      74         -2   3.388778  -0.000125   0.096728   0.096728
     14       0      74         -3   3.489156   0.000125   0.096728   0.096728
     14       0      74         -4   1.498671   0.000125   0.096728   0.096728
     14       0      74  Conv   -5   0.888777   0.000125   0.096853   0.096853
     14       0      75         -1   1.715411   1.50E-05   0.096853   0.096853
     14       0      75         -2   1.642803   1.50E-05   0.096853   0.096853
     15       0      75  Conv   -3   0.574313   1.50E-05   0.096868   0.096868
     15       0      76         -1   1.175983   0.004303   0.096868   0.096868
     15       0      76  Conv   -2   0.534721   0.004303   0.101171   0.101171
     15       0      77  Conv   -1   0.150426   0.000804   0.101975   0.101975
     15       0      78  Conv   -1   0.820681   0.000840   0.102814   0.102814
     15       0      79         -1   1.493160   0.000875   0.102814   0.102814
     15       0      79  Conv   -2   0.661184   0.000875   0.103690   0.103690
     15       0      80  Conv   -1   0.034687   0.000394   0.104083   0.104083
     15       0      81         -1   1.062783   0.003806   0.104083   0.104083
     15       0      81  Conv   -2   0.616125   0.003806   0.107890   0.107890
     15       0      82  Conv   -1   0.317868   0.000961   0.108850   0.108850
     15       0      83         -1   1.652637   0.004557   0.108850   0.108850
     15       0      83  Conv   -2   0.625749   0.004557   0.113407   0.113407
     15       0      84         -1   1.084123   0.004004   0.113407   0.113407
     15       0      84  Conv   -2   0.731953   0.004004   0.117412   0.117412
     15       0      85  Conv   -1   0.644349   0.000190   0.117602   0.117602
     15       0      86         -1   1.309476   0.000477   0.117602   0.117602
     15       0      86  Conv   -2   0.895054   0.000477   0.118079   0.118079
     15       0      87  Conv   -1   0.531034   0.001106   0.119185   0.119185
     15       0      88         -1   1.727955   0.004117   0.119185   0.119185
     16       0      88  Conv   -2   0.760285   0.004117   0.123301   0.123301
     16       0      89  Conv   -1   0.829299   0.000517   0.123818   0.123818
     16       0      90         -1   1.171776   0.002125   0.123818   0.123818
     16       0      90  Conv   -2   0.813555   0.002125   0.125942   0.125942
     16       0      91  Conv   -1   0.199119   0.001184   0.127126   0.127126
     16       0      92         -1   1.856504   4.91E-05   0.127126   0.127126
     16       0      92         -2   1.785782   4.91E-05   0.127126   0.127126
     16       0      92  Conv   -3   0.438579   4.91E-05   0.127176   0.127176
     16       0      93         -1   1.117074   0.000329   0.127176   0.127176
     16       0      93         -2   1.065870   0.000329   0.127176   0.127176
     16       0      93  Conv   -3   0.200997   0.000329   0.127505   0.127505
     16       0      94         -1   2.867408   1.09E-05   0.127505   0.127505
     16       0      94         -2   2.702202   1.09E-05   0.127505   0.127505
     17       0      94  Conv   -3   0.548046   1.09E-05   0.127516   0.127516
     17       0      95         -1   3.240745   3.00E-06   0.127516   0.127516
     17       0      95         -2   3.553296   3.00E-06   0.127516   0.127516
     17       0      95         -3   3.386046   3.00E-06   0.127516   0.127516
     17       0      95         -4   2.315588   3.00E-06   0.127516   0.127516
     17       0      95         -5   2.768662   3.00E-06   0.127516   0.127516
     17       0      95         -6   1.679864   3.00E-06   0.127516   0.127516
     17       0      95         -7   1.552694   3.00E-06   0.127516   0.127516
     17       0      95         -8   1.619642   3.00E-06   0.127516   0.127516
     17       0      95         -9   3.158522   3.00E-06   0.127516   0.127516
     17       0      95         -1   1.724879    .000000   0.127516   0.127516
     17       0      95         -2   1.886781    .000000   0.127516   0.127516
     17       0      95         -3   3.637647    .000000   0.127516   0.127516
     17       0      95         -4   2.528204    .000000   0.127516   0.127516
     17       0      95         -5   3.221946    .000000   0.127516   0.127516
     17       0      95         -6   1.550013    .000000   0.127516   0.127516
     17       0      95         -7   7.705170    .000000   0.127516   0.127516
     17       1      96         -1   6.471079    .000000   0.127516   0.127516
     17       1      96         -2   3.230280    .000000   0.127516   0.127516
     17       1      96         -3   5.793088    .000000   0.127516   0.127516
     17       1      96         -4   4.895419    .000000   0.127516   0.127516
     17       1      96         -5   6.530023    .000000   0.127516   0.127516
     17       2      97         -1   6.173874    .000000   0.127516   0.127516
     17       2      97         -2   7.038863    .000000   0.127516   0.127516
     17       2      97         -3  10.774533    .000000   0.127516   0.127516
     17       2      97         -4   8.826579    .000000   0.127516   0.127516
     17       2      97         -5   6.626486    .000000   0.127516   0.127516
     17       2      97         -6   8.448442    .000000   0.127516   0.127516
     17       2      97         -7  13.698765    .000000   0.127516   0.127516
     17       3      98         -1  12.962321    .000000   0.127516   0.127516
     17       3      98         -2  13.766927    .000000   0.127516   0.127516
     17       3      98         -3  19.189819    .000000   0.127516   0.127516
     17       3      98         -4  16.522086    .000000   0.127516   0.127516
     17       3      98         -5  13.655610    .000000   0.127516   0.127516
     17       3      98         -6  16.952897    .000000   0.127516   0.127516
     17       3      98         -7  26.827554    .000000   0.127516   0.127516
     17       4      99         -1  25.905316    .000000   0.127516   0.127516
     17       4      99         -2  27.247876    .000000   0.127516   0.127516
     17       4      99         -3  37.362642    .000000   0.127516   0.127516
     17       4      99         -4  38.414319    .000000   0.127516   0.127516
     17       5     100         -1  39.907705   1.50E-06   0.127516   0.127516
     17       5     100         -2 161.034984   1.50E-06   0.127516   0.127516
     17       5     100         -3 166.018571   1.50E-06   0.127516   0.127516
     17       5     100         -4 214.055947   1.50E-06   0.127516   0.127516
     17       5     100         -1  40.281608   7.51E-07   0.127516   0.127516
     17       5     100         -2 161.268525   7.51E-07   0.127516   0.127516
     17       5     100         -3 166.278698   7.51E-07   0.127516   0.127516
     17       5     100         -4 214.152973   7.51E-07   0.127516   0.127516
     17       5     100          1  40.282199   7.51E-07   0.127516   0.127516
     17       5     100          2  83.080051   7.51E-07   0.127516   0.127516
     17       5     100          3   1.276740   7.51E-07   0.127516   0.127516
     18       5     100  Conv    4   0.000821   7.51E-07   0.127516   0.127516
     18       5     101         -1   0.001655   1.50E-06   0.127516   0.127516
     18       5     101         -1   0.001634   3.00E-06   0.127516   0.127516
     18       5     101         -1   0.001614   1.20E-05   0.127516   0.127516
     18       5     101         -1   0.398554   9.61E-05   0.127516   0.127516
     18       5     101         -1  33.305466   0.001537   0.127516   0.127516
     18       5     101         -2  24.030575   0.001537   0.127516   0.127516
     18       5     101         -3  18.004344   0.001537   0.127516   0.127516
     18       5     101         -4  13.747050   0.001537   0.127516   0.127516
     18       5     101         -5  10.593694   0.001537   0.127516   0.127516
     18       5     101         -6   8.195092   0.001537   0.127516   0.127516
     18       5     101         -7   6.343495   0.001537   0.127516   0.127516
     18       5     101         -8   4.903977   0.001537   0.127516   0.127516
     18       5     101         -9   3.782356   0.001537   0.127516   0.127516
     18       5     101        -10   2.909092   0.001537   0.127516   0.127516
     18       5     101         -1  18.649742   0.000769   0.127516   0.127516
     18       5     101         -2  14.838482   0.000769   0.127516   0.127516
     18       5     101         -3  11.598596   0.000769   0.127516   0.127516
     18       5     101         -4   9.004344   0.000769   0.127516   0.127516
     18       5     101         -5   6.937845   0.000769   0.127516   0.127516
     18       5     101         -6   5.308144   0.000769   0.127516   0.127516
     18       5     101         -7   3.899169   0.000769   0.127516   0.127516
     18       5     101         -8   2.893225   0.000769   0.127516   0.127516
     18       5     101         -9   2.155924   0.000769   0.127516   0.127516
     18       5     101        -10   1.609995   0.000769   0.127516   0.127516
     18       5     101          1  18.649742   0.000769   0.127516   0.127516
     19       5     101  Conv    2   0.350720   0.000769   0.128285   0.128285
     19       5     102          1   6.196985   0.001537   0.128285   0.128285
     19       5     102          2   0.006634   0.001537   0.128285   0.128285
     19       5     102          1   8.685187   0.003075   0.128285   0.128285
     19       5     102          2   0.010249   0.003075   0.128285   0.128285
     19       5     102          1  35.961014   0.012299   0.128285   0.128285
     19       5     102          2   0.143707   0.012299   0.128285   0.128285
     19       5     102          1   1505.993   0.098394   0.128285   0.128285
     19       5     102          2   1.439108   0.098394   0.128285   0.128285
     20       5     102  Conv    3   0.004492   0.098394   0.226679   0.226679
     20       5     103          1   2893.458   0.100000   0.226679   0.226679
     20       5     103  Conv    2   0.596002   0.100000   0.326679   0.326679
     20       5     104          1   4050.264   0.100000   0.326679   0.326679
     21       5     104  Conv   -2   0.931783   0.100000   0.426679   0.426679
     21       5     105         -1   5155.704   0.100000   0.426679   0.426679
     21       5     105         -2 449.978078   0.100000   0.426679   0.426679
     21       5     105         -3 331.709250   0.100000   0.426679   0.426679
     21       5     105         -4  34.562617   0.100000   0.426679   0.426679
     21       5     105         -5  17.074214   0.100000   0.426679   0.426679
     21       5     105         -6   2.368650   0.100000   0.426679   0.426679
     22       5     105  Conv   -7   0.905596   0.100000   0.526679   0.526679
     22       5     106         -1   6215.177   0.100000   0.526679   0.526679
     22       5     106         -2 466.440311   0.100000   0.526679   0.526679
     22       5     106         -3 339.138235   0.100000   0.526679   0.526679
     22       5     106         -4  35.523121   0.100000   0.526679   0.526679
     22       5     106         -5  17.474022   0.100000   0.526679   0.526679
     22       5     106         -6   2.433916   0.100000   0.526679   0.526679
     23       5     106  Conv   -7   0.929775   0.100000   0.626679   0.626679
     23       5     107         -1   6279.024   0.100000   0.626679   0.626679
     23       5     107         -2 272.024010   0.100000   0.626679   0.626679
     23       5     107         -3 315.975927   0.100000   0.626679   0.626679
     23       5     107         -4  14.168107   0.100000   0.626679   0.626679
     23       5     107         -5  15.855187   0.100000   0.626679   0.626679
     23       5     107         -6   1.255956   0.100000   0.626679   0.626679
     24       5     107  Conv   -7   0.811737   0.100000   0.726679   0.726679
     24       5     108         -1   7550.579   0.100000   0.726679   0.726679
     24       5     108         -2 646.457420   0.100000   0.726679   0.726679
     24       5     108         -3 595.527272   0.100000   0.726679   0.726679
     24       5     108         -4 596.754816   0.100000   0.726679   0.726679
     24       5     108         -5 592.532230   0.100000   0.726679   0.726679
     24       5     108         -6 584.926054   0.100000   0.726679   0.726679
     24       5     108         -7 584.169843   0.100000   0.726679   0.726679
     24       5     108         -8 585.817000   0.100000   0.726679   0.726679
     24       5     108         -9 585.648849   0.100000   0.726679   0.726679
     24       5     108        -10 586.360048   0.100000   0.726679   0.726679
     24       5     108          1   8305.636   0.100000   0.726679   0.726679
     24       5     108          2  15.334399   0.100000   0.726679   0.726679
     25       5     108  Conv    3   0.051607   0.100000   0.826679   0.826679
     25       5     109          1   8284.181   0.100000   0.826679   0.826679
     25       5     109          2   8.961201   0.100000   0.826679   0.826679
     26       5     109  Conv   -3   0.052785   0.100000   0.926679   0.926679
     26       5     110         -1   4649.968   0.073321   0.926679   0.926679
     26       5     110         -2 222.470209   0.073321   0.926679   0.926679
     26       5     110         -3 153.562675   0.073321   0.926679   0.926679
     26       5     110         -4  11.074759   0.073321   0.926679   0.926679
     26       5     110         -5   5.251368   0.073321   0.926679   0.926679
     27       5     110  Conv   -6   0.502398   0.073321   1.000000   1.000000

 NUMBER OF STIFFNESS FORMATIONS/SOLUTIONS  =         123

 TIME FOR INITIALIZING ANALYSIS            =        0.13
 TIME FOR CONTROLLING ANALYSIS             =        0.02
 TIME FOR UPDATING LOADS AND STATE         =        1.04
 TIME FOR FORMING STIFFNESS MATRIX         =        0.15
 TIME FOR SOLVING STIFFNESS MATRIX         =        6.18
 TIME FOR CALCULATING DISPLACEMENTS        =        0.68
 TIME FOR DETERMINING EVENTS               =        0.13
 TIME FOR SAVING RESULTS                   =        0.60
                                               ----------
 TOTAL TIME FOR THIS ANALYSIS              =        8.93


 N O N L I N E A R   S T A T I C   A N A L Y S I S                      13:27:26

 CASE: PUSHOVER_Y

 STARTING FROM ZERO (UNSTRESSED) INITIAL CONDITIONS

 LOAD CONTROL TYPE                         = DISPLACEMENT
 SAVE POSITIVE INCREMENTS ONLY             =         YES
 TYPE OF GEOMETRIC NONLINEARITY            = LARGE DISPLACEMENT AND P-DELTA
 USE EVENT STEPPING                        =         YES
 USE ITERATION                             =         YES
 USE LINE SEARCH                           =          NO
 EVENT LUMPING TOLERANCE                   =    0.000100
 FORCE CONVERGENCE TOLERANCE (RELATIVE)    =    0.000100

 Negative iterations are Constant-Stiffness
 Positive iterations are Newton-Raphson

  Saved    Null   Total  Iteration   Relative  Curr Step   Curr Sum    Max Sum
  Steps   Steps   Steps  this Step  Unbalance       Size   of Steps   of Steps
 (  100      20     200     -10/40   1.000000   0.100000   1.000000   1.000000)

      0       0       1         -1 218.573260   0.074380    .000000    .000000
      1       0       1  Conv   -2   0.794969   0.074380   0.074380   0.074380
      1       0       2         -1   1.523167   0.000772   0.074380   0.074380
      2       0       2  Conv   -2   0.497176   0.000772   0.075151   0.075151
      2       0       3  Conv   -1   0.167087   6.24E-05   0.075214   0.075214
      2       0       4  Conv   -1   0.732231   0.000179   0.075393   0.075393
      2       0       5         -1   1.011653   0.000100   0.075393   0.075393
      2       0       5  Conv   -2   0.371550   0.000100   0.075493   0.075493
      2       0       6  Conv   -1   0.159196   0.000105   0.075598   0.075598
      2       0       7  Conv   -1   0.300627   0.000135   0.075733   0.075733
      2       0       8  Conv   -1   0.576643   0.000135   0.075868   0.075868
      2       0       9  Conv   -1   0.868488   6.71E-05   0.075935   0.075935
      2       0      10         -1   1.162437   0.000186   0.075935   0.075935
      2       0      10  Conv   -2   0.828477   0.000186   0.076121   0.076121
      2       0      11  Conv   -1   0.685703   0.000107   0.076228   0.076228
      2       0      12  Conv   -1   0.741122   3.97E-06   0.076232   0.076232
      2       0      13  Conv   -1   0.918862   5.70E-05   0.076289   0.076289
      2       0      14         -1   1.170543   6.14E-05   0.076289   0.076289
      3       0      14  Conv   -2   0.365345   6.14E-05   0.076350   0.076350
      4       0      15  Conv   -1   0.147126   0.000111   0.076461   0.076461
      4       0      16  Conv   -1   0.297769   0.000124   0.076586   0.076586
      4       0      17  Conv   -1   0.577897   0.000124   0.076710   0.076710
      4       0      18  Conv   -1   0.870065   0.000124   0.076834   0.076834
      4       0      19         -1   1.165024   0.000124   0.076834   0.076834
      4       0      19  Conv   -2   0.686808   0.000124   0.076958   0.076958
      4       0      20  Conv   -1   0.183917   5.57E-05   0.077013   0.077013
      4       0      21  Conv   -1   0.304681   6.17E-05   0.077075   0.077075
      4       0      22  Conv   -1   0.574744   0.000124   0.077199   0.077199
      4       0      23  Conv   -1   0.863597   0.000124   0.077323   0.077323
      4       0      24         -1   1.157022   0.000124   0.077323   0.077323
      4       0      24  Conv   -2   0.686921   0.000124   0.077447   0.077447
      4       0      25  Conv   -1   0.193513   1.52E-05   0.077462   0.077462
      4       0      26  Conv   -1   0.480396   4.38E-05   0.077506   0.077506
      4       0      27  Conv   -1   0.809586   6.12E-05   0.077567   0.077567
      4       0      28         -1   1.145021   6.12E-05   0.077567   0.077567
      5       0      28  Conv   -2   0.357946   6.12E-05   0.077628   0.077628
      6       0      29  Conv   -1   0.134876   0.000159   0.077787   0.077787
      6       0      30  Conv   -1   0.551109   4.89E-05   0.077836   0.077836
      6       0      31         -1   1.001415   6.94E-06   0.077836   0.077836
      7       0      31  Conv   -2   0.491913   6.94E-06   0.077843   0.077843
      8       0      32  Conv   -1   0.155841   0.000153   0.077996   0.077996
      8       0      33  Conv   -1   0.379358   0.000115   0.078111   0.078111
      8       0      34  Conv   -1   0.774580   0.000115   0.078226   0.078226
      8       0      35         -1   1.179640   0.000115   0.078226   0.078226
      8       0      35  Conv   -2   0.626312   0.000115   0.078341   0.078341
      8       0      36  Conv   -1   0.821536   0.000380   0.078721   0.078721
      8       0      37  Conv   -1   0.782525   0.000200   0.078921   0.078921
      8       0      38         -1   1.124823   0.003003   0.078921   0.078921
      8       0      38  Conv   -2   0.432840   0.003003   0.081925   0.081925
      8       0      39  Conv   -1   0.279151   0.000669   0.082594   0.082594
      8       0      40  Conv   -1   0.750366   4.24E-05   0.082636   0.082636
      8       0      41         -1   1.395885   1.85E-06   0.082636   0.082636
      9       0      41  Conv   -2   0.867147   1.85E-06   0.082638   0.082638
     10       0      42  Conv   -1   0.104094   1.12E-05   0.082649   0.082649
     10       0      43  Conv   -1   0.687483   3.93E-05   0.082689   0.082689
     10       0      44         -1   1.344127   5.27E-05   0.082689   0.082689
     11       0      44  Conv   -2   0.688944   5.27E-05   0.082741   0.082741
     12       0      45  Conv   -1   0.211073   1.05E-05   0.082752   0.082752
     12       0      46  Conv   -1   0.763076   4.01E-05   0.082792   0.082792
     12       0      47         -1   1.412572   5.28E-05   0.082792   0.082792
     13       0      47  Conv   -2   0.680981   5.28E-05   0.082845   0.082845
     14       0      48  Conv   -1   0.168642   2.10E-05   0.082866   0.082866
     14       0      49  Conv   -1   0.734615   2.73E-05   0.082893   0.082893
     14       0      50         -1   1.388940   5.28E-05   0.082893   0.082893
     15       0      50  Conv   -2   0.686192   5.28E-05   0.082946   0.082946
     16       0      51  Conv   -1   0.069161   3.34E-05   0.082979   0.082979
     16       0      52  Conv   -1   0.682449   1.24E-05   0.082992   0.082992
     16       0      53         -1   1.344596   5.29E-05   0.082992   0.082992
     17       0      53  Conv   -2   0.694735   5.29E-05   0.083044   0.083044
     18       0      54  Conv   -1   0.336689   4.83E-05   0.083093   0.083093
     18       0      55  Conv   -1   0.637874   8.68E-07   0.083094   0.083094
     18       0      56         -1   1.302102   5.20E-05   0.083094   0.083094
     19       0      56  Conv   -2   0.697805   5.20E-05   0.083146   0.083146
     20       0      57  Conv   -1   0.056406   3.03E-05   0.083176   0.083176
     20       0      58  Conv   -1   0.684054   1.62E-05   0.083192   0.083192
     20       0      59         -1   1.348964   5.30E-05   0.083192   0.083192
     21       0      59  Conv   -2   0.755737   5.30E-05   0.083245   0.083245
     22       0      60  Conv   -1   0.374880   7.20E-05   0.083317   0.083317
     22       0      61  Conv   -1   0.489619   7.16E-05   0.083389   0.083389
     22       0      62  Conv   -1   0.931550   7.16E-05   0.083460   0.083460
     22       0      63         -1   1.422605   7.15E-05   0.083460   0.083460
     23       0      63  Conv   -2   0.555577   7.15E-05   0.083532   0.083532
     24       0      64  Conv   -1   0.228568   0.000417   0.083949   0.083949
     24       0      65  Conv   -1   0.456452   9.57E-05   0.084044   0.084044
     24       0      66  Conv   -1   0.881825   9.56E-05   0.084140   0.084140
     24       0      67         -1   1.326322   9.55E-05   0.084140   0.084140
     25       0      67  Conv   -2   0.717571   9.55E-05   0.084235   0.084235
     26       0      68  Conv   -1   0.584812   1.57E-05   0.084251   0.084251
     26       0      69         -1   1.180157   2.86E-05   0.084251   0.084251
     27       0      69  Conv   -2   0.781343   2.86E-05   0.084280   0.084280
     28       0      70  Conv   -1   0.059654   2.16E-05   0.084301   0.084301
     28       0      71  Conv   -1   0.710303   2.26E-05   0.084324   0.084324
     28       0      72         -1   1.379286   5.14E-05   0.084324   0.084324
     29       0      72  Conv   -2   0.705732   5.14E-05   0.084375   0.084375
     30       0      73  Conv   -1   0.117922   1.38E-05   0.084389   0.084389
     30       0      74  Conv   -1   0.763111   3.41E-05   0.084423   0.084423
     30       0      75         -1   1.432054   5.15E-05   0.084423   0.084423
     31       0      75  Conv   -2   0.697079   5.15E-05   0.084475   0.084475
     32       0      76  Conv   -1   0.064753   2.62E-05   0.084501   0.084501
     32       0      77  Conv   -1   0.720507   1.85E-05   0.084519   0.084519
     32       0      78         -1   1.391789   5.15E-05   0.084519   0.084519
     33       0      78  Conv   -2   0.707230   5.15E-05   0.084571   0.084571
     34       0      79  Conv   -1   0.294766   4.11E-05   0.084612   0.084612
     34       0      80  Conv   -1   0.649959   1.48E-06   0.084614   0.084614
     34       0      81         -1   1.322726   4.99E-05   0.084614   0.084614
     35       0      81  Conv   -2   0.723809   4.99E-05   0.084663   0.084663
     36       0      82  Conv   -1   0.303360   5.97E-05   0.084723   0.084723
     36       0      83  Conv   -1   0.448101   7.18E-05   0.084795   0.084795
     36       0      84  Conv   -1   0.921509   7.17E-05   0.084867   0.084867
     36       0      85         -1   1.426973   7.17E-05   0.084867   0.084867
     37       0      85  Conv   -2   0.560268   7.17E-05   0.084938   0.084938
     38       0      86  Conv   -1   0.229520   0.000306   0.085244   0.085244
     38       0      87  Conv   -1   0.462016   9.59E-05   0.085340   0.085340
     38       0      88  Conv   -1   0.892377   9.58E-05   0.085436   0.085436
     38       0      89         -1   1.341778   9.57E-05   0.085436   0.085436
     39       0      89  Conv   -2   0.725624   9.57E-05   0.085532   0.085532
     40       0      90  Conv   -1   0.440228   3.16E-05   0.085563   0.085563
     40       0      91         -1   1.052399   5.60E-06   0.085563   0.085563
     41       0      91  Conv   -2   0.824811   5.60E-06   0.085569   0.085569
     42       0      92  Conv   -1   0.047530   2.75E-05   0.085596   0.085596
     42       0      93  Conv   -1   0.650830   1.49E-05   0.085611   0.085611
     42       0      94         -1   1.326576   5.15E-05   0.085611   0.085611
     43       0      94  Conv   -2   0.725644   5.15E-05   0.085663   0.085663
     44       0      95  Conv   -1   0.085254   1.72E-05   0.085680   0.085680
     44       0      96  Conv   -1   0.742919   3.00E-05   0.085710   0.085710
     44       0      97         -1   1.419355   5.16E-05   0.085710   0.085710
     45       0      97  Conv   -2   0.709559   5.16E-05   0.085762   0.085762
     46       0      98  Conv   -1   0.035762   3.09E-05   0.085792   0.085792
     46       0      99  Conv   -1   0.702272   1.28E-05   0.085805   0.085805
     46       0     100         -1   1.380609   5.17E-05   0.085805   0.085805
     47       0     100  Conv   -2   0.719623   5.17E-05   0.085857   0.085857
     47       0     101         -1   1157.919   0.100000   0.085857   0.085857
     47       0     101         -2   1133.077   0.100000   0.085857   0.085857
     47       0     101         -3 829.164959   0.100000   0.085857   0.085857
     47       0     101         -4 623.332227   0.100000   0.085857   0.085857
     47       0     101         -5 452.232471   0.100000   0.085857   0.085857
     47       0     101         -6 328.179480   0.100000   0.085857   0.085857
     47       0     101         -7 234.592700   0.100000   0.085857   0.085857
     47       0     101         -8 167.933257   0.100000   0.085857   0.085857
     47       0     101         -9 118.265295   0.100000   0.085857   0.085857
     47       0     101        -10  52.158523   0.100000   0.085857   0.085857
     47       0     101        -11  32.175270   0.100000   0.085857   0.085857
     47       0     101         -1   1051.171   0.050000   0.085857   0.085857
     47       0     101         -2 627.970576   0.050000   0.085857   0.085857
     47       0     101         -3 399.713942   0.050000   0.085857   0.085857
     47       0     101         -4 268.492018   0.050000   0.085857   0.085857
     47       0     101         -5 186.167560   0.050000   0.085857   0.085857
     47       0     101         -6 120.546571   0.050000   0.085857   0.085857
     47       0     101         -7  61.871347   0.050000   0.085857   0.085857
     47       0     101         -8  39.142030   0.050000   0.085857   0.085857
     47       0     101         -9  23.960225   0.050000   0.085857   0.085857
     47       0     101        -10  14.963631   0.050000   0.085857   0.085857
     47       0     101          1   1051.171   0.050000   0.085857   0.085857
     47       0     101          2 924.502305   0.050000   0.085857   0.085857
     47       0     101          3   1.873224   0.050000   0.085857   0.085857
     47       0     101  Conv    4   0.003036   0.050000   0.135857   0.135857
     47       0     102          1   2472.211   0.100000   0.135857   0.135857
     48       0     102  Conv   -2   0.304907   0.100000   0.235857   0.235857
     48       0     103         -1   2965.412   0.100000   0.235857   0.235857
     48       0     103         -2 253.857973   0.100000   0.235857   0.235857
     48       0     103         -3 173.993188   0.100000   0.235857   0.235857
     48       0     103         -4  14.944805   0.100000   0.235857   0.235857
     48       0     103         -5   7.028910   0.100000   0.235857   0.235857
     49       0     103  Conv   -6   0.804068   0.100000   0.335857   0.335857
     49       0     104         -1   4104.222   0.100000   0.335857   0.335857
     49       0     104         -2 324.875696   0.100000   0.335857   0.335857
     49       0     104         -3 220.329526   0.100000   0.335857   0.335857
     49       0     104         -4  19.071379   0.100000   0.335857   0.335857
     49       0     104         -5   8.926869   0.100000   0.335857   0.335857
     49       0     104         -6   1.024606   0.100000   0.335857   0.335857
     50       0     104  Conv   -7   0.371322   0.100000   0.435857   0.435857
     50       0     105         -1   5189.832   0.100000   0.435857   0.435857
     50       0     105         -2 334.165220   0.100000   0.435857   0.435857
     50       0     105         -3 223.092139   0.100000   0.435857   0.435857
     50       0     105         -4  19.354357   0.100000   0.435857   0.435857
     50       0     105         -5   9.099014   0.100000   0.435857   0.435857
     50       0     105         -6   1.057188   0.100000   0.435857   0.435857
     51       0     105  Conv   -7   0.414252   0.100000   0.535857   0.535857
     51       0     106         -1   5234.055   0.100000   0.535857   0.535857
     51       0     106         -2 346.571361   0.100000   0.535857   0.535857
     51       0     106         -3 224.829770   0.100000   0.535857   0.535857
     51       0     106         -4  22.035190   0.100000   0.535857   0.535857
     51       0     106         -5   9.564130   0.100000   0.535857   0.535857
     51       0     106         -6   3.231319   0.100000   0.535857   0.535857
     51       0     106         -7   1.844728   0.100000   0.535857   0.535857
     51       0     106         -8   1.224431   0.100000   0.535857   0.535857
     52       0     106  Conv   -9   0.786667   0.100000   0.635857   0.635857
     52       0     107         -1   5711.356   0.100000   0.635857   0.635857
     52       0     107         -2 285.010749   0.100000   0.635857   0.635857
     52       0     107         -3 237.182157   0.100000   0.635857   0.635857
     52       0     107         -4  80.629845   0.100000   0.635857   0.635857
     52       0     107         -5  88.638614   0.100000   0.635857   0.635857
     52       0     107         -6  98.305332   0.100000   0.635857   0.635857
     52       0     107         -7  98.143933   0.100000   0.635857   0.635857
     52       0     107         -8  97.803748   0.100000   0.635857   0.635857
     52       0     107         -9  97.688602   0.100000   0.635857   0.635857
     52       0     107        -10  97.646262   0.100000   0.635857   0.635857
     52       0     107          1   5735.463   0.100000   0.635857   0.635857
     52       0     107          2 115.638669   0.100000   0.635857   0.635857
     53       0     107  Conv    3   0.077802   0.100000   0.735857   0.735857
     53       0     108          1   6790.771   0.100000   0.735857   0.735857
     53       0     108          2   6.679979   0.100000   0.735857   0.735857
     54       0     108  Conv   -3   0.029446   0.100000   0.835857   0.835857
     54       0     109         -1   6875.253   0.100000   0.835857   0.835857
     54       0     109         -2 450.078914   0.100000   0.835857   0.835857
     54       0     109         -3 325.868744   0.100000   0.835857   0.835857
     54       0     109         -4  32.667558   0.100000   0.835857   0.835857
     54       0     109         -5  16.216525   0.100000   0.835857   0.835857
     54       0     109         -6   2.152365   0.100000   0.835857   0.835857
     55       0     109  Conv   -7   0.830878   0.100000   0.935857   0.935857
     55       0     110         -1   2853.766   0.064143   0.935857   0.935857
     55       0     110         -2  95.789417   0.064143   0.935857   0.935857
     55       0     110         -3  53.690121   0.064143   0.935857   0.935857
     55       0     110         -4   2.468439   0.064143   0.935857   0.935857
     55       0     110         -5   1.030469   0.064143   0.935857   0.935857
     56       0     110  Conv   -6   0.060711   0.064143   1.000000   1.000000

 NUMBER OF STIFFNESS FORMATIONS/SOLUTIONS  =         118

 TIME FOR INITIALIZING ANALYSIS            =        0.02
 TIME FOR CONTROLLING ANALYSIS             =        0.00
 TIME FOR UPDATING LOADS AND STATE         =        0.78
 TIME FOR FORMING STIFFNESS MATRIX         =        0.05
 TIME FOR SOLVING STIFFNESS MATRIX         =        6.39
 TIME FOR CALCULATING DISPLACEMENTS        =        0.51
 TIME FOR DETERMINING EVENTS               =        0.28
 TIME FOR SAVING RESULTS                   =        0.71
                                               ----------
 TOTAL TIME FOR THIS ANALYSIS              =        8.74


 A N A L Y S I S   C O M P L E T E                          2026/07/09  13:27:35
