

 SAP2000 v22.1.0 Ultimate 64-bit (Analysis Build 9798/64)
 File: E:\sap2000_generated_mo...ft050_RhoR040_Slab018_RhoS040_WallT030_L200.LOG




 B E G I N   A N A L Y S I S                                2026/07/04  00:10:09


 RUNNING ANALYSIS WITHIN THE GUI PROCESS
 USING THE ADVANCED SOLVER (PROVIDES LIMITED INSTABILITY INFORMATION)

 NUMBER OF JOINTS                          =         142
    WITH RESTRAINTS                        =          15
    WITH SPRINGS                           =          15
 NUMBER OF FRAME/CABLE/TENDON ELEMENTS     =         225
 NUMBER OF SHELL ELEMENTS                  =          61
 NUMBER OF CONSTRAINTS/WELDS               =           5
 NUMBER OF LOAD PATTERNS                   =           4
 NUMBER OF ACCELERATION LOADS              =           9
 NUMBER OF LOAD CASES                      =           2

 ADDRESSABLE PHYSICAL MEMORY (RAM)         =      15.842 GB

 PARALLELIZATION OF ANALYSIS OPERATIONS:
 (Env. variable SAPFIRE_NUM_THREADS        =           0)
 NUMBER OF THREADS: STATE (AUTOMATIC)      =           6
 NUMBER OF THREADS: STIFFNESS (AUTOMATIC)  =           6
 NUMBER OF THREADS: EVENT (AUTOMATIC)      =           6
 NUMBER OF THREADS: MOVE (AUTOMATIC)       =           6
 NUMBER OF THREADS: RESPONSE (AUTOMATIC)   =           6
 NUMBER OF THREADS: SOLVE (AUTOMATIC)      =           6
 NUMBER OF THREADS: FORM (AUTOMATIC)       =           6


 N O N L I N E A R   S T A T I C   A N A L Y S I S                      00:10:09

 CASE: PUSHOVER_X

 STARTING FROM ZERO (UNSTRESSED) INITIAL CONDITIONS

 LOAD CONTROL TYPE                         = DISPLACEMENT
 SAVE POSITIVE INCREMENTS ONLY             =         YES
 TYPE OF GEOMETRIC NONLINEARITY            = LARGE DISPLACEMENT AND P-DELTA
 USE EVENT STEPPING                        =         YES
 USE ITERATION                             =         YES
 USE LINE SEARCH                           =          NO
 EVENT LUMPING TOLERANCE                   =    0.000100
 FORCE CONVERGENCE TOLERANCE (RELATIVE)    =    0.000100


 E L E M E N T   F O R M A T I O N                                      00:10:09


 NUMBER OF COUPLED CONSTRAINT EQUATIONS    =           0

 Negative iterations are Constant-Stiffness
 Positive iterations are Newton-Raphson

  Saved    Null   Total  Iteration   Relative  Curr Step   Curr Sum    Max Sum
  Steps   Steps   Steps  this Step  Unbalance       Size   of Steps   of Steps
 (  100      20     200     -10/40   1.000000   0.100000   1.000000   1.000000)

      0       0       1         -1 472.211429   0.089359    .000000    .000000
      0       0       1         -2   2.041060   0.089359    .000000    .000000
      0       0       1         -3   1.021998   0.089359    .000000    .000000
      1       0       1  Conv   -4   0.025162   0.089359   0.089359   0.089359
      2       0       2  Conv   -1   0.114673   0.001404   0.090763   0.090763
      2       0       3  Conv   -1   0.115542   2.45E-05   0.090788   0.090788
      2       0       4  Conv   -1   0.117969   2.45E-05   0.090812   0.090812
      2       0       5  Conv   -1   0.121859   2.45E-05   0.090837   0.090837
      2       0       6  Conv   -1   0.127078   2.45E-05   0.090861   0.090861
      2       0       7  Conv   -1   0.133469   2.45E-05   0.090886   0.090886
      2       0       8  Conv   -1   0.140871   2.45E-05   0.090910   0.090910
      2       0       9  Conv   -1   0.149134   2.45E-05   0.090935   0.090935
      2       0      10  Conv   -1   0.158121   2.45E-05   0.090959   0.090959
      2       0      11  Conv   -1   0.167715   2.45E-05   0.090984   0.090984
      2       0      12  Conv   -1   0.177818   2.45E-05   0.091008   0.091008
      2       0      13  Conv   -1   0.188346   2.45E-05   0.091033   0.091033
      2       0      14  Conv   -1   0.199233   2.45E-05   0.091057   0.091057
      2       0      15  Conv   -1   0.210421   2.45E-05   0.091082   0.091082
      2       0      16  Conv   -1   0.221865   2.44E-05   0.091106   0.091106
      2       0      17  Conv   -1   0.233526   2.44E-05   0.091131   0.091131
      2       0      18  Conv   -1   0.245373   2.44E-05   0.091155   0.091155
      2       0      19  Conv   -1   0.257380   2.44E-05   0.091179   0.091179
      2       0      20  Conv   -1   0.269524   2.44E-05   0.091204   0.091204
      2       0      21  Conv   -1   0.281789   2.44E-05   0.091228   0.091228
      2       0      22  Conv   -1   0.294158   2.44E-05   0.091253   0.091253
      2       0      23  Conv   -1   0.306618   2.44E-05   0.091277   0.091277
      2       0      24  Conv   -1   0.319158   2.44E-05   0.091302   0.091302
      2       0      25  Conv   -1   0.331769   2.44E-05   0.091326   0.091326
      2       0      26  Conv   -1   0.344442   2.44E-05   0.091350   0.091350
      2       0      27  Conv   -1   0.357172   2.44E-05   0.091375   0.091375
      2       0      28  Conv   -1   0.369950   2.44E-05   0.091399   0.091399
      2       0      29  Conv   -1   0.382773   2.44E-05   0.091423   0.091423
      2       0      30  Conv   -1   0.395636   2.44E-05   0.091448   0.091448
      2       0      31  Conv   -1   0.408534   2.44E-05   0.091472   0.091472
      2       0      32  Conv   -1   0.421464   2.44E-05   0.091496   0.091496
      2       0      33  Conv   -1   0.434423   2.43E-05   0.091521   0.091521
      2       0      34  Conv   -1   0.447408   2.43E-05   0.091545   0.091545
      2       0      35  Conv   -1   0.460417   2.43E-05   0.091570   0.091570
      2       0      36  Conv   -1   0.473447   2.43E-05   0.091594   0.091594
      2       0      37  Conv   -1   0.486497   2.43E-05   0.091618   0.091618
      2       0      38         -1   1.830865   2.43E-05   0.091618   0.091618
      2       0      38         -2   1.902798   2.43E-05   0.091618   0.091618
      2       0      38  Conv   -3   0.103913   2.43E-05   0.091642   0.091642
      2       0      39         -1   1.929795   3.11E-05   0.091642   0.091642
      2       0      39         -2   1.985361   3.11E-05   0.091642   0.091642
      2       0      39  Conv   -3   0.034675   3.11E-05   0.091674   0.091674
      2       0      40         -1   2.800285   0.000120   0.091674   0.091674
      2       0      40         -2   3.067415  -0.000120   0.091674   0.091674
      2       0      40  Conv   -3   0.599995   0.000120   0.091793   0.091793
      2       0      41         -1   3.074249   2.14E-05   0.091793   0.091793
      3       0      41  Conv   -2   0.869378   2.14E-05   0.091815   0.091815
      4       0      42  Conv   -1   0.646421   0.000520   0.092335   0.092335
      4       0      43         -1   3.470026   0.000770   0.092335   0.092335
      4       0      43  Conv   -2   0.617824   0.000770   0.093105   0.093105
      4       0      44         -1   3.248954   0.000632   0.093105   0.093105
      4       0      44  Conv   -2   0.923293   0.000632   0.093737   0.093737
      4       0      45         -1   1.384798   0.000251   0.093737   0.093737
      4       0      45         -2   1.162871   0.000251   0.093737   0.093737
      4       0      45  Conv   -3   0.289455   0.000251   0.093989   0.093989
      4       0      46         -1   1.208307   0.002715   0.093989   0.093989
      4       0      46         -2   1.222745   0.002715   0.093989   0.093989
      4       0      46  Conv   -3   0.230078   0.002715   0.096704   0.096704
      4       0      47         -1   1.461092   8.08E-06   0.096704   0.096704
      4       0      47         -2   1.413163   8.08E-06   0.096704   0.096704
      4       0      47         -3   1.195801   8.08E-06   0.096704   0.096704
      4       0      47         -4   2.143649   8.08E-06   0.096704   0.096704
      4       1      47         -1    .000000    .000000   0.096704   0.096704
      4       1      48         -1   1.483075   4.04E-06   0.096704   0.096704
      5       1      48  Conv   -2   0.094905   4.04E-06   0.096708   0.096708
      5       1      49         -1   0.095035   8.08E-06   0.096708   0.096708
      5       1      49         -1   0.095167   1.62E-05   0.096708   0.096708
      5       1      49         -1   0.095983   6.46E-05   0.096708   0.096708
      6       1      49  Conv   -1   0.094832   0.000124   0.096832   0.096832
      6       1      50  Conv   -1   0.095337   9.31E-06   0.096842   0.096842
      6       1      51         -1   0.227715   0.002068   0.096842   0.096842
      6       1      51         -1   1.772474   0.005848   0.096842   0.096842
      6       1      51  Conv   -2   0.173496   0.005848   0.102690   0.102690
      6       1      52  Conv   -1   0.402793   4.42E-05   0.102734   0.102734
      6       1      53  Conv   -1   0.535953   1.57E-05   0.102750   0.102750
      6       1      54  Conv   -1   0.730264   2.36E-06   0.102752   0.102752
      6       1      55  Conv   -1   0.919903   1.03E-05   0.102763   0.102763
      6       1      56         -1   1.113704   1.30E-05   0.102763   0.102763
      7       1      56  Conv   -2   0.205917   1.30E-05   0.102776   0.102776
      8       1      57  Conv   -1   0.105901   4.17E-05   0.102817   0.102817
      8       1      58  Conv   -1   0.206240   1.54E-05   0.102833   0.102833
      8       1      59  Conv   -1   0.367563   2.77E-06   0.102835   0.102835
      8       1      60  Conv   -1   0.567591   9.10E-06   0.102844   0.102844
      8       1      61  Conv   -1   0.768655   1.30E-05   0.102858   0.102858
      8       1      62  Conv   -1   0.970098   1.30E-05   0.102871   0.102871
      8       1      63         -1   1.171712   1.30E-05   0.102871   0.102871
      9       1      63  Conv   -2   0.530620   1.30E-05   0.102884   0.102884
     10       1      64  Conv   -1   0.691177   3.21E-05   0.102916   0.102916
     10       1      65  Conv   -1   0.880633   1.90E-05   0.102935   0.102935
     10       1      66         -1   1.083902   1.90E-05   0.102935   0.102935
     10       1      66  Conv   -2   0.220042   1.90E-05   0.102954   0.102954
     10       1      67  Conv   -1   0.108156   0.000121   0.103075   0.103075
     10       1      68  Conv   -1   0.306487   2.06E-05   0.103095   0.103095
     10       1      69  Conv   -1   0.543212   2.06E-05   0.103116   0.103116
     10       1      70  Conv   -1   0.784268   2.06E-05   0.103137   0.103137
     10       1      71         -1   1.026581   2.06E-05   0.103137   0.103137
     10       1      71  Conv   -2   0.361610   2.06E-05   0.103157   0.103157
     10       1      72  Conv   -1   0.603338   0.003112   0.106269   0.106269
     10       1      73  Conv   -1   0.623500   0.000633   0.106902   0.106902
     10       1      74  Conv   -1   0.861369   0.002279   0.109182   0.109182
     10       1      75         -1   1.229558   0.002659   0.109182   0.109182
     10       1      75  Conv   -2   0.053128   0.002659   0.111841   0.111841
     10       1      76  Conv   -1   0.146849   0.000265   0.112106   0.112106
     10       1      77         -1   1.288955   0.004202   0.112106   0.112106
     10       1      77  Conv   -2   0.073424   0.004202   0.116308   0.116308
     10       1      78  Conv   -1   0.255909   0.001029   0.117337   0.117337
     10       1      79  Conv   -1   0.577032   0.000778   0.118115   0.118115
     10       1      80         -1   1.544654   0.003787   0.118115   0.118115
     10       1      80  Conv   -2   0.187160   0.003787   0.121901   0.121901
     10       1      81  Conv   -1   0.797515   0.002987   0.124888   0.124888
     10       1      82         -1   1.016153   0.000549   0.124888   0.124888
     10       1      82  Conv   -2   0.407281   0.000549   0.125438   0.125438
     10       1      83  Conv   -1   0.171966   0.001058   0.126495   0.126495
     10       1      84         -1   1.798408   0.003849   0.126495   0.126495
     10       1      84  Conv   -2   0.269783   0.003849   0.130344   0.130344
     11       1      85  Conv   -1   0.470042   0.001185   0.131529   0.131529
     11       1      86         -1   1.089817   0.002100   0.131529   0.131529
     11       1      86  Conv   -2   0.495948   0.002100   0.133629   0.133629
     11       1      87         -1   1.709534   9.77E-06   0.133629   0.133629
     11       1      87         -2   1.593020   9.77E-06   0.133629   0.133629
     12       1      87  Conv   -3   0.450061   9.77E-06   0.133639   0.133639
     13       1      88  Conv   -1   0.797023   0.000230   0.133869   0.133869
     13       1      89         -1   1.858208   1.08E-05   0.133869   0.133869
     13       1      89         -2   1.681188   1.08E-05   0.133869   0.133869
     13       1      89         -3   1.666780   1.08E-05   0.133869   0.133869
     13       1      89         -4   1.256665   1.08E-05   0.133869   0.133869
     13       1      89         -5   1.605970   1.08E-05   0.133869   0.133869
     13       1      89         -6   1.578914   1.08E-05   0.133869   0.133869
     13       1      89         -7   1.654605   1.08E-05   0.133869   0.133869
     13       1      89         -1   1.208828    .000000   0.133869   0.133869
     13       1      89         -2   1.125571    .000000   0.133869   0.133869
     13       1      89         -3   1.289856    .000000   0.133869   0.133869
     13       1      89         -4   1.325819    .000000   0.133869   0.133869
     13       3      90         -1    .000000    .000000   0.133869   0.133869
     13       3      91         -1   1.675066   5.39E-06   0.133869   0.133869
     13       3      91         -2   1.559453   5.39E-06   0.133869   0.133869
     13       3      91         -3   1.521387   5.39E-06   0.133869   0.133869
     13       3      91         -4   1.492509   5.39E-06   0.133869   0.133869
     13       3      91         -5   1.491879   5.39E-06   0.133869   0.133869
     13       3      91         -6   1.488829   5.39E-06   0.133869   0.133869
     13       3      91         -7   1.488806   5.39E-06   0.133869   0.133869
     13       3      91         -8   1.488452   5.39E-06   0.133869   0.133869
     13       3      91         -9   1.488450   5.39E-06   0.133869   0.133869
     13       3      91        -10   1.488410   5.39E-06   0.133869   0.133869
     13       3      91         -1   1.675478   2.70E-06   0.133869   0.133869
     13       3      91         -2   1.582139   2.70E-06   0.133869   0.133869
     13       3      91         -3   1.546348   2.70E-06   0.133869   0.133869
     13       3      91         -4   1.520386   2.70E-06   0.133869   0.133869
     13       3      91         -5   1.519784   2.70E-06   0.133869   0.133869
     13       3      91         -6   1.517000   2.70E-06   0.133869   0.133869
     13       3      91         -7   1.516976   2.70E-06   0.133869   0.133869
     13       3      91         -8   1.516652   2.70E-06   0.133869   0.133869
     13       3      91         -9   1.516650   2.70E-06   0.133869   0.133869
     13       3      91        -10   1.516613   2.70E-06   0.133869   0.133869
     13       3      91          1   1.675483   2.70E-06   0.133869   0.133869
     13       3      91          2   1.582142   2.70E-06   0.133869   0.133869
     14       3      91  Conv    3   0.013332   2.70E-06   0.133871   0.133871
     14       3      92         -1   0.012605   5.39E-06   0.133871   0.133871
     14       3      92         -1   0.012541   1.08E-05   0.133871   0.133871
     15       3      92  Conv   -1   0.014345   1.27E-05   0.133884   0.133884
     15       3      93  Conv   -1   0.015124   1.51E-05   0.133899   0.133899
     15       3      94  Conv   -1   0.016098   1.52E-05   0.133914   0.133914
     15       3      95  Conv   -1   0.016972   1.77E-05   0.133932   0.133932
     15       3      96  Conv   -1   0.017858   1.13E-05   0.133943   0.133943
     15       3      97  Conv   -1   0.018672   5.79E-06   0.133949   0.133949
     15       3      98  Conv   -1   0.019670   7.84E-06   0.133957   0.133957
     15       3      99  Conv   -1   0.020284   2.79E-05   0.133985   0.133985
     16       3     100  Conv   -1   0.021356   9.24E-06   0.133994   0.133994
     16       3     101         -1 221.908438   0.022084   0.133994   0.133994
     16       3     101         -2 119.385678   0.022084   0.133994   0.133994
     16       3     101         -3  48.767296   0.022084   0.133994   0.133994
     16       3     101         -4  21.408597   0.022084   0.133994   0.133994
     16       3     101         -5  10.827095   0.022084   0.133994   0.133994
     16       3     101         -6   6.481679   0.022084   0.133994   0.133994
     16       3     101         -7   4.478418   0.022084   0.133994   0.133994
     16       3     101         -8   3.355821   0.022084   0.133994   0.133994
     16       3     101         -9   2.590669   0.022084   0.133994   0.133994
     16       3     101        -10   2.009741   0.022084   0.133994   0.133994
     16       3     101         -1 111.170665   0.011042   0.133994   0.133994
     16       3     101         -2  57.110572   0.011042   0.133994   0.133994
     16       3     101         -3  24.725691   0.011042   0.133994   0.133994
     16       3     101         -4  12.346581   0.011042   0.133994   0.133994
     16       3     101         -5   7.472595   0.011042   0.133994   0.133994
     16       3     101         -6   5.008355   0.011042   0.133994   0.133994
     16       3     101         -7   3.499668   0.011042   0.133994   0.133994
     16       3     101         -8   2.501442   0.011042   0.133994   0.133994
     16       3     101         -9   1.817408   0.011042   0.133994   0.133994
     16       3     101        -10   1.336903   0.011042   0.133994   0.133994
     16       3     101          1 111.170665   0.011042   0.133994   0.133994
     16       3     101          2   2.028542   0.011042   0.133994   0.133994
     17       3     101  Conv    3   0.001244   0.011042   0.145036   0.145036
     17       3     102          1 164.324622   0.022084   0.145036   0.145036
     17       3     102         -2   0.024814   0.022084   0.145036   0.145036
     17       3     102         -1  12.211802   0.044167   0.145036   0.145036
     17       3     102         -2   1.823635   0.044167   0.145036   0.145036
     17       3     102         -3   0.058872   0.044167   0.145036   0.145036
     17       3     102         -1   2227.420   0.100000   0.145036   0.145036
     17       3     102         -2 189.491210   0.100000   0.145036   0.145036
     17       3     102         -3 186.888976   0.100000   0.145036   0.145036
     17       3     102         -4  22.446656   0.100000   0.145036   0.145036
     17       3     102         -5  13.325897   0.100000   0.145036   0.145036
     17       3     102         -6   2.227108   0.100000   0.145036   0.145036
     18       3     102  Conv   -7   0.987474   0.100000   0.245036   0.245036
     18       3     103         -1   4708.989   0.100000   0.245036   0.245036
     18       3     103         -2 845.124731   0.100000   0.245036   0.245036
     18       3     103         -3 788.540242   0.100000   0.245036   0.245036
     18       3     103         -4 171.187937   0.100000   0.245036   0.245036
     18       3     103         -5 103.885606   0.100000   0.245036   0.245036
     18       3     103         -6  28.978144   0.100000   0.245036   0.245036
     18       3     103         -7  14.080647   0.100000   0.245036   0.245036
     18       3     103         -8   4.553508   0.100000   0.245036   0.245036
     18       3     103         -9   1.973775   0.100000   0.245036   0.245036
     19       3     103  Conv  -10   0.690926   0.100000   0.345036   0.345036
     19       3     104         -1   6411.238   0.100000   0.345036   0.345036
     19       3     104         -2   1069.805   0.100000   0.345036   0.345036
     19       3     104         -3 983.023347   0.100000   0.345036   0.345036
     19       3     104         -4 211.065665   0.100000   0.345036   0.345036
     19       3     104         -5 129.474648   0.100000   0.345036   0.345036
     19       3     104         -6  35.896318   0.100000   0.345036   0.345036
     19       3     104         -7  17.556321   0.100000   0.345036   0.345036
     19       3     104         -8   5.658607   0.100000   0.345036   0.345036
     19       3     104         -9   2.462847   0.100000   0.345036   0.345036
     20       3     104  Conv  -10   0.860718   0.100000   0.445036   0.445036
     20       3     105         -1   8018.662   0.100000   0.445036   0.445036
     20       3     105         -2   1288.684   0.100000   0.445036   0.445036
     20       3     105         -3   1162.345   0.100000   0.445036   0.445036
     20       3     105         -4 248.302087   0.100000   0.445036   0.445036
     20       3     105         -5 152.940243   0.100000   0.445036   0.445036
     20       3     105         -6  40.538689   0.100000   0.445036   0.445036
     20       3     105         -7  20.688092   0.100000   0.445036   0.445036
     20       3     105         -8   6.200353   0.100000   0.445036   0.445036
     20       3     105         -9   2.878088   0.100000   0.445036   0.445036
     21       3     105  Conv  -10   0.920840   0.100000   0.545036   0.545036
     21       3     106         -1   9442.250   0.100000   0.545036   0.545036
     21       3     106         -2 555.366113   0.100000   0.545036   0.545036
     21       3     106         -3   1363.202   0.100000   0.545036   0.545036
     21       3     106         -4  72.971127   0.100000   0.545036   0.545036
     21       3     106         -5 171.408810   0.100000   0.545036   0.545036
     21       3     106         -6  23.460841   0.100000   0.545036   0.545036
     21       3     106         -7  44.375219   0.100000   0.545036   0.545036
     21       3     106         -8  34.513932   0.100000   0.545036   0.545036
     21       3     106         -9  35.310543   0.100000   0.545036   0.545036
     21       3     106        -10  34.504829   0.100000   0.545036   0.545036
     21       3     106          1  12652.662   0.100000   0.545036   0.545036
     21       3     106          2  86.350230   0.100000   0.545036   0.545036
     22       3     106  Conv    3   0.175135   0.100000   0.645036   0.645036
     22       3     107          1  15613.526   0.100000   0.645036   0.645036
     22       3     107          2  18.559538   0.100000   0.645036   0.645036
     23       3     107  Conv   -3   0.206534   0.100000   0.745036   0.745036
     23       3     108         -1  15916.772   0.100000   0.745036   0.745036
     23       3     108         -2   3069.227   0.100000   0.745036   0.745036
     23       3     108         -3   3123.152   0.100000   0.745036   0.745036
     23       3     108         -4 938.072139   0.100000   0.745036   0.745036
     23       3     108         -5 646.761323   0.100000   0.745036   0.745036
     23       3     108         -6 249.329101   0.100000   0.745036   0.745036
     23       3     108         -7 142.818529   0.100000   0.745036   0.745036
     23       3     108         -8  62.162425   0.100000   0.745036   0.745036
     23       3     108         -9  32.625693   0.100000   0.745036   0.745036
     23       3     108        -10  15.054426   0.100000   0.745036   0.745036
     23       3     108        -11   7.583968   0.100000   0.745036   0.745036
     23       3     108        -12   3.597662   0.100000   0.745036   0.745036
     23       3     108        -13   1.778055   0.100000   0.745036   0.745036
     24       3     108  Conv  -14   0.854499   0.100000   0.845036   0.845036
     24       3     109         -1  16234.483   0.100000   0.845036   0.845036
     24       3     109         -2   3124.992   0.100000   0.845036   0.845036
     24       3     109         -3   3205.486   0.100000   0.845036   0.845036
     24       3     109         -4 964.590750   0.100000   0.845036   0.845036
     24       3     109         -5 668.840319   0.100000   0.845036   0.845036
     24       3     109         -6 258.572619   0.100000   0.845036   0.845036
     24       3     109         -7 148.844378   0.100000   0.845036   0.845036
     24       3     109         -8  65.001470   0.100000   0.845036   0.845036
     24       3     109         -9  34.269995   0.100000   0.845036   0.845036
     24       3     109        -10  15.870633   0.100000   0.845036   0.845036
     24       3     109        -11   8.029415   0.100000   0.845036   0.845036
     24       3     109        -12   3.823474   0.100000   0.845036   0.845036
     24       3     109        -13   1.897509   0.100000   0.845036   0.845036
     25       3     109  Conv  -14   0.915466   0.100000   0.945036   0.945036
     25       3     110         -1   5461.992   0.054964   0.945036   0.945036
     25       3     110         -2 323.277512   0.054964   0.945036   0.945036
     25       3     110         -3 272.125484   0.054964   0.945036   0.945036
     25       3     110         -4  26.650018   0.054964   0.945036   0.945036
     25       3     110         -5  14.273791   0.054964   0.945036   0.945036
     25       3     110         -6   1.899992   0.054964   0.945036   0.945036
     26       3     110  Conv   -7   0.771393   0.054964   1.000000   1.000000

 NUMBER OF STIFFNESS FORMATIONS/SOLUTIONS  =         118

 TIME FOR INITIALIZING ANALYSIS            =        0.06
 TIME FOR CONTROLLING ANALYSIS             =        0.01
 TIME FOR UPDATING LOADS AND STATE         =        1.31
 TIME FOR FORMING STIFFNESS MATRIX         =        0.12
 TIME FOR SOLVING STIFFNESS MATRIX         =        4.16
 TIME FOR CALCULATING DISPLACEMENTS        =        0.97
 TIME FOR DETERMINING EVENTS               =        0.34
 TIME FOR SAVING RESULTS                   =        0.61
                                               ----------
 TOTAL TIME FOR THIS ANALYSIS              =        7.58


 N O N L I N E A R   S T A T I C   A N A L Y S I S                      00:10:17

 CASE: PUSHOVER_Y

 STARTING FROM ZERO (UNSTRESSED) INITIAL CONDITIONS

 LOAD CONTROL TYPE                         = DISPLACEMENT
 SAVE POSITIVE INCREMENTS ONLY             =         YES
 TYPE OF GEOMETRIC NONLINEARITY            = LARGE DISPLACEMENT AND P-DELTA
 USE EVENT STEPPING                        =         YES
 USE ITERATION                             =         YES
 USE LINE SEARCH                           =          NO
 EVENT LUMPING TOLERANCE                   =    0.000100
 FORCE CONVERGENCE TOLERANCE (RELATIVE)    =    0.000100

 Negative iterations are Constant-Stiffness
 Positive iterations are Newton-Raphson

  Saved    Null   Total  Iteration   Relative  Curr Step   Curr Sum    Max Sum
  Steps   Steps   Steps  this Step  Unbalance       Size   of Steps   of Steps
 (  100      20     200     -10/40   1.000000   0.100000   1.000000   1.000000)

      0       0       1         -1 292.642958   0.077347    .000000    .000000
      0       0       1         -2   1.024120   0.077347    .000000    .000000
      1       0       1  Conv   -3   0.441457   0.077347   0.077347   0.077347
      2       0       2  Conv   -1   0.453514   0.000915   0.078262   0.078262
      2       0       3         -1   1.234989   9.20E-05   0.078262   0.078262
      2       0       3         -2   1.157967   9.20E-05   0.078262   0.078262
      2       0       3  Conv   -3   0.117767   9.20E-05   0.078354   0.078354
      2       0       4         -1   1.180254   8.11E-06   0.078354   0.078354
      2       0       4         -2   1.179068   8.11E-06   0.078354   0.078354
      2       0       4  Conv   -3   0.022435   8.11E-06   0.078362   0.078362
      2       0       5         -1   1.386076   4.36E-05   0.078362   0.078362
      2       0       5  Conv   -2   0.549993   4.36E-05   0.078406   0.078406
      2       0       6  Conv   -1   0.234210   0.000101   0.078507   0.078507
      2       0       7  Conv   -1   0.659545   0.000155   0.078663   0.078663
      2       0       8  Conv   -1   0.956118   0.000151   0.078814   0.078814
      2       0       9         -1   1.280868   0.000151   0.078814   0.078814
      2       0       9  Conv   -2   0.836096   0.000151   0.078965   0.078965
      2       0      10         -1   1.530149   0.000134   0.078965   0.078965
      2       0      10  Conv   -2   0.832211   0.000134   0.079098   0.079098
      2       0      11         -1   1.628476   8.39E-06   0.079098   0.079098
      3       0      11  Conv   -2   0.778014   8.39E-06   0.079106   0.079106
      4       0      12  Conv   -1   0.395749   7.28E-05   0.079179   0.079179
      4       0      13  Conv   -1   0.294725   6.45E-06   0.079186   0.079186
      4       0      14  Conv   -1   0.632771   6.76E-06   0.079193   0.079193
      4       0      15         -1   1.014815   6.76E-06   0.079193   0.079193
      5       0      15  Conv   -2   0.399984   6.76E-06   0.079199   0.079199
      6       0      16  Conv   -1   0.100923   0.000104   0.079304   0.079304
      6       0      17  Conv   -1   0.411475   7.48E-05   0.079378   0.079378
      6       0      18  Conv   -1   0.798029   7.47E-05   0.079453   0.079453
      6       0      19         -1   1.188382   7.47E-05   0.079453   0.079453
      6       0      19  Conv   -2   0.425958   7.47E-05   0.079528   0.079528
      6       0      20  Conv   -1   0.189746   0.000327   0.079855   0.079855
      6       0      21  Conv   -1   0.355612   0.000133   0.079988   0.079988
      6       0      22  Conv   -1   0.672671   0.000133   0.080121   0.080121
      6       0      23         -1   1.006651   0.000133   0.080121   0.080121
      6       0      23  Conv   -2   0.724615   0.000133   0.080254   0.080254
      6       0      24  Conv   -1   0.272180   9.57E-06   0.080264   0.080264
      6       0      25  Conv   -1   0.575897   6.34E-05   0.080327   0.080327
      6       0      26  Conv   -1   0.947256   7.45E-05   0.080402   0.080402
      6       0      27         -1   1.330581   7.45E-05   0.080402   0.080402
      6       0      27  Conv   -2   0.411959   7.45E-05   0.080476   0.080476
      6       0      28  Conv   -1   0.166401   0.000141   0.080617   0.080617
      6       0      29  Conv   -1   0.349960   0.000133   0.080750   0.080750
      6       0      30  Conv   -1   0.673277   0.000133   0.080883   0.080883
      6       0      31         -1   1.312807   4.26E-05   0.080883   0.080883
      7       0      31  Conv   -2   0.503877   4.26E-05   0.080926   0.080926
      8       0      32  Conv   -1   0.101580   4.57E-05   0.080971   0.080971
      8       0      33  Conv   -1   0.638500   2.02E-05   0.080992   0.080992
      8       0      34         -1   1.193094   7.10E-05   0.080992   0.080992
      8       0      34  Conv   -2   0.586451   7.10E-05   0.081063   0.081063
      8       0      35  Conv   -1   0.182223   0.000126   0.081189   0.081189
      8       0      36  Conv   -1   0.464137   0.000127   0.081315   0.081315
      8       0      37  Conv   -1   0.942892   0.000127   0.081442   0.081442
      8       0      38         -1   1.432685   0.000126   0.081442   0.081442
      8       0      38  Conv   -2   0.750508   0.000126   0.081568   0.081568
      8       0      39  Conv   -1   0.343321   1.15E-05   0.081580   0.081580
      8       0      40         -1   1.242302   4.68E-05   0.081580   0.081580
      9       0      40  Conv   -2   0.677916   4.68E-05   0.081627   0.081627
     10       0      41  Conv   -1   0.289520   3.50E-05   0.081662   0.081662
     10       0      42         -1   1.056752   2.88E-05   0.081662   0.081662
     11       0      42  Conv   -2   0.861087   2.88E-05   0.081691   0.081691
     12       0      43  Conv   -1   0.648483   7.28E-05   0.081763   0.081763
     12       0      44  Conv   -1   0.953349   0.000115   0.081878   0.081878
     12       0      45         -1   1.532267   0.000115   0.081878   0.081878
     12       0      45  Conv   -2   0.913928   0.000115   0.081993   0.081993
     12       0      46  Conv   -1   0.894960   0.003597   0.085590   0.085590
     12       0      47  Conv   -1   0.729676   7.70E-05   0.085667   0.085667
     12       0      48         -1   1.204744   1.99E-05   0.085667   0.085667
     12       0      48         -2   1.062308   1.99E-05   0.085667   0.085667
     12       0      48  Conv   -3   0.337100   1.99E-05   0.085687   0.085687
     12       0      49         -1   1.067440   1.66E-05   0.085687   0.085687
     12       0      49         -2   1.015617   1.66E-05   0.085687   0.085687
     12       0      49  Conv   -3   0.145499   1.66E-05   0.085703   0.085703
     12       0      50  Conv   -1   0.795138   4.90E-05   0.085752   0.085752
     12       0      51         -1   1.569729   9.32E-07   0.085752   0.085752
     12       0      51         -2   1.113888   9.32E-07   0.085752   0.085752
     13       0      51  Conv   -3   0.382909   9.32E-07   0.085753   0.085753
     13       0      52         -1   1.052597   4.14E-05   0.085753   0.085753
     13       0      52         -2   1.082188   4.14E-05   0.085753   0.085753
     14       0      52  Conv   -3   0.843450   4.14E-05   0.085795   0.085795
     14       0      53         -1   1.127414   6.85E-06   0.085795   0.085795
     14       0      53         -2   1.176926   6.85E-06   0.085795   0.085795
     14       0      53  Conv   -3   0.367774   6.85E-06   0.085802   0.085802
     14       0      54         -1   1.076896   2.61E-05   0.085802   0.085802
     14       0      54         -2   1.072920   2.61E-05   0.085802   0.085802
     14       0      54  Conv   -3   0.104616   2.61E-05   0.085828   0.085828
     14       0      55  Conv   -1   0.489785   0.000369   0.086197   0.086197
     14       0      56         -1   1.182048   4.55E-05   0.086197   0.086197
     15       0      56  Conv   -2   0.952750   4.55E-05   0.086242   0.086242
     15       0      57         -1   1.013369   0.000152   0.086242   0.086242
     16       0      57  Conv   -2   0.570751   0.000152   0.086395   0.086395
     16       0      58         -1   1.087501   3.38E-05   0.086395   0.086395
     16       0      58         -2   1.034432   3.38E-05   0.086395   0.086395
     16       0      58  Conv   -3   0.039668   3.38E-05   0.086429   0.086429
     16       0      59         -1   1.360459   4.57E-06   0.086429   0.086429
     16       0      59         -2   1.370728   4.57E-06   0.086429   0.086429
     17       0      59  Conv   -3   0.418953   4.57E-06   0.086433   0.086433
     17       0      60         -1   1.671490   0.005314   0.086433   0.086433
     17       0      60  Conv   -2   0.369585   0.005314   0.091747   0.091747
     17       0      61  Conv   -1   0.240248   0.001694   0.093442   0.093442
     17       0      62  Conv   -1   0.734692   0.000256   0.093698   0.093698
     17       0      63         -1   1.218676   0.000318   0.093698   0.093698
     17       0      63  Conv   -2   0.516204   0.000318   0.094016   0.094016
     17       0      64         -1   1.255808   2.36E-05   0.094016   0.094016
     17       0      64         -2   1.249580   2.36E-05   0.094016   0.094016
     17       0      64  Conv   -3   0.197093   2.36E-05   0.094040   0.094040
     17       0      65  Conv   -1   0.599651   0.000200   0.094239   0.094239
     17       0      66         -1   1.651886   1.15E-05   0.094239   0.094239
     17       0      66         -2   1.423673   1.15E-05   0.094239   0.094239
     17       0      66  Conv   -3   0.244139   1.15E-05   0.094251   0.094251
     17       0      67         -1   1.545646   6.46E-06   0.094251   0.094251
     17       0      67         -2   1.557528   6.46E-06   0.094251   0.094251
     17       0      67  Conv   -3   0.316732   6.46E-06   0.094257   0.094257
     17       0      68         -1   1.637086   3.27E-06   0.094257   0.094257
     17       0      68         -2   1.594754   3.27E-06   0.094257   0.094257
     17       0      68         -3   1.162110   3.27E-06   0.094257   0.094257
     18       0      68  Conv   -4   0.898841   3.27E-06   0.094261   0.094261
     18       0      69         -1   1.039911   7.97E-05   0.094261   0.094261
     19       0      69  Conv   -2   0.602474   7.97E-05   0.094340   0.094340
     19       0      70  Conv   -1   0.284834   0.000456   0.094796   0.094796
     19       0      71  Conv   -1   0.593362   0.000488   0.095284   0.095284
     19       0      72         -1   1.330277   1.29E-05   0.095284   0.095284
     19       0      72         -2   1.374068   1.29E-05   0.095284   0.095284
     19       0      72         -3   1.274002   1.29E-05   0.095284   0.095284
     19       0      72         -4   1.064559   1.29E-05   0.095284   0.095284
     20       0      72  Conv   -5   0.925850   1.29E-05   0.095297   0.095297
     20       0      73         -1   1.811561   5.67E-07   0.095297   0.095297
     20       0      73         -2   3.322080  -5.67E-07   0.095297   0.095297
     21       0      73  Conv   -3   0.983624  -5.67E-07   0.095296   0.095297
     21       1      74         -1    .000000    .000000   0.095296   0.095297
     21       1      75         -1   2.022138   1.76E-06   0.095296   0.095297
     21       1      75  Conv   -2   0.980120   1.76E-06   0.095298   0.095298
     22       1      76  Conv   -1   0.235416   2.38E-05   0.095322   0.095322
     22       1      77  Conv   -1   0.986086   9.64E-06   0.095332   0.095332
     22       1      78         -1   1.911093   4.99E-06   0.095332   0.095332
     22       1      78         -2   1.115869   4.99E-06   0.095332   0.095332
     23       1      78  Conv   -3   0.391549   4.99E-06   0.095336   0.095336
     23       1      79         -1   1.093504   3.11E-05   0.095336   0.095336
     24       1      79  Conv   -2   0.972948   3.11E-05   0.095368   0.095368
     25       1      80  Conv   -1   0.195743   1.61E-05   0.095384   0.095384
     25       1      81         -1   1.094023   1.29E-06   0.095384   0.095384
     25       1      81         -2   1.207309   1.29E-06   0.095384   0.095384
     26       1      81  Conv   -3   0.720094   1.29E-06   0.095385   0.095385
     26       1      82         -1   1.265234   2.47E-06   0.095385   0.095385
     27       1      82  Conv   -2   0.685565   2.47E-06   0.095387   0.095387
     28       1      83  Conv   -1   0.519615   4.98E-06   0.095392   0.095392
     28       1      84         -1   1.441405   1.41E-06   0.095392   0.095392
     29       1      84  Conv   -2   0.970244   1.41E-06   0.095394   0.095394
     30       1      85  Conv   -1   0.205902   7.02E-06   0.095401   0.095401
     30       1      86         -1   1.090051   5.79E-06   0.095401   0.095401
     30       1      86         -2   1.018120   5.79E-06   0.095401   0.095401
     30       1      86  Conv   -3   0.397959   5.79E-06   0.095407   0.095407
     30       1      87         -1   1.001648   8.61E-06   0.095407   0.095407
     30       1      87         -2   1.186958   8.61E-06   0.095407   0.095407
     31       1      87  Conv   -3   0.525261   8.61E-06   0.095415   0.095415
     31       1      88         -1   1.256038   3.56E-08   0.095415   0.095415
     31       1      88         -2   1.546059  -3.56E-08   0.095415   0.095415
     31       1      88         -3   1.115843   3.56E-08   0.095415   0.095415
     32       1      88  Conv   -4   0.876535  -3.56E-08   0.095415   0.095415
     32       1      89         -1   1.373903   2.26E-07   0.095415   0.095415
     32       1      89         -2   1.228478   2.26E-07   0.095415   0.095415
     32       1      89  Conv   -3   0.904190   2.26E-07   0.095415   0.095415
     32       1      90         -1   1.272090   2.11E-06   0.095415   0.095415
     33       1      90  Conv   -2   0.878820   2.11E-06   0.095418   0.095418
     34       1      91  Conv   -1   0.468817   7.49E-06   0.095425   0.095425
     34       1      92         -1   1.315715   8.16E-06   0.095425   0.095425
     34       1      92         -2   1.007227   8.16E-06   0.095425   0.095425
     35       1      92  Conv   -3   0.310841   8.16E-06   0.095433   0.095433
     36       1      93  Conv   -1   0.945042   3.30E-05   0.095466   0.095466
     36       1      94         -1   1.780532   4.92E-05   0.095466   0.095466
     37       1      94  Conv   -2   0.888670   4.92E-05   0.095515   0.095515
     38       1      95  Conv   -1   0.490513   0.000126   0.095642   0.095642
     38       1      96  Conv   -1   0.741785   6.11E-05   0.095703   0.095703
     38       1      97         -1   1.310732   6.11E-05   0.095703   0.095703
     39       1      97  Conv   -2   0.807344   6.11E-05   0.095764   0.095764
     40       1      98  Conv   -1   0.518353   0.000470   0.096234   0.096234
     40       1      99  Conv   -1   0.724422   0.000102   0.096336   0.096336
     40       1     100         -1   1.192389   0.000102   0.096336   0.096336
     40       1     100  Conv   -2   0.778182   0.000102   0.096438   0.096438
     40       1     101         -1   1416.500   0.100000   0.096438   0.096438
     40       1     101         -2 949.615017   0.100000   0.096438   0.096438
     40       1     101         -3 558.753056   0.100000   0.096438   0.096438
     40       1     101         -4 323.255775   0.100000   0.096438   0.096438
     40       1     101         -5 198.268315   0.100000   0.096438   0.096438
     40       1     101         -6 115.842099   0.100000   0.096438   0.096438
     40       1     101         -7  66.010866   0.100000   0.096438   0.096438
     40       1     101         -8  39.236233   0.100000   0.096438   0.096438
     40       1     101         -9  23.287684   0.100000   0.096438   0.096438
     40       1     101        -10  13.899655   0.100000   0.096438   0.096438
     40       1     101         -1 954.734598   0.050000   0.096438   0.096438
     40       1     101         -2 391.376332   0.050000   0.096438   0.096438
     40       1     101         -3 208.404377   0.050000   0.096438   0.096438
     40       1     101         -4 112.755878   0.050000   0.096438   0.096438
     40       1     101         -5  60.966796   0.050000   0.096438   0.096438
     40       1     101         -6  35.678496   0.050000   0.096438   0.096438
     40       1     101         -7  21.118593   0.050000   0.096438   0.096438
     40       1     101         -8  12.629328   0.050000   0.096438   0.096438
     40       1     101         -9   7.592963   0.050000   0.096438   0.096438
     40       1     101        -10   4.578691   0.050000   0.096438   0.096438
     40       1     101          1 954.734598   0.050000   0.096438   0.096438
     40       1     101          2 223.029825   0.050000   0.096438   0.096438
     41       1     101  Conv    3   0.234421   0.050000   0.146438   0.146438
     41       1     102          1   4003.642   0.100000   0.146438   0.146438
     42       1     102  Conv   -2   0.516789   0.100000   0.246438   0.246438
     42       1     103         -1   4734.122   0.100000   0.246438   0.246438
     42       1     103         -2 706.006850   0.100000   0.246438   0.246438
     42       1     103         -3 623.659173   0.100000   0.246438   0.246438
     42       1     103         -4 109.106588   0.100000   0.246438   0.246438
     42       1     103         -5  62.422113   0.100000   0.246438   0.246438
     42       1     103         -6  14.313010   0.100000   0.246438   0.246438
     42       1     103         -7   6.450689   0.100000   0.246438   0.246438
     42       1     103         -8   1.741438   0.100000   0.246438   0.246438
     43       1     103  Conv   -9   0.688662   0.100000   0.346438   0.346438
     43       1     104         -1   6434.110   0.100000   0.346438   0.346438
     43       1     104         -2 897.875548   0.100000   0.346438   0.346438
     43       1     104         -3 781.216230   0.100000   0.346438   0.346438
     43       1     104         -4 137.195028   0.100000   0.346438   0.346438
     43       1     104         -5  78.237283   0.100000   0.346438   0.346438
     43       1     104         -6  17.943546   0.100000   0.346438   0.346438
     43       1     104         -7   8.110383   0.100000   0.346438   0.346438
     43       1     104         -8   2.178309   0.100000   0.346438   0.346438
     44       1     104  Conv   -9   0.870200   0.100000   0.446438   0.446438
     44       1     105         -1   8034.269   0.100000   0.446438   0.446438
     44       1     105         -2   1092.646   0.100000   0.446438   0.446438
     44       1     105         -3 930.192218   0.100000   0.446438   0.446438
     44       1     105         -4 167.075242   0.100000   0.446438   0.446438
     44       1     105         -5  92.883029   0.100000   0.446438   0.446438
     44       1     105         -6  22.510004   0.100000   0.446438   0.446438
     44       1     105         -7   9.653596   0.100000   0.446438   0.446438
     44       1     105         -8   3.247628   0.100000   0.446438   0.446438
     44       1     105         -9   1.316512   0.100000   0.446438   0.446438
     45       1     105  Conv  -10   0.751319   0.100000   0.546438   0.546438
     45       1     106         -1   9371.009   0.100000   0.546438   0.546438
     45       1     106         -2 751.390928   0.100000   0.546438   0.546438
     45       1     106         -3 947.451510   0.100000   0.546438   0.546438
     45       1     106         -4 266.272083   0.100000   0.546438   0.546438
     45       1     106         -5 290.051565   0.100000   0.546438   0.546438
     45       1     106         -6 272.460476   0.100000   0.546438   0.546438
     45       1     106         -7 274.507193   0.100000   0.546438   0.546438
     45       1     106         -8 274.076880   0.100000   0.546438   0.546438
     45       1     106         -9 274.234136   0.100000   0.546438   0.546438
     45       1     106        -10 274.234119   0.100000   0.546438   0.546438
     45       1     106          1  10308.110   0.100000   0.546438   0.546438
     45       1     106          2 327.643031   0.100000   0.546438   0.546438
     46       1     106  Conv    3   0.228405   0.100000   0.646438   0.646438
     46       1     107          1  11927.867   0.100000   0.646438   0.646438
     46       1     107          2  13.581437   0.100000   0.646438   0.646438
     47       1     107  Conv   -3   0.096300   0.100000   0.746438   0.746438
     47       1     108         -1  12136.100   0.100000   0.746438   0.746438
     47       1     108         -2   1775.676   0.100000   0.746438   0.746438
     47       1     108         -3   1668.287   0.100000   0.746438   0.746438
     47       1     108         -4 374.115122   0.100000   0.746438   0.746438
     47       1     108         -5 233.404036   0.100000   0.746438   0.746438
     47       1     108         -6  68.480913   0.100000   0.746438   0.746438
     47       1     108         -7  34.485985   0.100000   0.746438   0.746438
     47       1     108         -8  11.689578   0.100000   0.746438   0.746438
     47       1     108         -9   5.268349   0.100000   0.746438   0.746438
     47       1     108        -10   1.929027   0.100000   0.746438   0.746438
     48       1     108  Conv  -11   0.820604   0.100000   0.846438   0.846438
     48       1     109         -1  12386.692   0.100000   0.846438   0.846438
     48       1     109         -2   1813.625   0.100000   0.846438   0.846438
     48       1     109         -3   1714.243   0.100000   0.846438   0.846438
     48       1     109         -4 385.167389   0.100000   0.846438   0.846438
     48       1     109         -5 241.552256   0.100000   0.846438   0.846438
     48       1     109         -6  71.021432   0.100000   0.846438   0.846438
     48       1     109         -7  35.938451   0.100000   0.846438   0.846438
     48       1     109         -8  12.211272   0.100000   0.846438   0.846438
     48       1     109         -9   5.527981   0.100000   0.846438   0.846438
     48       1     109        -10   2.029615   0.100000   0.846438   0.846438
     49       1     109  Conv  -11   0.866963   0.100000   0.946438   0.946438
     49       1     110         -1   3958.588   0.053562   0.946438   0.946438
     49       1     110         -2 177.252531   0.053562   0.946438   0.946438
     49       1     110         -3 132.662960   0.053562   0.946438   0.946438
     49       1     110         -4   9.257242   0.053562   0.946438   0.946438
     49       1     110         -5   4.603674   0.053562   0.946438   0.946438
     50       1     110  Conv   -6   0.431962   0.053562   1.000000   1.000000

 NUMBER OF STIFFNESS FORMATIONS/SOLUTIONS  =         117

 TIME FOR INITIALIZING ANALYSIS            =        0.00
 TIME FOR CONTROLLING ANALYSIS             =        0.02
 TIME FOR UPDATING LOADS AND STATE         =        1.19
 TIME FOR FORMING STIFFNESS MATRIX         =        0.04
 TIME FOR SOLVING STIFFNESS MATRIX         =        4.35
 TIME FOR CALCULATING DISPLACEMENTS        =        0.91
 TIME FOR DETERMINING EVENTS               =        0.25
 TIME FOR SAVING RESULTS                   =        0.63
                                               ----------
 TOTAL TIME FOR THIS ANALYSIS              =        7.39


 A N A L Y S I S   C O M P L E T E                          2026/07/04  00:10:24
