

 SAP2000 v22.1.0 Ultimate 64-bit (Analysis Build 9798/64)
 File: D:\sap2000_generated_mo...ft050_RhoR040_Slab018_RhoS040_WallT030_L200.LOG




 B E G I N   A N A L Y S I S                                2026/06/16  21:30:32


 RUNNING ANALYSIS WITHIN THE GUI PROCESS
 USING THE ADVANCED SOLVER (PROVIDES LIMITED INSTABILITY INFORMATION)

 NUMBER OF JOINTS                          =         119
    WITH RESTRAINTS                        =          15
    WITH SPRINGS                           =          15
 NUMBER OF FRAME/CABLE/TENDON ELEMENTS     =         180
 NUMBER OF SHELL ELEMENTS                  =          49
 NUMBER OF CONSTRAINTS/WELDS               =           4
 NUMBER OF LOAD PATTERNS                   =           4
 NUMBER OF ACCELERATION LOADS              =           9
 NUMBER OF LOAD CASES                      =           2

 ADDRESSABLE PHYSICAL MEMORY (RAM)         =      15.842 GB

 PARALLELIZATION OF ANALYSIS OPERATIONS:
 (Env. variable SAPFIRE_NUM_THREADS        =           0)
 NUMBER OF THREADS: STATE (AUTOMATIC)      =           6
 NUMBER OF THREADS: STIFFNESS (AUTOMATIC)  =           6
 NUMBER OF THREADS: EVENT (AUTOMATIC)      =           6
 NUMBER OF THREADS: MOVE (AUTOMATIC)       =           6
 NUMBER OF THREADS: RESPONSE (AUTOMATIC)   =           6
 NUMBER OF THREADS: SOLVE (AUTOMATIC)      =           6
 NUMBER OF THREADS: FORM (AUTOMATIC)       =           6


 N O N L I N E A R   S T A T I C   A N A L Y S I S                      21:30:33

 CASE: PUSHOVER_X

 STARTING FROM ZERO (UNSTRESSED) INITIAL CONDITIONS

 LOAD CONTROL TYPE                         = DISPLACEMENT
 SAVE POSITIVE INCREMENTS ONLY             =         YES
 TYPE OF GEOMETRIC NONLINEARITY            = LARGE DISPLACEMENT AND P-DELTA
 USE EVENT STEPPING                        =         YES
 USE ITERATION                             =         YES
 USE LINE SEARCH                           =          NO
 EVENT LUMPING TOLERANCE                   =    0.000100
 FORCE CONVERGENCE TOLERANCE (RELATIVE)    =    0.000100


 E L E M E N T   F O R M A T I O N                                      21:30:33


 NUMBER OF COUPLED CONSTRAINT EQUATIONS    =           0

 Negative iterations are Constant-Stiffness
 Positive iterations are Newton-Raphson

  Saved    Null   Total  Iteration   Relative  Curr Step   Curr Sum    Max Sum
  Steps   Steps   Steps  this Step  Unbalance       Size   of Steps   of Steps
 (  100      20     200     -10/40   1.000000   0.100000   1.000000   1.000000)

      0       0       1         -1 201.333381   0.048813    .000000    .000000
      1       0       1  Conv   -2   0.777978   0.048813   0.048813   0.048813
      2       0       2  Conv   -1   0.774208   0.000664   0.049476   0.049476
      2       0       3  Conv   -1   0.776652   1.05E-05   0.049487   0.049487
      2       0       4  Conv   -1   0.779164   1.05E-05   0.049497   0.049497
      2       0       5  Conv   -1   0.781746   1.05E-05   0.049508   0.049508
      2       0       6  Conv   -1   0.784396   1.05E-05   0.049519   0.049519
      2       0       7  Conv   -1   0.787114   1.05E-05   0.049529   0.049529
      2       0       8  Conv   -1   0.789899   1.05E-05   0.049540   0.049540
      2       0       9  Conv   -1   0.792751   1.05E-05   0.049550   0.049550
      2       0      10  Conv   -1   0.795668   1.05E-05   0.049561   0.049561
      2       0      11  Conv   -1   0.798649   1.05E-05   0.049571   0.049571
      2       0      12  Conv   -1   0.801695   1.05E-05   0.049582   0.049582
      2       0      13  Conv   -1   0.804804   1.05E-05   0.049592   0.049592
      2       0      14  Conv   -1   0.807976   1.05E-05   0.049603   0.049603
      2       0      15  Conv   -1   0.811210   1.05E-05   0.049613   0.049613
      2       0      16  Conv   -1   0.814505   1.05E-05   0.049624   0.049624
      2       0      17  Conv   -1   0.817860   1.05E-05   0.049634   0.049634
      2       0      18  Conv   -1   0.821274   1.05E-05   0.049645   0.049645
      2       0      19  Conv   -1   0.824748   1.05E-05   0.049656   0.049656
      2       0      20  Conv   -1   0.828279   1.05E-05   0.049666   0.049666
      2       0      21  Conv   -1   0.831868   1.05E-05   0.049677   0.049677
      2       0      22  Conv   -1   0.835513   1.05E-05   0.049687   0.049687
      2       0      23  Conv   -1   0.839214   1.05E-05   0.049698   0.049698
      2       0      24  Conv   -1   0.842971   1.05E-05   0.049708   0.049708
      2       0      25  Conv   -1   0.846781   1.05E-05   0.049719   0.049719
      2       0      26  Conv   -1   0.850645   1.05E-05   0.049729   0.049729
      2       0      27  Conv   -1   0.854562   1.05E-05   0.049740   0.049740
      2       0      28  Conv   -1   0.858531   1.05E-05   0.049750   0.049750
      2       0      29  Conv   -1   0.862551   1.05E-05   0.049761   0.049761
      2       0      30  Conv   -1   0.866622   1.05E-05   0.049771   0.049771
      2       0      31  Conv   -1   0.870742   1.05E-05   0.049782   0.049782
      2       0      32  Conv   -1   0.874912   1.05E-05   0.049792   0.049792
      2       0      33  Conv   -1   0.879130   1.05E-05   0.049803   0.049803
      2       0      34  Conv   -1   0.883396   1.05E-05   0.049813   0.049813
      2       0      35  Conv   -1   0.887709   1.05E-05   0.049824   0.049824
      2       0      36  Conv   -1   0.892068   1.05E-05   0.049834   0.049834
      2       0      37  Conv   -1   0.896473   1.05E-05   0.049845   0.049845
      2       0      38  Conv   -1   0.900923   1.05E-05   0.049855   0.049855
      2       0      39  Conv   -1   0.905416   1.05E-05   0.049866   0.049866
      2       0      40  Conv   -1   0.909954   1.05E-05   0.049876   0.049876
      2       0      41  Conv   -1   0.914535   1.05E-05   0.049887   0.049887
      2       0      42  Conv   -1   0.919157   1.05E-05   0.049897   0.049897
      2       0      43  Conv   -1   0.923822   1.05E-05   0.049908   0.049908
      2       0      44  Conv   -1   0.928527   1.05E-05   0.049918   0.049918
      2       0      45  Conv   -1   0.933273   1.05E-05   0.049929   0.049929
      2       0      46  Conv   -1   0.938058   1.05E-05   0.049939   0.049939
      2       0      47  Conv   -1   0.942882   1.05E-05   0.049950   0.049950
      2       0      48  Conv   -1   0.947745   1.05E-05   0.049960   0.049960
      2       0      49         -1   1.159870   1.05E-05   0.049960   0.049960
      3       0      49  Conv   -2   0.889733   1.05E-05   0.049971   0.049971
      4       0      50  Conv   -1   0.066707   1.21E-05   0.049983   0.049983
      4       0      51  Conv   -1   0.652959   9.98E-06   0.049993   0.049993
      4       0      52         -1   1.239173   9.98E-06   0.049993   0.049993
      5       0      52  Conv   -2   0.571949   9.98E-06   0.050003   0.050003
      5       0      53         -1   1.226191   2.36E-05   0.050003   0.050003
      5       0      53  Conv   -2   0.708767   2.36E-05   0.050027   0.050027
      5       0      54  Conv   -1   0.882001   7.82E-05   0.050105   0.050105
      5       0      55         -1   1.566256   0.000179   0.050105   0.050105
      5       0      55  Conv   -2   0.598797   0.000179   0.050284   0.050284
      5       0      56         -1   1.934249   0.000225   0.050284   0.050284
      5       0      56  Conv   -2   0.387919   0.000225   0.050508   0.050508
      5       0      57  Conv   -1   0.527618   0.000591   0.051099   0.051099
      5       0      58  Conv   -1   0.892664   0.001945   0.053044   0.053044
      5       0      59         -1   1.322832   4.10E-05   0.053044   0.053044
      6       0      59  Conv   -2   0.523661   4.10E-05   0.053085   0.053085
      7       0      60  Conv   -1   0.665291   0.003116   0.056201   0.056201
      7       0      61  Conv   -1   0.738451   4.93E-05   0.056251   0.056251
      7       0      62  Conv   -1   0.994734   4.95E-05   0.056300   0.056300
      7       0      63         -1   1.333224   4.95E-05   0.056300   0.056300
      8       0      63  Conv   -2   0.440505   4.95E-05   0.056350   0.056350
      9       0      64  Conv   -1   0.190708   2.25E-05   0.056372   0.056372
      9       0      65  Conv   -1   0.643342   1.08E-05   0.056383   0.056383
      9       0      66         -1   1.135820   4.01E-05   0.056383   0.056383
     10       0      66  Conv   -2   0.614920   4.01E-05   0.056423   0.056423
     11       0      67  Conv   -1   0.187742   2.54E-05   0.056448   0.056448
     11       0      68  Conv   -1   0.572470   6.98E-06   0.056455   0.056455
     11       0      69         -1   1.063890   3.41E-07   0.056455   0.056455
     12       0      69  Conv   -2   0.526182   3.41E-07   0.056456   0.056456
     13       0      70  Conv   -1   0.265409   6.05E-06   0.056462   0.056462
     13       0      71  Conv   -1   0.604904   1.39E-06   0.056463   0.056463
     13       0      72         -1   1.098461   3.79E-06   0.056463   0.056463
     14       0      72  Conv   -2   0.465236   3.79E-06   0.056467   0.056467
     15       0      73  Conv   -1   0.067025   3.80E-05   0.056505   0.056505
     15       0      74  Conv   -1   0.542927   3.91E-05   0.056544   0.056544
     15       0      75         -1   1.042493   3.91E-05   0.056544   0.056544
     16       0      75  Conv   -2   0.535213   3.91E-05   0.056583   0.056583
     17       0      76  Conv   -1   0.131534   1.61E-05   0.056599   0.056599
     17       0      77  Conv   -1   0.550721   2.03E-05   0.056620   0.056620
     17       0      78         -1   1.045584   3.91E-05   0.056620   0.056620
     18       0      78  Conv   -2   0.624800   3.91E-05   0.056659   0.056659
     19       0      79  Conv   -1   0.809315   4.20E-05   0.056701   0.056701
     19       0      80         -1   1.290276   4.38E-05   0.056701   0.056701
     19       0      80  Conv   -2   0.916637   4.38E-05   0.056745   0.056745
     19       0      81  Conv   -1   0.847811   8.15E-06   0.056753   0.056753
     19       0      82         -1   1.112012   2.87E-05   0.056753   0.056753
     20       0      82  Conv   -2   0.997801   2.87E-05   0.056781   0.056781
     20       0      83         -1   1.275793   6.41E-05   0.056781   0.056781
     20       0      83         -2   2.053892  -6.41E-05   0.056781   0.056781
     20       0      83         -3   2.655470  -6.41E-05   0.056781   0.056781
     20       0      83         -4   3.451708  -6.41E-05   0.056781   0.056781
     20       0      83         -1   1.483784   3.20E-05   0.056781   0.056781
     20       0      83         -2   1.865311  -3.20E-05   0.056781   0.056781
     20       0      83         -3   1.914558  -3.20E-05   0.056781   0.056781
     20       0      83         -4   1.859983  -3.20E-05   0.056781   0.056781
     20       0      83         -5   1.720199  -3.20E-05   0.056781   0.056781
     20       0      83         -6   1.556491  -3.20E-05   0.056781   0.056781
     20       0      83         -7   1.387736  -3.20E-05   0.056781   0.056781
     20       0      83         -8   1.225412  -3.20E-05   0.056781   0.056781
     20       0      83         -9   1.075219  -3.20E-05   0.056781   0.056781
     21       0      83  Conv  -10   0.939459  -3.20E-05   0.056749   0.056781
     21       0      84  Conv   -1   0.939243   3.76E-05   0.056787   0.056787
     22       0      85  Conv   -1   0.939151   6.15E-06   0.056793   0.056793
     22       0      86  Conv   -1   0.939056   8.04E-06   0.056801   0.056801
     22       0      87  Conv   -1   0.939243   2.55E-05   0.056827   0.056827
     22       0      88  Conv   -1   0.939613   4.07E-06   0.056831   0.056831
     22       0      89  Conv   -1   0.939789   5.14E-06   0.056836   0.056836
     22       0      90  Conv   -1   0.939796   3.93E-06   0.056840   0.056840
     22       0      91  Conv   -1   0.939972   4.12E-06   0.056844   0.056844
     22       0      92  Conv   -1   0.940105   6.97E-05   0.056914   0.056914
     22       0      93  Conv   -1   0.939847   0.000181   0.057094   0.057094
     22       0      94  Conv   -1   0.972871   0.001914   0.059009   0.059009
     22       0      95  Conv   -1   0.981976   0.000797   0.059806   0.059806
     22       0      96  Conv   -1   0.979127   0.000506   0.060312   0.060312
     22       0      97  Conv   -1   0.978414   0.000169   0.060480   0.060480
     22       0      98  Conv   -1   0.977324   0.000219   0.060700   0.060700
     22       0      99         -1   1.142197   0.002116   0.060700   0.060700
     22       0      99  Conv   -2   0.041594   0.002116   0.062815   0.062815
     22       0     100  Conv   -1   0.087103   1.10E-05   0.062826   0.062826
     22       0     101         -1   1514.840   0.100000   0.062826   0.062826
     22       0     101         -2   1122.855   0.100000   0.062826   0.062826
     22       0     101         -3 894.477904   0.100000   0.062826   0.062826
     22       0     101         -4 677.593901   0.100000   0.062826   0.062826
     22       0     101         -5 474.209001   0.100000   0.062826   0.062826
     22       0     101         -6 326.998793   0.100000   0.062826   0.062826
     22       0     101         -7 211.432859   0.100000   0.062826   0.062826
     22       0     101         -8 135.537835   0.100000   0.062826   0.062826
     22       0     101         -9  88.054966   0.100000   0.062826   0.062826
     22       0     101        -10  57.422871   0.100000   0.062826   0.062826
     22       0     101         -1   1169.908   0.050000   0.062826   0.062826
     22       0     101         -2 658.812503   0.050000   0.062826   0.062826
     22       0     101         -3 403.973986   0.050000   0.062826   0.062826
     22       0     101         -4 237.649126   0.050000   0.062826   0.062826
     22       0     101         -5 149.012744   0.050000   0.062826   0.062826
     22       0     101         -6  94.613103   0.050000   0.062826   0.062826
     22       0     101         -7  60.547034   0.050000   0.062826   0.062826
     22       0     101         -8  38.943888   0.050000   0.062826   0.062826
     22       0     101         -9  25.124604   0.050000   0.062826   0.062826
     22       0     101        -10  16.239475   0.050000   0.062826   0.062826
     22       0     101          1   1169.908   0.050000   0.062826   0.062826
     22       0     101          2 545.410870   0.050000   0.062826   0.062826
     22       0     101          3   1.427629   0.050000   0.062826   0.062826
     23       0     101  Conv    4   0.001251   0.050000   0.112826   0.112826
     23       0     102          1   6263.373   0.100000   0.112826   0.112826
     23       0     102          2   1.337081   0.100000   0.112826   0.112826
     24       0     102  Conv   -3   0.004639   0.100000   0.212826   0.212826
     24       0     103         -1   7721.672   0.100000   0.212826   0.212826
     24       0     103         -2   1643.556   0.100000   0.212826   0.212826
     24       0     103         -3   1568.592   0.100000   0.212826   0.212826
     24       0     103         -4 467.740367   0.100000   0.212826   0.212826
     24       0     103         -5 306.854245   0.100000   0.212826   0.212826
     24       0     103         -6 105.188816   0.100000   0.212826   0.212826
     24       0     103         -7  56.359844   0.100000   0.212826   0.212826
     24       0     103         -8  22.038592   0.100000   0.212826   0.212826
     24       0     103         -9  10.721872   0.100000   0.212826   0.212826
     24       0     103        -10   4.476131   0.100000   0.212826   0.212826
     24       0     103        -11   2.078353   0.100000   0.212826   0.212826
     25       0     103  Conv  -12   0.896035   0.100000   0.312826   0.312826
     25       0     104         -1  10809.344   0.100000   0.312826   0.312826
     25       0     104         -2   1786.161   0.100000   0.312826   0.312826
     25       0     104         -3   1696.518   0.100000   0.312826   0.312826
     25       0     104         -4 360.038020   0.100000   0.312826   0.312826
     25       0     104         -5 262.628506   0.100000   0.312826   0.312826
     25       0     104         -6  70.402500   0.100000   0.312826   0.312826
     25       0     104         -7  42.152592   0.100000   0.312826   0.312826
     25       0     104         -8  13.118222   0.100000   0.312826   0.312826
     25       0     104         -9   6.926870   0.100000   0.312826   0.312826
     25       0     104        -10   2.372521   0.100000   0.312826   0.312826
     25       0     104        -11   1.156873   0.100000   0.312826   0.312826
     26       0     104  Conv  -12   0.421585   0.100000   0.412826   0.412826
     26       0     105         -1  12135.631   0.100000   0.412826   0.412826
     26       0     105         -2   1532.359   0.100000   0.412826   0.412826
     26       0     105         -3   2197.115   0.100000   0.412826   0.412826
     26       0     105         -4 650.314579   0.100000   0.412826   0.412826
     26       0     105         -5 584.198219   0.100000   0.412826   0.412826
     26       0     105         -6 516.706413   0.100000   0.412826   0.412826
     26       0     105         -7 516.693141   0.100000   0.412826   0.412826
     26       0     105         -8 532.612699   0.100000   0.412826   0.412826
     26       0     105         -9 537.697218   0.100000   0.412826   0.412826
     26       0     105        -10 544.099413   0.100000   0.412826   0.412826
     26       0     105          1  13349.194   0.100000   0.412826   0.412826
     26       0     105          2 553.883040   0.100000   0.412826   0.412826
     27       0     105  Conv    3   0.365510   0.100000   0.512826   0.512826
     27       0     106          1  13583.167   0.100000   0.512826   0.512826
     27       0     106          2  15.730727   0.100000   0.512826   0.512826
     28       0     106  Conv   -3   0.101806   0.100000   0.612826   0.612826
     28       0     107         -1  13967.665   0.100000   0.612826   0.612826
     28       0     107         -2   3084.403   0.100000   0.612826   0.612826
     28       0     107         -3   3136.408   0.100000   0.612826   0.612826
     28       0     107         -4   1057.510   0.100000   0.612826   0.612826
     28       0     107         -5 753.450575   0.100000   0.612826   0.612826
     28       0     107         -6 321.190504   0.100000   0.612826   0.612826
     28       0     107         -7 193.562415   0.100000   0.612826   0.612826
     28       0     107         -8  92.136512   0.100000   0.612826   0.612826
     28       0     107         -9  51.399239   0.100000   0.612826   0.612826
     28       0     107        -10  25.760356   0.100000   0.612826   0.612826
     28       0     107          1  15364.432   0.100000   0.612826   0.612826
     28       0     107          2  17.918803   0.100000   0.612826   0.612826
     29       0     107  Conv    3   0.108904   0.100000   0.712826   0.712826
     29       0     108          1  14434.544   0.100000   0.712826   0.712826
     29       0     108          2  20.488611   0.100000   0.712826   0.712826
     30       0     108  Conv    3   0.119195   0.100000   0.812826   0.812826
     30       0     109          1  15016.939   0.100000   0.812826   0.812826
     30       0     109          2  24.322902   0.100000   0.812826   0.812826
     31       0     109  Conv    3   0.144303   0.100000   0.912826   0.912826
     31       0     110          1  11883.542   0.087174   0.912826   0.912826
     31       0     110          2  22.574282   0.087174   0.912826   0.912826
     32       0     110  Conv   -3   0.120942   0.087174   1.000000   1.000000

 NUMBER OF STIFFNESS FORMATIONS/SOLUTIONS  =         127

 TIME FOR INITIALIZING ANALYSIS            =        0.09
 TIME FOR CONTROLLING ANALYSIS             =       15.73
 TIME FOR UPDATING LOADS AND STATE         =        1.01
 TIME FOR FORMING STIFFNESS MATRIX         =        0.05
 TIME FOR SOLVING STIFFNESS MATRIX         =      114.23
 TIME FOR CALCULATING DISPLACEMENTS        =        0.75
 TIME FOR DETERMINING EVENTS               =        0.16
 TIME FOR SAVING RESULTS                   =      208.95
                                               ----------
 TOTAL TIME FOR THIS ANALYSIS              =      340.97


 N O N L I N E A R   S T A T I C   A N A L Y S I S                      21:36:14

 CASE: PUSHOVER_Y

 STARTING FROM ZERO (UNSTRESSED) INITIAL CONDITIONS

 LOAD CONTROL TYPE                         = DISPLACEMENT
 SAVE POSITIVE INCREMENTS ONLY             =         YES
 TYPE OF GEOMETRIC NONLINEARITY            = LARGE DISPLACEMENT AND P-DELTA
 USE EVENT STEPPING                        =         YES
 USE ITERATION                             =         YES
 USE LINE SEARCH                           =          NO
 EVENT LUMPING TOLERANCE                   =    0.000100
 FORCE CONVERGENCE TOLERANCE (RELATIVE)    =    0.000100

 Negative iterations are Constant-Stiffness
 Positive iterations are Newton-Raphson

  Saved    Null   Total  Iteration   Relative  Curr Step   Curr Sum    Max Sum
  Steps   Steps   Steps  this Step  Unbalance       Size   of Steps   of Steps
 (  100      20     200     -10/40   1.000000   0.100000   1.000000   1.000000)

      0       0       1         -1 127.500602   0.043388    .000000    .000000
      1       0       1  Conv   -2   0.465296   0.043388   0.043388   0.043388
      2       0       2  Conv   -1   0.891235   0.000450   0.043839   0.043839
      2       0       3         -1   1.209749   6.67E-06   0.043839   0.043839
      3       0       3  Conv   -2   0.337436   6.67E-06   0.043845   0.043845
      4       0       4  Conv   -1   0.625018   0.000131   0.043976   0.043976
      4       0       5  Conv   -1   0.686453   5.48E-05   0.044031   0.044031
      4       0       6  Conv   -1   0.791985   3.81E-05   0.044069   0.044069
      4       0       7  Conv   -1   0.926660   3.81E-05   0.044107   0.044107
      4       0       8         -1   1.079602   3.81E-05   0.044107   0.044107
      5       0       8  Conv   -2   0.201668   3.81E-05   0.044145   0.044145
      6       0       9  Conv   -1   0.072119   0.000136   0.044281   0.044281
      6       0      10  Conv   -1   0.168752   0.000104   0.044385   0.044385
      6       0      11  Conv   -1   0.354014   5.45E-06   0.044390   0.044390
      6       0      12  Conv   -1   0.546113   2.94E-05   0.044420   0.044420
      6       0      13  Conv   -1   0.739456   3.51E-05   0.044455   0.044455
      6       0      14  Conv   -1   0.933239   3.51E-05   0.044490   0.044490
      6       0      15         -1   1.127206   3.51E-05   0.044490   0.044490
      7       0      15  Conv   -2   0.197556   3.51E-05   0.044525   0.044525
      8       0      16  Conv   -1   0.064161   0.000187   0.044712   0.044712
      8       0      17  Conv   -1   0.166533   7.11E-05   0.044783   0.044783
      8       0      18  Conv   -1   0.331482   7.11E-05   0.044854   0.044854
      8       0      19  Conv   -1   0.500459   7.10E-05   0.044925   0.044925
      8       0      20  Conv   -1   0.670351   7.10E-05   0.044996   0.044996
      8       0      21  Conv   -1   0.840544   7.09E-05   0.045067   0.045067
      8       0      22         -1   1.010837   7.09E-05   0.045067   0.045067
      8       0      22  Conv   -2   0.341224   7.09E-05   0.045138   0.045138
      8       0      23  Conv   -1   0.067134   2.89E-05   0.045166   0.045166
      8       0      24  Conv   -1   0.230085   1.88E-06   0.045168   0.045168
      8       0      25  Conv   -1   0.421316   3.51E-05   0.045203   0.045203
      8       0      26  Conv   -1   0.614943   3.51E-05   0.045239   0.045239
      8       0      27  Conv   -1   0.809205   3.51E-05   0.045274   0.045274
      8       0      28         -1   1.003703   3.50E-05   0.045274   0.045274
      9       0      28  Conv   -2   0.196501   3.50E-05   0.045309   0.045309
     10       0      29  Conv   -1   0.186645   5.09E-05   0.045359   0.045359
     10       0      30  Conv   -1   0.391236   0.000169   0.045528   0.045528
     10       0      31  Conv   -1   0.618476   6.81E-05   0.045596   0.045596
     10       0      32  Conv   -1   0.850228   6.81E-05   0.045664   0.045664
     10       0      33         -1   1.083532   6.80E-05   0.045664   0.045664
     11       0      33  Conv   -2   0.331130   6.80E-05   0.045732   0.045732
     12       0      34  Conv   -1   0.543314   0.000169   0.045901   0.045901
     12       0      35  Conv   -1   0.481364   0.000117   0.046018   0.046018
     12       0      36  Conv   -1   0.672900   0.001790   0.047808   0.047808
     12       0      37  Conv   -1   0.861704   3.74E-05   0.047845   0.047845
     12       0      38         -1   1.139268   1.60E-05   0.047845   0.047845
     13       0      38  Conv   -2   0.525913   1.60E-05   0.047861   0.047861
     14       0      39  Conv   -1   0.498200   0.000356   0.048217   0.048217
     14       0      40  Conv   -1   0.241466   2.25E-05   0.048239   0.048239
     14       0      41  Conv   -1   0.473853   1.12E-06   0.048241   0.048241
     14       0      42  Conv   -1   0.798596   3.04E-05   0.048271   0.048271
     14       0      43         -1   1.139231   3.03E-05   0.048271   0.048271
     15       0      43  Conv   -2   0.370298   3.03E-05   0.048301   0.048301
     16       0      44  Conv   -1   0.074880   6.06E-06   0.048307   0.048307
     16       0      45  Conv   -1   0.400839   2.07E-05   0.048328   0.048328
     16       0      46  Conv   -1   0.752233   2.81E-05   0.048356   0.048356
     16       0      47         -1   1.104986   2.81E-05   0.048356   0.048356
     17       0      47  Conv   -2   0.344892   2.81E-05   0.048384   0.048384
     18       0      48  Conv   -1   0.139346   1.45E-05   0.048399   0.048399
     18       0      49  Conv   -1   0.421591   1.05E-05   0.048409   0.048409
     18       0      50  Conv   -1   0.766369   2.81E-05   0.048437   0.048437
     18       0      51         -1   1.117148   2.81E-05   0.048437   0.048437
     19       0      51  Conv   -2   0.346952   2.81E-05   0.048466   0.048466
     20       0      52  Conv   -1   0.084634   2.38E-05   0.048489   0.048489
     20       0      53  Conv   -1   0.377533   2.65E-06   0.048492   0.048492
     20       0      54  Conv   -1   0.730340   2.51E-05   0.048517   0.048517
     20       0      55         -1   1.084678   2.82E-05   0.048517   0.048517
     21       0      55  Conv   -2   0.349644   2.82E-05   0.048545   0.048545
     22       0      56  Conv   -1   0.080089   2.17E-05   0.048567   0.048567
     22       0      57  Conv   -1   0.385476   1.83E-06   0.048569   0.048569
     22       0      58  Conv   -1   0.737789   2.82E-05   0.048597   0.048597
     22       0      59         -1   1.092470   2.82E-05   0.048597   0.048597
     23       0      59  Conv   -2   0.381824   2.82E-05   0.048625   0.048625
     24       0      60  Conv   -1   0.189787   4.34E-05   0.048669   0.048669
     24       0      61  Conv   -1   0.279358   3.81E-05   0.048707   0.048707
     24       0      62  Conv   -1   0.521271   3.81E-05   0.048745   0.048745
     24       0      63  Conv   -1   0.785448   3.81E-05   0.048783   0.048783
     24       0      64         -1   1.055233   3.81E-05   0.048783   0.048783
     25       0      64  Conv   -2   0.285076   3.81E-05   0.048821   0.048821
     26       0      65  Conv   -1   0.100320   0.000274   0.049095   0.049095
     26       0      66  Conv   -1   0.240343   5.13E-05   0.049146   0.049146
     26       0      67  Conv   -1   0.473973   5.13E-05   0.049197   0.049197
     26       0      68  Conv   -1   0.714547   5.13E-05   0.049249   0.049249
     26       0      69  Conv   -1   0.956766   5.13E-05   0.049300   0.049300
     26       0      70         -1   1.199573   5.12E-05   0.049300   0.049300
     27       0      70  Conv   -2   0.316848   5.12E-05   0.049351   0.049351
     28       0      71  Conv   -1   0.425126   3.01E-06   0.049354   0.049354
     28       0      72  Conv   -1   0.723234   2.31E-05   0.049377   0.049377
     28       0      73         -1   1.060167   2.74E-05   0.049377   0.049377
     29       0      73  Conv   -2   0.374935   2.74E-05   0.049405   0.049405
     30       0      74  Conv   -1   0.125959   2.76E-05   0.049432   0.049432
     30       0      75  Conv   -1   0.333458   6.94E-06   0.049439   0.049439
     30       0      76  Conv   -1   0.692276   1.87E-05   0.049458   0.049458
     30       0      77         -1   1.052054   2.75E-05   0.049458   0.049458
     31       0      77  Conv   -2   0.347131   2.75E-05   0.049485   0.049485
     32       0      78  Conv   -1   0.109508   6.82E-06   0.049492   0.049492
     32       0      79  Conv   -1   0.449344   1.89E-05   0.049511   0.049511
     32       0      80  Conv   -1   0.807896   2.75E-05   0.049539   0.049539
     32       0      81         -1   1.167985   2.75E-05   0.049539   0.049539
     33       0      81  Conv   -2   0.333582   2.75E-05   0.049566   0.049566
     34       0      82  Conv   -1   0.081837   1.59E-05   0.049582   0.049582
     34       0      83  Conv   -1   0.426226   7.54E-06   0.049590   0.049590
     34       0      84  Conv   -1   0.786564   2.76E-05   0.049617   0.049617
     34       0      85         -1   1.147864   2.76E-05   0.049617   0.049617
     35       0      85  Conv   -2   0.338744   2.76E-05   0.049645   0.049645
     36       0      86  Conv   -1   0.097598   2.65E-05   0.049671   0.049671
     36       0      87  Conv   -1   0.247026   3.84E-05   0.049710   0.049710
     36       0      88  Conv   -1   0.518714   3.84E-05   0.049748   0.049748
     36       0      89  Conv   -1   0.795933   3.83E-05   0.049786   0.049786
     36       0      90         -1   1.074343   3.83E-05   0.049786   0.049786
     37       0      90  Conv   -2   0.288303   3.83E-05   0.049825   0.049825
     38       0      91  Conv   -1   0.099870   0.000204   0.050028   0.050028
     38       0      92  Conv   -1   0.244362   5.16E-05   0.050080   0.050080
     38       0      93  Conv   -1   0.482174   5.16E-05   0.050131   0.050131
     38       0      94  Conv   -1   0.726748   5.15E-05   0.050183   0.050183
     38       0      95  Conv   -1   0.972919   5.15E-05   0.050235   0.050235
     38       0      96         -1   1.219660   5.15E-05   0.050235   0.050235
     39       0      96  Conv   -2   0.322131   5.15E-05   0.050286   0.050286
     40       0      97  Conv   -1   0.376376   7.46E-06   0.050293   0.050293
     40       0      98  Conv   -1   0.686507   1.68E-05   0.050310   0.050310
     40       0      99         -1   1.033357   2.76E-05   0.050310   0.050310
     41       0      99  Conv   -2   0.390253   2.76E-05   0.050338   0.050338
     42       0     100  Conv   -1   0.142556   2.93E-05   0.050367   0.050367
     42       0     101         -1   1275.153   0.100000   0.050367   0.050367
     42       0     101         -2   1297.510   0.100000   0.050367   0.050367
     42       0     101         -3   1059.232   0.100000   0.050367   0.050367
     42       0     101         -4 855.289500   0.100000   0.050367   0.050367
     42       0     101         -5 675.182987   0.100000   0.050367   0.050367
     42       0     101         -6 530.582381   0.100000   0.050367   0.050367
     42       0     101         -7 405.732164   0.100000   0.050367   0.050367
     42       0     101         -8 305.163036   0.100000   0.050367   0.050367
     42       0     101         -9 223.493501   0.100000   0.050367   0.050367
     42       0     101        -10 160.345916   0.100000   0.050367   0.050367
     42       0     101         -1   1521.651   0.050000   0.050367   0.050367
     42       0     101         -2 935.437343   0.050000   0.050367   0.050367
     42       0     101         -3 625.523860   0.050000   0.050367   0.050367
     42       0     101         -4 435.633311   0.050000   0.050367   0.050367
     42       0     101         -5 303.280764   0.050000   0.050367   0.050367
     42       0     101         -6 212.716302   0.050000   0.050367   0.050367
     42       0     101         -7 150.088985   0.050000   0.050367   0.050367
     42       0     101         -8 106.956778   0.050000   0.050367   0.050367
     42       0     101         -9  54.388210   0.050000   0.050367   0.050367
     42       0     101        -10  30.027141   0.050000   0.050367   0.050367
     42       0     101          1   1521.651   0.050000   0.050367   0.050367
     42       0     101          2 884.235005   0.050000   0.050367   0.050367
     42       0     101          3   4.558275   0.050000   0.050367   0.050367
     43       0     101  Conv    4   0.008579   0.050000   0.100367   0.100367
     43       0     102          1   5707.123   0.100000   0.100367   0.100367
     43       0     102          2   1.014441   0.100000   0.100367   0.100367
     44       0     102  Conv   -3   0.003324   0.100000   0.200367   0.200367
     44       0     103         -1   7222.317   0.100000   0.200367   0.200367
     44       0     103         -2   1322.027   0.100000   0.200367   0.200367
     44       0     103         -3   1179.441   0.100000   0.200367   0.200367
     44       0     103         -4 258.248774   0.100000   0.200367   0.200367
     44       0     103         -5 156.984378   0.100000   0.200367   0.200367
     44       0     103         -6  44.972227   0.100000   0.200367   0.200367
     44       0     103         -7  22.156138   0.100000   0.200367   0.200367
     44       0     103         -8   7.346534   0.100000   0.200367   0.200367
     44       0     103         -9   3.237846   0.100000   0.200367   0.200367
     44       0     103        -10   1.160236   0.100000   0.200367   0.200367
     45       0     103  Conv  -11   0.482632   0.100000   0.300367   0.300367
     45       0     104         -1   9015.837   0.100000   0.300367   0.300367
     45       0     104         -2   1273.899   0.100000   0.300367   0.300367
     45       0     104         -3   1127.863   0.100000   0.300367   0.300367
     45       0     104         -4 200.625958   0.100000   0.300367   0.300367
     45       0     104         -5 133.892517   0.100000   0.300367   0.300367
     45       0     104         -6  28.223115   0.100000   0.300367   0.300367
     45       0     104         -7  16.364475   0.100000   0.300367   0.300367
     45       0     104         -8   3.829430   0.100000   0.300367   0.300367
     45       0     104         -9   2.078757   0.100000   0.300367   0.300367
     46       0     104  Conv  -10   0.514500   0.100000   0.400367   0.400367
     46       0     105         -1  10214.764   0.100000   0.400367   0.400367
     46       0     105         -2   1461.602   0.100000   0.400367   0.400367
     46       0     105         -3   1575.114   0.100000   0.400367   0.400367
     46       0     105         -4 481.418590   0.100000   0.400367   0.400367
     46       0     105         -5 411.324463   0.100000   0.400367   0.400367
     46       0     105         -6 330.154264   0.100000   0.400367   0.400367
     46       0     105         -7 317.633254   0.100000   0.400367   0.400367
     46       0     105         -8 312.280389   0.100000   0.400367   0.400367
     46       0     105         -9 309.344782   0.100000   0.400367   0.400367
     46       0     105        -10 308.213243   0.100000   0.400367   0.400367
     46       0     105          1  11236.240   0.100000   0.400367   0.400367
     46       0     105          2   4.796714   0.100000   0.400367   0.400367
     47       0     105  Conv    3   0.007971   0.100000   0.500367   0.500367
     47       0     106          1  10858.686   0.100000   0.500367   0.500367
     47       0     106          2  12.698433   0.100000   0.500367   0.500367
     48       0     106  Conv   -3   0.056365   0.100000   0.600367   0.600367
     48       0     107         -1  11162.285   0.100000   0.600367   0.600367
     48       0     107         -2   1984.821   0.100000   0.600367   0.600367
     48       0     107         -3   1856.107   0.100000   0.600367   0.600367
     48       0     107         -4 492.927852   0.100000   0.600367   0.600367
     48       0     107         -5 319.019447   0.100000   0.600367   0.600367
     48       0     107         -6 108.636929   0.100000   0.600367   0.600367
     48       0     107         -7  58.114353   0.100000   0.600367   0.600367
     48       0     107         -8  22.500686   0.100000   0.600367   0.600367
     48       0     107         -9  10.938687   0.100000   0.600367   0.600367
     48       0     107        -10   4.522728   0.100000   0.600367   0.600367
     48       0     107        -11   2.096205   0.100000   0.600367   0.600367
     49       0     107  Conv  -12   0.895978   0.100000   0.700367   0.700367
     49       0     108         -1  11525.231   0.100000   0.700367   0.700367
     49       0     108         -2   2067.403   0.100000   0.700367   0.700367
     49       0     108         -3   1942.921   0.100000   0.700367   0.700367
     49       0     108         -4 519.994626   0.100000   0.700367   0.700367
     49       0     108         -5 338.623941   0.100000   0.700367   0.700367
     49       0     108         -6 116.081789   0.100000   0.700367   0.700367
     49       0     108         -7  62.523142   0.100000   0.700367   0.700367
     49       0     108         -8  24.360652   0.100000   0.700367   0.700367
     49       0     108         -9  11.925518   0.100000   0.700367   0.700367
     49       0     108        -10   4.961827   0.100000   0.700367   0.700367
     49       0     108        -11   2.315617   0.100000   0.700367   0.700367
     50       0     108  Conv  -12   0.996076   0.100000   0.800367   0.800367
     50       0     109         -1  11967.142   0.100000   0.800367   0.800367
     50       0     109         -2   2186.389   0.100000   0.800367   0.800367
     50       0     109         -3   2055.563   0.100000   0.800367   0.800367
     50       0     109         -4 557.604346   0.100000   0.800367   0.800367
     50       0     109         -5 364.930582   0.100000   0.800367   0.800367
     50       0     109         -6 126.450197   0.100000   0.800367   0.800367
     50       0     109         -7  68.592600   0.100000   0.800367   0.800367
     50       0     109         -8  26.980091   0.100000   0.800367   0.800367
     50       0     109         -9  13.313427   0.100000   0.800367   0.800367
     50       0     109        -10   5.589036   0.100000   0.800367   0.800367
     50       0     109        -11   2.630119   0.100000   0.800367   0.800367
     50       0     109        -12   1.141261   0.100000   0.800367   0.800367
     51       0     109  Conv  -13   0.524451   0.100000   0.900367   0.900367
     51       0     110         -1  12382.369   0.099633   0.900367   0.900367
     51       0     110         -2   2295.039   0.099633   0.900367   0.900367
     51       0     110         -3   2157.488   0.099633   0.900367   0.900367
     51       0     110         -4 590.819851   0.099633   0.900367   0.900367
     51       0     110         -5 388.243170   0.099633   0.900367   0.900367
     51       0     110         -6 135.494123   0.099633   0.900367   0.900367
     51       0     110         -7  73.915711   0.099633   0.900367   0.900367
     51       0     110         -8  29.257352   0.099633   0.900367   0.900367
     51       0     110         -9  14.526368   0.099633   0.900367   0.900367
     51       0     110        -10   6.135143   0.099633   0.900367   0.900367
     51       0     110        -11   2.905277   0.099633   0.900367   0.900367
     51       0     110        -12   1.268240   0.099633   0.900367   0.900367
     52       0     110  Conv  -13   0.586465   0.099633   1.000000   1.000000

 NUMBER OF STIFFNESS FORMATIONS/SOLUTIONS  =         119

 TIME FOR INITIALIZING ANALYSIS            =        2.37
 TIME FOR CONTROLLING ANALYSIS             =        0.04
 TIME FOR UPDATING LOADS AND STATE         =        0.91
 TIME FOR FORMING STIFFNESS MATRIX         =        0.08
 TIME FOR SOLVING STIFFNESS MATRIX         =      154.68
 TIME FOR CALCULATING DISPLACEMENTS        =        0.68
 TIME FOR DETERMINING EVENTS               =        0.21
 TIME FOR SAVING RESULTS                   =       71.39
                                               ----------
 TOTAL TIME FOR THIS ANALYSIS              =      230.36


 A N A L Y S I S   C O M P L E T E                          2026/06/16  21:40:11
