

 SAP2000 v22.1.0 Ultimate 64-bit (Analysis Build 9798/64)
 File: D:\sap2000_generated_mo...008_PushD035_SoilZE_Raft050_Slab023_RhoS025.LOG




 B E G I N   A N A L Y S I S                                2026/06/11  09:39:39


 RUNNING ANALYSIS WITHIN THE GUI PROCESS
 USING THE ADVANCED SOLVER (PROVIDES LIMITED INSTABILITY INFORMATION)

 NUMBER OF JOINTS                          =          79
    WITH RESTRAINTS                        =          15
    WITH SPRINGS                           =          15
 NUMBER OF FRAME/CABLE/TENDON ELEMENTS     =         148
 NUMBER OF SHELL ELEMENTS                  =          33
 NUMBER OF CONSTRAINTS/WELDS               =           4
 NUMBER OF LOAD PATTERNS                   =           4
 NUMBER OF ACCELERATION LOADS              =           9
 NUMBER OF LOAD CASES                      =           2

 ADDRESSABLE PHYSICAL MEMORY (RAM)         =      15.842 GB

 PARALLELIZATION OF ANALYSIS OPERATIONS:
 (Env. variable SAPFIRE_NUM_THREADS        =           0)
 NUMBER OF THREADS: STATE (AUTOMATIC)      =           6
 NUMBER OF THREADS: STIFFNESS (AUTOMATIC)  =           6
 NUMBER OF THREADS: EVENT (AUTOMATIC)      =           6
 NUMBER OF THREADS: MOVE (AUTOMATIC)       =           6
 NUMBER OF THREADS: RESPONSE (AUTOMATIC)   =           6
 NUMBER OF THREADS: SOLVE (AUTOMATIC)      =           6
 NUMBER OF THREADS: FORM (AUTOMATIC)       =           6


 N O N L I N E A R   S T A T I C   A N A L Y S I S                      09:39:39

 CASE: PUSHOVER_X

 STARTING FROM ZERO (UNSTRESSED) INITIAL CONDITIONS

 LOAD CONTROL TYPE                         = DISPLACEMENT
 SAVE POSITIVE INCREMENTS ONLY             =         YES
 TYPE OF GEOMETRIC NONLINEARITY            = LARGE DISPLACEMENT AND P-DELTA
 USE EVENT STEPPING                        =         YES
 USE ITERATION                             =         YES
 USE LINE SEARCH                           =          NO
 EVENT LUMPING TOLERANCE                   =    0.000100
 FORCE CONVERGENCE TOLERANCE (RELATIVE)    =    0.000100


 E L E M E N T   F O R M A T I O N                                      09:39:39


 NUMBER OF COUPLED CONSTRAINT EQUATIONS    =           0

 Negative iterations are Constant-Stiffness
 Positive iterations are Newton-Raphson

  Saved    Null   Total  Iteration   Relative  Curr Step   Curr Sum    Max Sum
  Steps   Steps   Steps  this Step  Unbalance       Size   of Steps   of Steps
 (  100      20     200     -10/40   1.000000   0.100000   1.000000   1.000000)

      0       0       1         -1 119.797371   0.097515    .000000    .000000
      0       0       1         -2   1.772487   0.097515    .000000    .000000
      1       0       1  Conv   -3   0.138243   0.097515   0.097515   0.097515
      2       0       2  Conv   -1   0.135758   0.000171   0.097687   0.097687
      2       0       3  Conv   -1   0.148303   0.000360   0.098046   0.098046
      2       0       4  Conv   -1   0.161596   0.000670   0.098717   0.098717
      2       0       5  Conv   -1   0.154850   0.000393   0.099110   0.099110
      2       0       6  Conv   -1   0.157723   0.000217   0.099327   0.099327
      2       0       7  Conv   -1   0.167575   0.001126   0.100453   0.100453
      2       0       8  Conv   -1   0.192342   0.002009   0.102461   0.102461
      2       0       9  Conv   -1   0.206633   0.001084   0.103545   0.103545
      2       0      10  Conv   -1   0.218719   0.001278   0.104823   0.104823
      2       0      11  Conv   -1   0.235800   0.000671   0.105494   0.105494
      2       0      12  Conv   -1   0.706061   0.001914   0.107408   0.107408
      2       0      13         -1   2.268674   0.000229   0.107408   0.107408
      2       0      13  Conv   -2   0.637896   0.000229   0.107636   0.107636
      2       0      14         -1   1.486386   0.001325   0.107636   0.107636
      2       0      14  Conv   -2   0.670194   0.001325   0.108962   0.108962
      2       0      15  Conv   -1   0.269691   0.002117   0.111079   0.111079
      2       0      16  Conv   -1   0.793133   0.000152   0.111230   0.111230
      2       0      17         -1   1.456469   0.000151   0.111230   0.111230
      2       0      17  Conv   -2   0.800145   0.000151   0.111382   0.111382
      2       0      18  Conv   -1   0.529379   0.000561   0.111943   0.111943
      2       0      19  Conv   -1   0.814239   0.000153   0.112097   0.112097
      2       0      20         -1   1.337018   0.000153   0.112097   0.112097
      2       0      20         -2   1.384670   0.000153   0.112097   0.112097
      2       0      20         -3   1.012240   0.000153   0.112097   0.112097
      2       0      20         -4   1.159505   0.000153   0.112097   0.112097
      2       0      20         -5   1.159505   0.000153   0.112097   0.112097
      2       0      20         -6   1.159506   0.000153   0.112097   0.112097
      2       1      20         -1    .000000    .000000   0.112097   0.112097
      2       1      21         -1   1.229216   7.66E-05   0.112097   0.112097
      2       1      21  Conv   -2   0.001068   7.66E-05   0.112173   0.112173
      2       1      22         -1   0.004983   0.000153   0.112173   0.112173
      2       1      22  Conv   -1   0.005616   0.000201   0.112374   0.112374
      2       1      23  Conv   -1   0.010100   0.000157   0.112531   0.112531
      2       1      24  Conv   -1   0.021667   0.000840   0.113371   0.113371
      2       1      25  Conv   -1   0.054682   0.000265   0.113636   0.113636
      2       1      26  Conv   -1   0.053021   0.000544   0.114180   0.114180
      2       1      27  Conv   -1   0.082829   0.002328   0.116508   0.116508
      2       1      28  Conv   -1   0.100476   4.53E-05   0.116553   0.116553
      2       1      29  Conv   -1   0.108145   0.000258   0.116811   0.116811
      3       1      30  Conv   -1   0.120351   0.000754   0.117565   0.117565
      3       1      31  Conv   -1   0.237174   0.002150   0.119715   0.119715
      3       1      32         -1   1.418776   0.005066   0.119715   0.119715
      3       1      32  Conv   -2   0.089446   0.005066   0.124781   0.124781
      3       1      33  Conv   -1   0.220741   0.000836   0.125617   0.125617
      3       1      34  Conv   -1   0.406371   0.002371   0.127988   0.127988
      3       1      35  Conv   -1   0.586843   0.002034   0.130022   0.130022
      3       1      36  Conv   -1   0.757148   0.001944   0.131966   0.131966
      3       1      37  Conv   -1   0.873006   0.001205   0.133171   0.133171
      3       1      38  Conv   -1   0.980568   0.000835   0.134006   0.134006
      3       1      39         -1   1.097353   0.001074   0.134006   0.134006
      3       1      39  Conv   -2   0.103935   0.001074   0.135080   0.135080
      3       1      40  Conv   -1   0.386606   0.002826   0.137906   0.137906
      3       1      41  Conv   -1   0.964765   0.003356   0.141262   0.141262
      3       1      42         -1   1.005116   0.000721   0.141262   0.141262
      3       1      42  Conv   -2   0.138477   0.000721   0.141983   0.141983
      3       1      43  Conv   -1   0.039138   0.000797   0.142780   0.142780
      3       1      44  Conv   -1   0.831055   0.003862   0.146641   0.146641
      3       1      45  Conv   -1   0.880297   0.000648   0.147289   0.147289
      3       1      46  Conv   -1   0.953631   0.000309   0.147599   0.147599
      3       1      47         -1   1.061802   0.000766   0.147599   0.147599
      3       1      47  Conv   -2   0.148694   0.000766   0.148365   0.148365
      3       1      48  Conv   -1   0.084675   9.20E-05   0.148457   0.148457
      3       1      49  Conv   -1   0.273335   0.000150   0.148606   0.148606
      3       1      50  Conv   -1   0.461717   0.000772   0.149379   0.149379
      4       1      51  Conv   -1   0.652479   0.000310   0.149688   0.149688
      4       1      52  Conv   -1   0.826900   0.000967   0.150655   0.150655
      4       1      53  Conv   -1   0.972142   0.001109   0.151764   0.151764
      4       1      54         -1   1.150364   0.000295   0.151764   0.151764
      4       1      54  Conv   -2   0.235133   0.000295   0.152059   0.152059
      4       1      55  Conv   -1   0.343334   0.001669   0.153727   0.153727
      4       1      56  Conv   -1   0.569602   0.001512   0.155239   0.155239
      4       1      57         -1   2.792033   0.004734   0.155239   0.155239
      4       1      57  Conv   -2   0.115845   0.004734   0.159973   0.159973
      4       1      58  Conv   -1   0.972944   0.002867   0.162840   0.162840
      4       1      59         -1   2.644479   0.004070   0.162840   0.162840
      4       1      59  Conv   -2   0.217352   0.004070   0.166910   0.166910
      4       1      60  Conv   -1   0.438121   0.000613   0.167523   0.167523
      4       1      61         -1   1.106282   0.001707   0.167523   0.167523
      4       1      61  Conv   -2   0.563214   0.001707   0.169230   0.169230
      5       1      62  Conv   -1   0.711307   0.000716   0.169947   0.169947
      5       1      63         -1   1.354025   0.000296   0.169947   0.169947
      5       1      63  Conv   -2   0.851481   0.000296   0.170243   0.170243
      5       1      64  Conv   -1   0.446515   0.001376   0.171619   0.171619
      5       1      65  Conv   -1   0.881335   0.000424   0.172043   0.172043
      5       1      66         -1   1.704178   1.81E-05   0.172043   0.172043
      5       1      66         -2   3.202985   1.81E-05   0.172043   0.172043
      5       1      66         -3  13.332831   1.81E-05   0.172043   0.172043
      5       1      66         -4  35.465045   1.81E-05   0.172043   0.172043
      5       1      66         -1   1.075797    .000000   0.172043   0.172043
      5       1      66         -2   4.129388    .000000   0.172043   0.172043
      5       1      66         -3  20.143371    .000000   0.172043   0.172043
      5       1      66         -4  66.751644    .000000   0.172043   0.172043
      5       2      67         -1  71.822365   9.07E-06   0.172043   0.172043
      5       2      67         -2 537.750947   9.07E-06   0.172043   0.172043
      5       2      67         -3   1858.074   9.07E-06   0.172043   0.172043
      5       2      67         -4   7601.062   9.07E-06   0.172043   0.172043
      5       2      67         -5  25016.664   9.07E-06   0.172043   0.172043
      5       2      67         -6  19792.720   9.07E-06   0.172043   0.172043
      5       2      67         -7  13562.558   9.07E-06   0.172043   0.172043
      5       2      67         -8  15290.378   9.07E-06   0.172043   0.172043
      5       2      67         -9  19312.368   9.07E-06   0.172043   0.172043
      5       2      67        -10  18727.423   9.07E-06   0.172043   0.172043
      5       2      67         -1  77.599299   4.54E-06   0.172043   0.172043
      5       2      67         -2 538.930105   4.54E-06   0.172043   0.172043
      5       2      67         -3   1863.632   4.54E-06   0.172043   0.172043
      5       2      67         -4   7616.364   4.54E-06   0.172043   0.172043
      5       2      67          1  77.616052   4.54E-06   0.172043   0.172043
      5       2      67          2 160.793360   4.54E-06   0.172043   0.172043
      5       2      67          3  36.641701   4.54E-06   0.172043   0.172043
      5       2      67          4   5.296314   4.54E-06   0.172043   0.172043
      6       2      67  Conv    5   0.001019   4.54E-06   0.172047   0.172047
      6       2      68         -1   0.001123   9.07E-06   0.172047   0.172047
      6       2      68         -1   0.001344   1.81E-05   0.172047   0.172047
      6       2      68         -1   0.003398   7.26E-05   0.172047   0.172047
      7       2      68  Conv   -1   0.012091   0.000286   0.172333   0.172333
      7       2      69  Conv   -1   0.013690   1.75E-05   0.172351   0.172351
      7       2      70  Conv   -1   0.014379   1.04E-05   0.172361   0.172361
      7       2      71  Conv   -1   0.016390   4.03E-05   0.172402   0.172402
      7       2      72  Conv   -1   0.018229   2.80E-05   0.172430   0.172430
      7       2      73  Conv   -1   0.020166   2.69E-05   0.172457   0.172457
      7       2      74  Conv   -1   0.022610   3.56E-05   0.172492   0.172492
      7       2      75  Conv   -1   0.025898   4.89E-05   0.172541   0.172541
      7       2      76  Conv   -1   0.028888   3.97E-05   0.172581   0.172581
      7       2      77  Conv   -1   0.033243   3.71E-05   0.172618   0.172618
      8       2      78  Conv   -1   0.036237   5.63E-06   0.172623   0.172623
      8       2      79  Conv   -1   0.038526   2.81E-05   0.172652   0.172652
      8       2      80  Conv   -1   0.050920   6.54E-05   0.172717   0.172717
      8       2      81  Conv   -1   0.066296   7.86E-06   0.172725   0.172725
      8       2      82  Conv   -1   0.079794   4.29E-05   0.172768   0.172768
      8       2      83  Conv   -1   0.090730   1.83E-05   0.172786   0.172786
      8       2      84  Conv   -1   0.097534   1.78E-05   0.172804   0.172804
      9       2      85  Conv   -1   0.104971   4.15E-05   0.172845   0.172845
      9       2      86  Conv   -1   0.111903   2.91E-05   0.172874   0.172874
      9       2      87  Conv   -1   0.110275   3.88E-05   0.172913   0.172913
      9       2      88  Conv   -1   0.109610   7.53E-05   0.172988   0.172988
      9       2      89  Conv   -1   0.111505   7.19E-05   0.173060   0.173060
      9       2      90  Conv   -1   0.115344   3.69E-05   0.173097   0.173097
      9       2      91  Conv   -1   0.119473   2.81E-05   0.173125   0.173125
      9       2      92  Conv   -1   0.124618   3.01E-05   0.173155   0.173155
      9       2      93  Conv   -1   0.139387   0.000112   0.173267   0.173267
     10       2      94  Conv   -1   0.146766   5.27E-05   0.173320   0.173320
     10       2      95         -1  15.810302   0.007883   0.173320   0.173320
     11       2      95  Conv   -2   0.622707   0.007883   0.181203   0.181203
     11       2      96         -1  69.994856   0.016213   0.181203   0.181203
     11       2      96         -2   1.086341   0.016213   0.181203   0.181203
     11       2      96  Conv   -3   0.441348   0.016213   0.197416   0.197416
     11       2      97         -1   2.145066   0.000436   0.197416   0.197416
     11       2      97         -2   2.047227   0.000436   0.197416   0.197416
     11       2      97  Conv   -3   0.051391   0.000436   0.197852   0.197852
     11       2      98         -1 590.481505   0.045665   0.197852   0.197852
     11       2      98         -2  32.165691   0.045665   0.197852   0.197852
     11       2      98         -3  24.664745   0.045665   0.197852   0.197852
     11       2      98         -4   1.746707   0.045665   0.197852   0.197852
     11       2      98         -5   1.123584   0.045665   0.197852   0.197852
     11       2      98  Conv   -6   0.281390   0.045665   0.243517   0.243517
     11       2      99         -1 102.485840   0.017102   0.243517   0.243517
     11       2      99         -2   4.681318   0.017102   0.243517   0.243517
     11       2      99  Conv   -3   0.956475   0.017102   0.260619   0.260619
     11       2     100         -1   3438.827   0.098266   0.260619   0.260619
     11       2     100         -2 701.590668   0.098266   0.260619   0.260619
     11       2     100         -3 575.074146   0.098266   0.260619   0.260619
     11       2     100         -4  81.626777   0.098266   0.260619   0.260619
     11       2     100         -5 125.403392   0.098266   0.260619   0.260619
     11       2     100         -6  44.641684   0.098266   0.260619   0.260619
     11       2     100         -7  40.143029   0.098266   0.260619   0.260619
     11       2     100         -8  17.208883   0.098266   0.260619   0.260619
     11       2     100         -9  11.554189   0.098266   0.260619   0.260619
     11       2     100        -10   5.560377   0.098266   0.260619   0.260619
     11       2     100        -11   3.422467   0.098266   0.260619   0.260619
     11       2     100         -1   1172.503   0.049133   0.260619   0.260619
     11       2     100         -2  65.388148   0.049133   0.260619   0.260619
     11       2     100         -3  43.058062   0.049133   0.260619   0.260619
     11       2     100         -4   3.611653   0.049133   0.260619   0.260619
     11       2     100         -5   1.586013   0.049133   0.260619   0.260619
     11       2     100  Conv   -6   0.176282   0.049133   0.309752   0.309752
     11       2     101         -1   4461.260   0.098266   0.309752   0.309752
     11       2     101         -2 868.648542   0.098266   0.309752   0.309752
     11       2     101         -3 531.915315   0.098266   0.309752   0.309752
     11       2     101         -4 132.605041   0.098266   0.309752   0.309752
     11       2     101         -5  55.522981   0.098266   0.309752   0.309752
     11       2     101         -6  33.333729   0.098266   0.309752   0.309752
     11       2     101         -7  14.949227   0.098266   0.309752   0.309752
     11       2     101         -8  16.501824   0.098266   0.309752   0.309752
     11       2     101         -9  11.941644   0.098266   0.309752   0.309752
     11       2     101        -10  10.302742   0.098266   0.309752   0.309752
     11       2     101         -1   1308.749   0.049133   0.309752   0.309752
     11       2     101         -2  91.424676   0.049133   0.309752   0.309752
     11       2     101         -3  43.689074   0.049133   0.309752   0.309752
     11       2     101         -4   6.067726   0.049133   0.309752   0.309752
     11       2     101         -5   5.159429   0.049133   0.309752   0.309752
     11       2     101         -6   2.474118   0.049133   0.309752   0.309752
     11       2     101         -7   1.412409   0.049133   0.309752   0.309752
     12       2     101  Conv   -8   0.757635   0.049133   0.358885   0.358885
     12       2     102         -1   4879.611   0.098266   0.358885   0.358885
     12       2     102         -2   1355.598   0.098266   0.358885   0.358885
     12       2     102         -3 686.132916   0.098266   0.358885   0.358885
     12       2     102         -4 353.460769   0.098266   0.358885   0.358885
     12       2     102         -5 185.986357   0.098266   0.358885   0.358885
     12       2     102         -6 177.065499   0.098266   0.358885   0.358885
     12       2     102         -7 125.093921   0.098266   0.358885   0.358885
     12       2     102         -8 103.605508   0.098266   0.358885   0.358885
     12       2     102         -9  78.814210   0.098266   0.358885   0.358885
     12       2     102        -10  62.178806   0.098266   0.358885   0.358885
     12       2     102         -1   1422.490   0.049133   0.358885   0.358885
     12       2     102         -2 244.407272   0.049133   0.358885   0.358885
     12       2     102         -3 139.672916   0.049133   0.358885   0.358885
     12       2     102         -4 128.578308   0.049133   0.358885   0.358885
     12       2     102         -5 104.837849   0.049133   0.358885   0.358885
     12       2     102         -6  85.149526   0.049133   0.358885   0.358885
     12       2     102         -7  67.782696   0.049133   0.358885   0.358885
     12       2     102         -8  53.451317   0.049133   0.358885   0.358885
     12       2     102         -9  41.842028   0.049133   0.358885   0.358885
     12       2     102        -10  32.589149   0.049133   0.358885   0.358885
     12       2     102          1   1422.490   0.049133   0.358885   0.358885
     12       2     102          2   8.370076   0.049133   0.358885   0.358885
     12       2     102  Conv    3   0.089086   0.049133   0.408018   0.408018
     12       2     103          1   4408.418   0.098266   0.408018   0.408018
     12       2     103  Conv   -2   0.642080   0.098266   0.506284   0.506284
     12       2     104         -1   4876.059   0.100000   0.506284   0.506284
     12       2     104         -2   1984.552   0.100000   0.506284   0.506284
     12       2     104         -3   1234.265   0.100000   0.506284   0.506284
     12       2     104         -4 752.834170   0.100000   0.506284   0.506284
     12       2     104         -5 219.571956   0.100000   0.506284   0.506284
     12       2     104         -6 296.389729   0.100000   0.506284   0.506284
     12       2     104         -7  73.720941   0.100000   0.506284   0.506284
     12       2     104         -8 146.862145   0.100000   0.506284   0.506284
     12       2     104         -9  78.999982   0.100000   0.506284   0.506284
     12       2     104        -10  91.312225   0.100000   0.506284   0.506284
     12       2     104          1   5850.242   0.100000   0.506284   0.506284
     12       2     104          2 114.843869   0.100000   0.506284   0.506284
     12       2     104          3  16.523827   0.100000   0.506284   0.506284
     13       2     104  Conv    4   0.066611   0.100000   0.606284   0.606284
     13       2     105          1   2177.506   0.100000   0.606284   0.606284
     13       2     105          2   3.802994   0.100000   0.606284   0.606284
     14       2     105  Conv    3   0.346880   0.100000   0.706284   0.706284
     14       2     106          1   2138.105   0.100000   0.706284   0.706284
     14       2     106          2   1.520273   0.100000   0.706284   0.706284
     15       2     106  Conv    3   0.122322   0.100000   0.806284   0.806284
     15       2     107          1   2141.985   0.100000   0.806284   0.806284
     15       2     107          2   1.598562   0.100000   0.806284   0.806284
     16       2     107  Conv   -3   0.126572   0.100000   0.906284   0.906284
     16       2     108         -1   1870.116   0.093716   0.906284   0.906284
     16       2     108         -2   3673.723   0.093716   0.906284   0.906284
     16       2     108         -3   4417.060   0.093716   0.906284   0.906284
     16       2     108         -4  47457.249   0.093716   0.906284   0.906284
     16       2     108          1   1870.116   0.093716   0.906284   0.906284
     16       2     108          2  36074.016   0.093716   0.906284   0.906284
     16       2     108          3 5.5727E+06   0.093716   0.906284   0.906284
     16       2     108          4  13488.538   0.093716   0.906284   0.906284
     16       2     108          5 1.6518E+06   0.093716   0.906284   0.906284
     16       2     108          6   2519.655   0.093716   0.906284   0.906284
     16       2     108          7  26884.628   0.093716   0.906284   0.906284
     16       2     108          8  20840.427   0.093716   0.906284   0.906284
     16       2     108          9  38302.871   0.093716   0.906284   0.906284
     16       2     108         10 676261.094   0.093716   0.906284   0.906284
     16       2     108         11 620238.151   0.093716   0.906284   0.906284
     16       2     108         12  31809.368   0.093716   0.906284   0.906284
     16       2     108         13 167200.703   0.093716   0.906284   0.906284
     16       2     108         14 1.6381E+06   0.093716   0.906284   0.906284
     16       2     108         15 7.8823E+06   0.093716   0.906284   0.906284
     16       2     108         16 4.1129E+07   0.093716   0.906284   0.906284
     16       2     108         17 4.8800E+08   0.093716   0.906284   0.906284
     16       3     109          1 472.772194   0.046858   0.906284   0.906284
     16       3     109          2 124.110754   0.046858   0.906284   0.906284
     16       3     109          3   2040.689   0.046858   0.906284   0.906284
     16       3     109          4   5874.414   0.046858   0.906284   0.906284
     16       3     109          5 204.348470   0.046858   0.906284   0.906284
     16       3     109          6 208.878834   0.046858   0.906284   0.906284
     16       3     109          7 190.961700   0.046858   0.906284   0.906284
     16       3     109          8 239.198633   0.046858   0.906284   0.906284
     16       3     109          9 369.250929   0.046858   0.906284   0.906284
     16       3     109         10 168.705037   0.046858   0.906284   0.906284
     16       3     109         11 179.540013   0.046858   0.906284   0.906284
     16       3     109         12 239.445114   0.046858   0.906284   0.906284
     16       3     109         13   8354.071   0.046858   0.906284   0.906284
     16       4     110          1 125.627434   0.023429   0.906284   0.906284
     16       4     110          2   1.240916   0.023429   0.906284   0.906284
     17       4     110  Conv    3   0.012305   0.023429   0.929713   0.929713
     17       4     111          1 459.401253   0.046858   0.929713   0.929713
     17       4     111          2 1.3992E+07   0.046858   0.929713   0.929713
     17       4     111          3  16430.420   0.046858   0.929713   0.929713
     17       4     111          4 1.2299E+07   0.046858   0.929713   0.929713
     17       4     111          5  37180.162   0.046858   0.929713   0.929713
     17       4     111          6 1.8826E+06   0.046858   0.929713   0.929713
     17       4     111          7 669.958453   0.046858   0.929713   0.929713
     17       4     111          8 7.0598E+08   0.046858   0.929713   0.929713
     17       4     111          1 112.807185   0.023429   0.929713   0.929713
     17       4     111          2   2524.997   0.023429   0.929713   0.929713
     17       4     111          3  16.343896   0.023429   0.929713   0.929713
     17       4     111          4  15.687347   0.023429   0.929713   0.929713
     18       4     111  Conv    5   0.996764   0.023429   0.953142   0.953142
     18       4     112          1   2103.360   0.046858   0.953142   0.953142
     18       4     112          2   1.168772   0.046858   0.953142   0.953142
     19       4     112  Conv    3   0.010934   0.046858   1.000000   1.000000

 NUMBER OF STIFFNESS FORMATIONS/SOLUTIONS  =         171

 TIME FOR INITIALIZING ANALYSIS            =        0.10
 TIME FOR CONTROLLING ANALYSIS             =       13.81
 TIME FOR UPDATING LOADS AND STATE         =        1.08
 TIME FOR FORMING STIFFNESS MATRIX         =        0.09
 TIME FOR SOLVING STIFFNESS MATRIX         =       77.15
 TIME FOR CALCULATING DISPLACEMENTS        =        0.66
 TIME FOR DETERMINING EVENTS               =        0.17
 TIME FOR SAVING RESULTS                   =       43.14
                                               ----------
 TOTAL TIME FOR THIS ANALYSIS              =      136.20


 N O N L I N E A R   S T A T I C   A N A L Y S I S                      09:41:56

 CASE: PUSHOVER_Y

 STARTING FROM ZERO (UNSTRESSED) INITIAL CONDITIONS

 LOAD CONTROL TYPE                         = DISPLACEMENT
 SAVE POSITIVE INCREMENTS ONLY             =         YES
 TYPE OF GEOMETRIC NONLINEARITY            = LARGE DISPLACEMENT AND P-DELTA
 USE EVENT STEPPING                        =         YES
 USE ITERATION                             =         YES
 USE LINE SEARCH                           =          NO
 EVENT LUMPING TOLERANCE                   =    0.000100
 FORCE CONVERGENCE TOLERANCE (RELATIVE)    =    0.000100

 Negative iterations are Constant-Stiffness
 Positive iterations are Newton-Raphson

  Saved    Null   Total  Iteration   Relative  Curr Step   Curr Sum    Max Sum
  Steps   Steps   Steps  this Step  Unbalance       Size   of Steps   of Steps
 (  100      20     200     -10/40   1.000000   0.100000   1.000000   1.000000)

      0       0       1         -1 101.078566   0.091960    .000000    .000000
      0       0       1         -2   1.378175   0.091960    .000000    .000000
      1       0       1  Conv   -3   0.106143   0.091960   0.091960   0.091960
      2       0       2  Conv   -1   0.149220   0.000335   0.092294   0.092294
      2       0       3  Conv   -1   0.206314   4.45E-05   0.092339   0.092339
      2       0       4  Conv   -1   0.268590   4.45E-05   0.092383   0.092383
      2       0       5  Conv   -1   0.333137   4.44E-05   0.092428   0.092428
      2       0       6  Conv   -1   0.398839   4.44E-05   0.092472   0.092472
      2       0       7  Conv   -1   0.465194   4.44E-05   0.092516   0.092516
      2       0       8  Conv   -1   0.531946   4.44E-05   0.092561   0.092561
      2       0       9  Conv   -1   0.598952   4.44E-05   0.092605   0.092605
      2       0      10  Conv   -1   0.666128   4.43E-05   0.092649   0.092649
      2       0      11  Conv   -1   0.733417   4.43E-05   0.092694   0.092694
      2       0      12  Conv   -1   0.800785   4.43E-05   0.092738   0.092738
      2       0      13  Conv   -1   0.868206   4.43E-05   0.092782   0.092782
      2       0      14  Conv   -1   0.935662   4.43E-05   0.092827   0.092827
      2       0      15         -1   1.003140   4.42E-05   0.092827   0.092827
      2       0      15  Conv   -2   0.274602   4.42E-05   0.092871   0.092871
      2       0      16  Conv   -1   0.274599   9.35E-06   0.092880   0.092880
      2       0      17  Conv   -1   0.274645   4.56E-05   0.092926   0.092926
      2       0      18  Conv   -1   0.274678   3.32E-05   0.092959   0.092959
      2       0      19  Conv   -1   0.274703   2.17E-05   0.092981   0.092981
      2       0      20  Conv   -1   0.274727   2.17E-05   0.093002   0.093002
      2       0      21  Conv   -1   0.269287   2.17E-05   0.093024   0.093024
      2       0      22  Conv   -1   0.267468   2.21E-05   0.093046   0.093046
      2       0      23  Conv   -1   0.269338   2.21E-05   0.093068   0.093068
      2       0      24  Conv   -1   0.274819   2.21E-05   0.093090   0.093090
      2       0      25  Conv   -1   0.283702   2.21E-05   0.093113   0.093113
      2       0      26  Conv   -1   0.295677   2.21E-05   0.093135   0.093135
      2       0      27  Conv   -1   0.310386   2.21E-05   0.093157   0.093157
      2       0      28  Conv   -1   0.327458   2.21E-05   0.093179   0.093179
      2       0      29  Conv   -1   0.346542   2.21E-05   0.093201   0.093201
      2       0      30  Conv   -1   0.367325   2.21E-05   0.093223   0.093223
      2       0      31  Conv   -1   0.389533   2.21E-05   0.093245   0.093245
      2       0      32  Conv   -1   0.412934   2.21E-05   0.093267   0.093267
      2       0      33  Conv   -1   0.437336   2.20E-05   0.093289   0.093289
      2       0      34  Conv   -1   0.462580   2.20E-05   0.093311   0.093311
      2       0      35  Conv   -1   0.488534   2.20E-05   0.093333   0.093333
      2       0      36  Conv   -1   0.515089   2.20E-05   0.093355   0.093355
      2       0      37  Conv   -1   0.542157   2.20E-05   0.093377   0.093377
      2       0      38  Conv   -1   0.569663   2.20E-05   0.093399   0.093399
      2       0      39  Conv   -1   0.597546   2.20E-05   0.093421   0.093421
      2       0      40  Conv   -1   0.625755   2.20E-05   0.093443   0.093443
      2       0      41  Conv   -1   0.654246   2.20E-05   0.093465   0.093465
      2       0      42  Conv   -1   0.682985   2.20E-05   0.093487   0.093487
      2       0      43  Conv   -1   0.711939   2.20E-05   0.093509   0.093509
      2       0      44  Conv   -1   0.741083   2.20E-05   0.093531   0.093531
      2       0      45  Conv   -1   0.770395   2.20E-05   0.093553   0.093553
      2       0      46  Conv   -1   0.799856   2.20E-05   0.093575   0.093575
      2       0      47  Conv   -1   0.829449   2.20E-05   0.093597   0.093597
      2       0      48  Conv   -1   0.859161   2.20E-05   0.093619   0.093619
      2       0      49  Conv   -1   0.888977   2.20E-05   0.093641   0.093641
      2       0      50  Conv   -1   0.918889   2.20E-05   0.093663   0.093663
      2       0      51  Conv   -1   0.948885   2.20E-05   0.093685   0.093685
      2       0      52  Conv   -1   0.978958   2.20E-05   0.093707   0.093707
      2       0      53         -1   1.009101   2.20E-05   0.093707   0.093707
      3       0      53  Conv   -2   0.041040   2.20E-05   0.093729   0.093729
      4       0      54  Conv   -1   0.101980   3.36E-05   0.093763   0.093763
      4       0      55  Conv   -1   0.179039   1.81E-05   0.093781   0.093781
      4       0      56  Conv   -1   0.258152   1.81E-05   0.093799   0.093799
      4       0      57  Conv   -1   0.337865   1.81E-05   0.093817   0.093817
      4       0      58  Conv   -1   0.417826   1.81E-05   0.093835   0.093835
      4       0      59  Conv   -1   0.497911   1.81E-05   0.093853   0.093853
      4       0      60  Conv   -1   0.578076   1.81E-05   0.093871   0.093871
      4       0      61  Conv   -1   0.672175   1.81E-05   0.093889   0.093889
      4       0      62  Conv   -1   0.766437   1.88E-05   0.093908   0.093908
      4       0      63  Conv   -1   0.861549   1.88E-05   0.093927   0.093927
      4       0      64  Conv   -1   0.957252   1.88E-05   0.093946   0.093946
      4       0      65         -1   1.053382   1.88E-05   0.093946   0.093946
      4       0      65  Conv   -2   0.374265   1.88E-05   0.093965   0.093965
      4       0      66  Conv   -1   0.355544   7.31E-05   0.094038   0.094038
      4       0      67  Conv   -1   0.344816   2.24E-05   0.094060   0.094060
      4       0      68  Conv   -1   0.342868   2.24E-05   0.094083   0.094083
      4       0      69  Conv   -1   0.447069   2.24E-05   0.094105   0.094105
      4       0      70  Conv   -1   0.684435   2.27E-05   0.094128   0.094128
      4       0      71  Conv   -1   0.960832   2.27E-05   0.094150   0.094150
      4       0      72         -1   1.250604   2.26E-05   0.094150   0.094150
      5       0      72  Conv   -2   0.296360   2.26E-05   0.094173   0.094173
      6       0      73  Conv   -1   0.129950   0.000870   0.095043   0.095043
      6       0      74  Conv   -1   0.412947   3.78E-05   0.095080   0.095080
      6       0      75  Conv   -1   0.740910   3.77E-05   0.095118   0.095118
      6       0      76         -1   1.073303   3.77E-05   0.095118   0.095118
      6       0      76  Conv   -2   0.415965   3.77E-05   0.095156   0.095156
      6       0      77  Conv   -1   0.202350   4.86E-06   0.095161   0.095161
      6       0      78  Conv   -1   0.329549   2.24E-05   0.095183   0.095183
      6       0      79  Conv   -1   0.592824   2.21E-05   0.095205   0.095205
      6       0      80  Conv   -1   0.878080   2.21E-05   0.095227   0.095227
      6       0      81         -1   1.169299   2.21E-05   0.095227   0.095227
      7       0      81  Conv   -2   0.289819   2.21E-05   0.095249   0.095249
      8       0      82  Conv   -1   0.130255   2.64E-05   0.095276   0.095276
      8       0      83  Conv   -1   0.391313   1.90E-05   0.095295   0.095295
      8       0      84  Conv   -1   0.701701   1.90E-05   0.095314   0.095314
      8       0      85         -1   1.017178   1.90E-05   0.095314   0.095314
      9       0      85  Conv   -2   0.397739   1.90E-05   0.095333   0.095333
     10       0      86  Conv   -1   0.206289   2.44E-05   0.095357   0.095357
     10       0      87  Conv   -1   0.321821   2.20E-05   0.095379   0.095379
     10       0      88  Conv   -1   0.584076   2.20E-05   0.095401   0.095401
     10       0      89  Conv   -1   0.869017   2.20E-05   0.095423   0.095423
     10       0      90         -1   1.160005   2.20E-05   0.095423   0.095423
     11       0      90  Conv   -2   0.289666   2.20E-05   0.095445   0.095445
     12       0      91  Conv   -1   0.125066   2.86E-05   0.095474   0.095474
     12       0      92  Conv   -1   0.387575   1.89E-05   0.095493   0.095493
     12       0      93  Conv   -1   0.698240   1.89E-05   0.095512   0.095512
     12       0      94         -1   1.013668   1.89E-05   0.095512   0.095512
     13       0      94  Conv   -2   0.396275   1.89E-05   0.095531   0.095531
     14       0      95  Conv   -1   0.208793   2.38E-05   0.095554   0.095554
     14       0      96  Conv   -1   0.323190   2.20E-05   0.095576   0.095576
     14       0      97  Conv   -1   0.582680   2.20E-05   0.095598   0.095598
     14       0      98  Conv   -1   0.865272   2.20E-05   0.095620   0.095620
     14       0      99         -1   1.154080   2.20E-05   0.095620   0.095620
     15       0      99  Conv   -2   0.288346   2.20E-05   0.095642   0.095642
     16       0     100  Conv   -1   0.125554   2.53E-05   0.095668   0.095668
     16       0     101         -1   1238.860   0.100000   0.095668   0.095668
     16       0     101         -2   1052.027   0.100000   0.095668   0.095668
     16       0     101         -3 749.555981   0.100000   0.095668   0.095668
     16       0     101         -4 552.392172   0.100000   0.095668   0.095668
     16       0     101         -5 445.246615   0.100000   0.095668   0.095668
     16       0     101         -6 367.240214   0.100000   0.095668   0.095668
     16       0     101         -7 315.664186   0.100000   0.095668   0.095668
     16       0     101         -8 281.857092   0.100000   0.095668   0.095668
     16       0     101         -9 261.622112   0.100000   0.095668   0.095668
     16       0     101        -10 250.837574   0.100000   0.095668   0.095668
     16       0     101         -1 954.070393   0.050000   0.095668   0.095668
     16       0     101         -2 474.319504   0.050000   0.095668   0.095668
     16       0     101         -3 310.202653   0.050000   0.095668   0.095668
     16       0     101         -4 220.153889   0.050000   0.095668   0.095668
     16       0     101         -5 164.575267   0.050000   0.095668   0.095668
     16       0     101         -6 130.600402   0.050000   0.095668   0.095668
     16       0     101         -7 105.898324   0.050000   0.095668   0.095668
     16       0     101         -8  86.442426   0.050000   0.095668   0.095668
     16       0     101         -9  70.631998   0.050000   0.095668   0.095668
     16       0     101        -10  57.656759   0.050000   0.095668   0.095668
     16       0     101          1 954.070393   0.050000   0.095668   0.095668
     16       0     101          2 262.492509   0.050000   0.095668   0.095668
     16       0     101          3  21.877991   0.050000   0.095668   0.095668
     17       0     101  Conv    4   0.022550   0.050000   0.145668   0.145668
     17       0     102          1   1445.355   0.100000   0.145668   0.145668
     17       0     102          2   1312.310   0.100000   0.145668   0.145668
     17       0     102          3 281.948473   0.100000   0.145668   0.145668
     17       0     102          4  25.888884   0.100000   0.145668   0.145668
     18       0     102  Conv   -5   0.142753   0.100000   0.245668   0.245668
     18       0     103         -1   3141.729   0.100000   0.245668   0.245668
     18       0     103         -2 705.231489   0.100000   0.245668   0.245668
     18       0     103         -3 538.264302   0.100000   0.245668   0.245668
     18       0     103         -4  78.441095   0.100000   0.245668   0.245668
     18       0     103         -5  91.752929   0.100000   0.245668   0.245668
     18       0     103         -6  14.769665   0.100000   0.245668   0.245668
     18       0     103         -7  18.175029   0.100000   0.245668   0.245668
     18       0     103         -8   4.538517   0.100000   0.245668   0.245668
     18       0     103         -9   4.197487   0.100000   0.245668   0.245668
     18       0     103        -10   1.496195   0.100000   0.245668   0.245668
     18       0     103        -11   1.073455   0.100000   0.245668   0.245668
     18       0     103          1   4711.256   0.100000   0.245668   0.245668
     18       0     103          2  27.800042   0.100000   0.245668   0.245668
     19       0     103  Conv    3   0.085755   0.100000   0.345668   0.345668
     19       0     104          1   4135.480   0.100000   0.345668   0.345668
     19       0     104          2  24.420648   0.100000   0.345668   0.345668
     20       0     104  Conv    3   0.742443   0.100000   0.445668   0.445668
     20       0     105          1   4275.606   0.100000   0.445668   0.445668
     20       0     105          2  14.073555   0.100000   0.445668   0.445668
     21       0     105  Conv    3   0.539095   0.100000   0.545668   0.545668
     21       0     106          1   3455.804   0.100000   0.545668   0.545668
     21       0     106          2 136.817760   0.100000   0.545668   0.545668
     21       0     106          3  12.860380   0.100000   0.545668   0.545668
     22       0     106  Conv   -4   0.072622   0.100000   0.645668   0.645668
     22       0     107         -1   1947.800   0.100000   0.645668   0.645668
     22       0     107         -2 253.577077   0.100000   0.645668   0.645668
     22       0     107         -3 298.544063   0.100000   0.645668   0.645668
     22       0     107         -4 272.295720   0.100000   0.645668   0.645668
     22       0     107         -5 283.823421   0.100000   0.645668   0.645668
     22       0     107         -6 276.893081   0.100000   0.645668   0.645668
     22       0     107         -7 279.162080   0.100000   0.645668   0.645668
     22       0     107         -8 276.842763   0.100000   0.645668   0.645668
     22       0     107         -9 276.814948   0.100000   0.645668   0.645668
     22       0     107        -10 275.647057   0.100000   0.645668   0.645668
     22       0     107          1   1947.800   0.100000   0.645668   0.645668
     23       0     107  Conv    2   0.947848   0.100000   0.745668   0.745668
     23       0     108          1   1953.751   0.100000   0.745668   0.745668
     23       0     108          2   1.229043   0.100000   0.745668   0.745668
     24       0     108  Conv    3   0.088880   0.100000   0.845668   0.845668
     24       0     109          1   1938.348   0.100000   0.845668   0.845668
     24       0     109          2  29.634321   0.100000   0.845668   0.845668
     24       0     109          3  15160.855   0.100000   0.845668   0.845668
     24       0     109          4 483.347644   0.100000   0.845668   0.845668
     24       0     109          5 286.535998   0.100000   0.845668   0.845668
     24       0     109          6  14.271619   0.100000   0.845668   0.845668
     24       0     109          7   6.241601   0.100000   0.845668   0.845668
     24       0     109          8   2.730334   0.100000   0.845668   0.845668
     24       0     109          9  23.321049   0.100000   0.845668   0.845668
     24       0     109         10  14.323968   0.100000   0.845668   0.845668
     24       0     109         11   6.255652   0.100000   0.845668   0.845668
     24       0     109         12   2.737069   0.100000   0.845668   0.845668
     24       0     109         13  23.315669   0.100000   0.845668   0.845668
     24       0     109         14  14.323968   0.100000   0.845668   0.845668
     24       0     109         15   6.255652   0.100000   0.845668   0.845668
     24       0     109         16   2.737069   0.100000   0.845668   0.845668
     24       0     109         17  23.315669   0.100000   0.845668   0.845668
     24       0     109         18  14.323968   0.100000   0.845668   0.845668
     24       0     109         19   6.255652   0.100000   0.845668   0.845668
     24       0     109         20   2.737069   0.100000   0.845668   0.845668
     24       0     109         21  23.315669   0.100000   0.845668   0.845668
     24       0     109         22  14.323968   0.100000   0.845668   0.845668
     24       0     109         23   6.255652   0.100000   0.845668   0.845668
     24       0     109         24   2.737069   0.100000   0.845668   0.845668
     24       0     109         25  23.315669   0.100000   0.845668   0.845668
     24       0     109         26  14.323968   0.100000   0.845668   0.845668
     24       0     109         27   6.255652   0.100000   0.845668   0.845668
     24       0     109         28   2.737069   0.100000   0.845668   0.845668
     24       0     109         29  23.315669   0.100000   0.845668   0.845668
     24       1     110          1 486.305562   0.050000   0.845668   0.845668
     24       1     110          2   1.491663   0.050000   0.845668   0.845668
     25       1     110  Conv    3   0.025130   0.050000   0.895668   0.895668
     25       1     111          1   1913.508   0.100000   0.895668   0.895668
     25       1     111          2 297707.956   0.100000   0.895668   0.895668
     25       1     111          3  34819.455   0.100000   0.895668   0.895668
     25       1     111          4 7.5602E+07   0.100000   0.895668   0.895668
     25       1     111          1 476.274949   0.050000   0.895668   0.895668
     25       1     111          2  60.281261   0.050000   0.895668   0.895668
     25       1     111          3  24731.790   0.050000   0.895668   0.895668
     25       1     111          4   1409.442   0.050000   0.895668   0.895668
     25       1     111          5 243.271652   0.050000   0.895668   0.895668
     25       1     111          6   6.022322   0.050000   0.895668   0.895668
     25       1     111          7   6.079016   0.050000   0.895668   0.895668
     25       1     111          8   5.470913   0.050000   0.895668   0.895668
     25       1     111          9   5.529814   0.050000   0.895668   0.895668
     25       1     111         10   5.497823   0.050000   0.895668   0.895668
     25       1     111         11   5.503279   0.050000   0.895668   0.895668
     25       1     111         12   5.500550   0.050000   0.895668   0.895668
     25       1     111         13   5.501022   0.050000   0.895668   0.895668
     25       1     111         14   5.500789   0.050000   0.895668   0.895668
     25       1     111         15   5.500828   0.050000   0.895668   0.895668
     25       1     111         16   5.500809   0.050000   0.895668   0.895668
     25       1     111         17   5.500811   0.050000   0.895668   0.895668
     25       1     111         18   5.500811   0.050000   0.895668   0.895668
     25       1     111         19   5.500810   0.050000   0.895668   0.895668
     25       1     111         20   5.500811   0.050000   0.895668   0.895668
     25       1     111         21   5.500809   0.050000   0.895668   0.895668
     25       1     111         22   5.500811   0.050000   0.895668   0.895668
     25       1     111         23   5.500809   0.050000   0.895668   0.895668
     25       1     111         24   5.500811   0.050000   0.895668   0.895668
     25       1     111         25   5.500809   0.050000   0.895668   0.895668
     25       1     111         26   5.500811   0.050000   0.895668   0.895668
     25       1     111         27   5.500809   0.050000   0.895668   0.895668
     25       1     111         28   5.500811   0.050000   0.895668   0.895668
     25       1     111         29   5.500809   0.050000   0.895668   0.895668
     25       1     111         30   5.500811   0.050000   0.895668   0.895668
     25       1     111         31   5.500809   0.050000   0.895668   0.895668
     25       2     112          1 118.989239   0.025000   0.895668   0.895668
     25       2     112  Conv   -2   0.428913   0.025000   0.920668   0.920668
     25       2     113         -1 473.075778   0.050000   0.920668   0.920668
     25       2     113         -2   1031.067   0.050000   0.920668   0.920668
     25       2     113         -3   4938.978   0.050000   0.920668   0.920668
     25       2     113         -4 200342.361   0.050000   0.920668   0.920668
     25       2     113         -1 116.242182   0.025000   0.920668   0.920668
     25       2     113         -2 122.252004   0.025000   0.920668   0.920668
     25       2     113         -3  89.342790   0.025000   0.920668   0.920668
     25       2     113         -4  86.539317   0.025000   0.920668   0.920668
     25       2     113         -5  87.762503   0.025000   0.920668   0.920668
     25       2     113         -6 819.224368   0.025000   0.920668   0.920668
     25       2     113          1 116.242182   0.025000   0.920668   0.920668
     25       2     113          2  79.454721   0.025000   0.920668   0.920668
     25       2     113          3  81450.650   0.025000   0.920668   0.920668
     25       2     113          4  21832.456   0.025000   0.920668   0.920668
     25       2     113          5 9.7804E+07   0.025000   0.920668   0.920668
     25       3     114          1  28.535412   0.012500   0.920668   0.920668
     25       3     114  Conv    2   0.591408   0.012500   0.933168   0.933168
     25       3     115          1 157.336250   0.025000   0.933168   0.933168
     25       3     115          2  36583.552   0.025000   0.933168   0.933168
     25       3     115          3 1.7772E+06   0.025000   0.933168   0.933168
     25       3     115          4  21746.321   0.025000   0.933168   0.933168
     25       3     115          5 1.3826E+07   0.025000   0.933168   0.933168
     25       3     115          6  37298.317   0.025000   0.933168   0.933168
     25       3     115          7 1.6187E+06   0.025000   0.933168   0.933168
     25       3     115          8 480201.530   0.025000   0.933168   0.933168
     25       3     115          9 1.2197E+06   0.025000   0.933168   0.933168
     25       3     115         10 2.4626E+08   0.025000   0.933168   0.933168
     25       3     115          1  39.901228   0.012500   0.933168   0.933168
     25       3     115          2   4446.581   0.012500   0.933168   0.933168
     25       3     115          3  51.180485   0.012500   0.933168   0.933168
     25       3     115          4  35.626577   0.012500   0.933168   0.933168
     25       3     115          5   2.756536   0.012500   0.933168   0.933168
     25       3     115          6   1.212606   0.012500   0.933168   0.933168
     25       3     115          7   3.976256   0.012500   0.933168   0.933168
     25       3     115          8   2.765636   0.012500   0.933168   0.933168
     25       3     115          9   1.213159   0.012500   0.933168   0.933168
     25       3     115         10   3.977343   0.012500   0.933168   0.933168
     25       3     115         11   2.765637   0.012500   0.933168   0.933168
     25       3     115         12   1.213159   0.012500   0.933168   0.933168
     25       3     115         13   3.977343   0.012500   0.933168   0.933168
     25       3     115         14   2.765637   0.012500   0.933168   0.933168
     25       3     115         15   1.213159   0.012500   0.933168   0.933168
     25       3     115         16   3.977343   0.012500   0.933168   0.933168
     25       3     115         17   2.765637   0.012500   0.933168   0.933168
     25       3     115         18   1.213159   0.012500   0.933168   0.933168
     25       3     115         19   3.977343   0.012500   0.933168   0.933168
     25       3     115         20   2.765637   0.012500   0.933168   0.933168
     25       3     115         21   1.213159   0.012500   0.933168   0.933168
     25       3     115         22   3.977343   0.012500   0.933168   0.933168
     25       3     115         23   2.765637   0.012500   0.933168   0.933168
     25       3     115         24   1.213159   0.012500   0.933168   0.933168
     25       3     115         25   3.977343   0.012500   0.933168   0.933168
     25       3     115         26   2.765637   0.012500   0.933168   0.933168
     25       3     115         27   1.213159   0.012500   0.933168   0.933168
     25       3     115         28   3.977343   0.012500   0.933168   0.933168
     25       3     115         29   2.765637   0.012500   0.933168   0.933168
     25       3     115         30   1.213159   0.012500   0.933168   0.933168
     25       3     115         31   3.977343   0.012500   0.933168   0.933168
     25       4     116          1  10.896036   0.006250   0.933168   0.933168
     25       4     116          2 627.594001   0.006250   0.933168   0.933168
     25       4     116          3   1.435690   0.006250   0.933168   0.933168
     26       4     116  Conv    4   0.412263   0.006250   0.939418   0.939418
     26       4     117          1 121.744942   0.012500   0.939418   0.939418
     26       4     117          2   0.168867   0.012500   0.939418   0.939418
     26       4     117          1  36.242241   0.025000   0.939418   0.939418
     26       4     117          2   0.127209   0.025000   0.939418   0.939418
     26       4     117          1 603.744918   0.060582   0.939418   0.939418
     27       4     117  Conv    2   0.615311   0.060582   1.000000   1.000000

 NUMBER OF STIFFNESS FORMATIONS/SOLUTIONS  =         254

 TIME FOR INITIALIZING ANALYSIS            =        3.59
 TIME FOR CONTROLLING ANALYSIS             =        0.74
 TIME FOR UPDATING LOADS AND STATE         =        1.23
 TIME FOR FORMING STIFFNESS MATRIX         =        0.12
 TIME FOR SOLVING STIFFNESS MATRIX         =      177.62
 TIME FOR CALCULATING DISPLACEMENTS        =        0.75
 TIME FOR DETERMINING EVENTS               =        0.12
 TIME FOR SAVING RESULTS                   =       46.52
                                               ----------
 TOTAL TIME FOR THIS ANALYSIS              =      230.69


 A N A L Y S I S   C O M P L E T E                          2026/06/11  09:45:54
