

 SAP2000 v22.1.0 Ultimate 64-bit (Analysis Build 9798/64)
 File: E:\sap2000_generated_mo...D035_SoilZE_Raft050_RhoR040_Slab018_RhoS040.LOG




 B E G I N   A N A L Y S I S                                2026/07/13  23:46:58


 RUNNING ANALYSIS WITHIN THE GUI PROCESS
 USING THE ADVANCED SOLVER (PROVIDES LIMITED INSTABILITY INFORMATION)

 NUMBER OF JOINTS                          =          79
    WITH RESTRAINTS                        =          15
    WITH SPRINGS                           =          15
 NUMBER OF FRAME/CABLE/TENDON ELEMENTS     =         148
 NUMBER OF SHELL ELEMENTS                  =          33
 NUMBER OF CONSTRAINTS/WELDS               =           4
 NUMBER OF LOAD PATTERNS                   =           4
 NUMBER OF ACCELERATION LOADS              =           9
 NUMBER OF LOAD CASES                      =           2

 ADDRESSABLE PHYSICAL MEMORY (RAM)         =      15.842 GB

 PARALLELIZATION OF ANALYSIS OPERATIONS:
 (Env. variable SAPFIRE_NUM_THREADS        =           0)
 NUMBER OF THREADS: STATE (AUTOMATIC)      =           6
 NUMBER OF THREADS: STIFFNESS (AUTOMATIC)  =           6
 NUMBER OF THREADS: EVENT (AUTOMATIC)      =           6
 NUMBER OF THREADS: MOVE (AUTOMATIC)       =           6
 NUMBER OF THREADS: RESPONSE (AUTOMATIC)   =           6
 NUMBER OF THREADS: SOLVE (AUTOMATIC)      =           6
 NUMBER OF THREADS: FORM (AUTOMATIC)       =           6


 N O N L I N E A R   S T A T I C   A N A L Y S I S                      23:46:58

 CASE: PUSHOVER_X

 STARTING FROM ZERO (UNSTRESSED) INITIAL CONDITIONS

 LOAD CONTROL TYPE                         = DISPLACEMENT
 SAVE POSITIVE INCREMENTS ONLY             =         YES
 TYPE OF GEOMETRIC NONLINEARITY            = LARGE DISPLACEMENT AND P-DELTA
 USE EVENT STEPPING                        =         YES
 USE ITERATION                             =         YES
 USE LINE SEARCH                           =          NO
 EVENT LUMPING TOLERANCE                   =    0.000100
 FORCE CONVERGENCE TOLERANCE (RELATIVE)    =    0.000100


 E L E M E N T   F O R M A T I O N                                      23:46:58


 NUMBER OF COUPLED CONSTRAINT EQUATIONS    =           0

 Negative iterations are Constant-Stiffness
 Positive iterations are Newton-Raphson

  Saved    Null   Total  Iteration   Relative  Curr Step   Curr Sum    Max Sum
  Steps   Steps   Steps  this Step  Unbalance       Size   of Steps   of Steps
 (  100      20     200     -10/40   1.000000   0.100000   1.000000   1.000000)

      0       0       1         -1 137.984330   0.100000    .000000    .000000
      0       0       1         -2   2.257962   0.100000    .000000    .000000
      1       0       1  Conv   -3   0.184893   0.100000   0.100000   0.100000
      2       0       2  Conv   -1   0.323681   0.004286   0.104286   0.104286
      3       0       3  Conv   -1   0.336428   0.000804   0.105090   0.105090
      3       0       4  Conv   -1   0.356095   0.000874   0.105963   0.105963
      3       0       5  Conv   -1   0.355994   0.000101   0.106064   0.106064
      3       0       6  Conv   -1   0.372893   0.001160   0.107224   0.107224
      3       0       7  Conv   -1   0.387218   0.001166   0.108390   0.108390
      3       0       8  Conv   -1   0.409391   0.001277   0.109668   0.109668
      3       0       9  Conv   -1   0.444425   0.001428   0.111095   0.111095
      3       0      10  Conv   -1   0.469974   0.000391   0.111487   0.111487
      3       0      11  Conv   -1   0.490746   0.000285   0.111772   0.111772
      3       0      12  Conv   -1   0.518866   0.000981   0.112753   0.112753
      3       0      13  Conv   -1   0.983971   0.003814   0.116567   0.116567
      3       0      14         -1   2.222401   0.000321   0.116567   0.116567
      3       0      14  Conv   -2   0.534823   0.000321   0.116888   0.116888
      3       0      15         -1   1.346943   0.001029   0.116888   0.116888
      3       0      15  Conv   -2   0.646759   0.001029   0.117918   0.117918
      3       0      16  Conv   -1   0.275496   0.002231   0.120148   0.120148
      3       0      17  Conv   -1   0.758277   0.000145   0.120293   0.120293
      3       0      18         -1   1.384810   0.000145   0.120293   0.120293
      3       0      18  Conv   -2   0.760282   0.000145   0.120438   0.120438
      3       0      19  Conv   -1   0.505161   0.000686   0.121124   0.121124
      3       0      20  Conv   -1   0.772595   0.000147   0.121271   0.121271
      3       0      21         -1   1.265981   0.000147   0.121271   0.121271
      3       0      21         -2   1.327962   0.000147   0.121271   0.121271
      3       0      21  Conv   -3   0.978992   0.000147   0.121418   0.121418
      3       0      22         -1   1.318641   1.35E-05   0.121418   0.121418
      3       0      22         -2   1.174842   1.35E-05   0.121418   0.121418
      3       0      22  Conv   -3   0.367182   1.35E-05   0.121431   0.121431
      3       0      23         -1   3.684076   0.000327   0.121431   0.121431
      3       0      23         -2   1.497238   0.000327   0.121431   0.121431
      3       0      23  Conv   -3   0.282137   0.000327   0.121758   0.121758
      3       0      24         -1   1.920582   0.000229   0.121758   0.121758
      3       0      24         -2   2.971470   0.000229   0.121758   0.121758
      3       0      24  Conv   -3   0.821828   0.000229   0.121987   0.121987
      3       0      25         -1   1.641712   1.81E-05   0.121987   0.121987
      3       0      25         -2   1.429810   1.81E-05   0.121987   0.121987
      4       0      25  Conv   -3   0.490878   1.81E-05   0.122005   0.122005
      4       0      26         -1   1.590350   0.000349   0.122005   0.122005
      4       0      26  Conv   -2   0.799057   0.000349   0.122354   0.122354
      4       0      27  Conv   -1   0.463246   0.002023   0.124377   0.124377
      4       0      28         -1   1.165819   7.29E-05   0.124377   0.124377
      4       0      28         -2   1.200223   7.29E-05   0.124377   0.124377
      4       0      28  Conv   -3   0.564800   7.29E-05   0.124450   0.124450
      4       0      29         -1   1.555558   9.95E-06   0.124450   0.124450
      4       0      29         -2   1.615412   9.95E-06   0.124450   0.124450
      4       0      29         -3   1.114445   9.95E-06   0.124450   0.124450
      4       0      29         -4   1.208516   9.95E-06   0.124450   0.124450
      4       0      29         -5   1.098867   9.95E-06   0.124450   0.124450
      4       0      29         -6   1.098895   9.95E-06   0.124450   0.124450
      4       0      29         -7   1.098891   9.95E-06   0.124450   0.124450
      4       0      29         -8   1.098891   9.95E-06   0.124450   0.124450
      4       0      29         -9   1.098891   9.95E-06   0.124450   0.124450
      4       0      29        -10   1.098891   9.95E-06   0.124450   0.124450
      4       1      29         -1    .000000    .000000   0.124450   0.124450
      4       1      30         -1   1.614942   4.98E-06   0.124450   0.124450
      5       1      30  Conv   -2   0.322477   4.98E-06   0.124455   0.124455
      5       1      31         -1   0.322362   9.95E-06   0.124455   0.124455
      5       1      31         -1   0.322249   1.99E-05   0.124455   0.124455
      6       1      31  Conv   -1   0.322162   3.56E-05   0.124491   0.124491
      6       1      32  Conv   -1   0.321788   8.15E-05   0.124572   0.124572
      6       1      33  Conv   -1   0.321722   4.97E-05   0.124622   0.124622
      6       1      34  Conv   -1   0.321792   8.17E-06   0.124630   0.124630
      6       1      35  Conv   -1   0.321924   2.39E-05   0.124654   0.124654
      6       1      36  Conv   -1   0.322328   0.000268   0.124922   0.124922
      6       1      37  Conv   -1   0.333383   0.001938   0.126859   0.126859
      6       1      38  Conv   -1   0.336502   0.000779   0.127639   0.127639
      6       1      39  Conv   -1   0.343847   0.001104   0.128743   0.128743
      6       1      40  Conv   -1   0.347693   1.66E-05   0.128759   0.128759
      6       1      41  Conv   -1   0.352724   0.000798   0.129558   0.129558
      6       1      42  Conv   -1   0.359744   0.000872   0.130429   0.130429
      6       1      43  Conv   -1   0.369106   0.000936   0.131365   0.131365
      6       1      44  Conv   -1   0.378010   0.000861   0.132226   0.132226
      6       1      45  Conv   -1   0.385180   0.000616   0.132842   0.132842
      6       1      46  Conv   -1   0.396526   0.000918   0.133760   0.133760
      6       1      47  Conv   -1   0.855011   0.003879   0.137639   0.137639
      6       1      48         -1   2.303435   0.005642   0.137639   0.137639
      6       1      48  Conv   -2   0.114844   0.005642   0.143281   0.143281
      6       1      49  Conv   -1   0.279106   0.000877   0.144158   0.144158
      6       1      50  Conv   -1   0.445339   0.001416   0.145574   0.145574
      6       1      51  Conv   -1   0.606222   0.000705   0.146279   0.146279
      6       1      52  Conv   -1   0.795100   0.002169   0.148448   0.148448
      6       1      53  Conv   -1   0.999946   0.002021   0.150470   0.150470
      6       1      54         -1   1.145994   0.000222   0.150470   0.150470
      6       1      54  Conv   -2   0.155018   0.000222   0.150692   0.150692
      6       1      55  Conv   -1   0.048297   0.001272   0.151964   0.151964
      6       1      56  Conv   -1   0.183284   0.000305   0.152268   0.152268
      6       1      57  Conv   -1   0.346621   9.92E-05   0.152367   0.152367
      6       1      58  Conv   -1   0.512558   0.000865   0.153233   0.153233
      6       1      59         -1   1.296695   0.004258   0.153233   0.153233
      6       1      59  Conv   -2   0.047160   0.004258   0.157490   0.157490
      6       1      60  Conv   -1   0.641166   0.003255   0.160746   0.160746
      6       1      61  Conv   -1   0.790729   0.000662   0.161407   0.161407
      6       1      62         -1   1.004973   0.000891   0.161407   0.161407
      6       1      62  Conv   -2   0.258182   0.000891   0.162298   0.162298
      6       1      63  Conv   -1   0.162339   0.001946   0.164244   0.164244
      6       1      64  Conv   -1   0.949724   0.003662   0.167907   0.167907
      6       1      65         -1   2.075783   0.004395   0.167907   0.167907
      6       1      65  Conv   -2   0.170830   0.004395   0.172302   0.172302
      6       1      66  Conv   -1   0.883541   0.003477   0.175779   0.175779
      6       1      67         -1   1.287472   0.001204   0.175779   0.175779
      6       1      67  Conv   -2   0.469742   0.001204   0.176983   0.176983
      6       1      68  Conv   -1   0.288274   0.001492   0.178475   0.178475
      6       1      69  Conv   -1   0.705545   0.002259   0.180735   0.180735
      6       1      70         -1   1.159922   0.000112   0.180735   0.180735
      7       1      70  Conv   -2   0.657519   0.000112   0.180847   0.180847
      7       1      71  Conv   -1   0.616814   0.001728   0.182575   0.182575
      7       1      72  Conv   -1   0.915898   0.001040   0.183614   0.183614
      7       1      73         -1   1.359499   4.03E-05   0.183614   0.183614
      7       1      73         -2   1.090121   4.03E-05   0.183614   0.183614
      7       1      73  Conv   -3   0.761757   4.03E-05   0.183655   0.183655
      7       1      74         -1   1.439264   0.000361   0.183655   0.183655
      7       1      74  Conv   -2   0.467560   0.000361   0.184016   0.184016
      7       1      75  Conv   -1   0.356240   0.002076   0.186092   0.186092
      7       1      76         -1   1.406428   4.38E-05   0.186092   0.186092
      7       1      76         -2   1.162822   4.38E-05   0.186092   0.186092
      7       1      76  Conv   -3   0.253301   4.38E-05   0.186136   0.186136
      7       1      77  Conv   -1   0.490313   0.001387   0.187523   0.187523
      7       1      78  Conv   -1   0.903024   0.000418   0.187940   0.187940
      7       1      79         -1   1.329986   0.001286   0.187940   0.187940
      7       1      79  Conv   -2   0.499504   0.001286   0.189227   0.189227
      7       1      80         -1   1.414206   0.003976   0.189227   0.189227
      7       1      80  Conv   -2   0.533861   0.003976   0.193203   0.193203
      7       1      81         -1  70.500866   0.024426   0.193203   0.193203
      7       1      81         -2   1.317312   0.024426   0.193203   0.193203
      7       1      81  Conv   -3   0.242898   0.024426   0.217630   0.217630
      7       1      82         -1   5.298799   7.36E-05   0.217630   0.217630
      7       1      82         -2   4.274652   7.36E-05   0.217630   0.217630
      7       1      82         -3   2.574483   7.36E-05   0.217630   0.217630
      7       1      82  Conv   -4   0.415939   7.36E-05   0.217703   0.217703
      7       1      83         -1   2.129680   0.000347   0.217703   0.217703
      7       1      83         -2   2.038118   0.000347   0.217703   0.217703
      7       1      83  Conv   -3   0.084036   0.000347   0.218050   0.218050
      7       1      84         -1   2.321889    .000000   0.218050   0.218050
      7       1      84         -2   6.398614    .000000   0.218050   0.218050
      7       1      84         -3  26.834164    .000000   0.218050   0.218050
      7       1      84         -4  76.757475    .000000   0.218050   0.218050
      7       2      85         -1  75.279853   6.56E-06   0.218050   0.218050
      7       2      85         -2 482.581729   6.56E-06   0.218050   0.218050
      7       2      85         -3   1396.746   6.56E-06   0.218050   0.218050
      7       2      85         -4   5257.916   6.56E-06   0.218050   0.218050
      7       2      85         -5  11890.178   6.56E-06   0.218050   0.218050
      7       2      85         -6  14316.946   6.56E-06   0.218050   0.218050
      7       2      85         -7  23715.756   6.56E-06   0.218050   0.218050
      7       2      85         -8  21799.053   6.56E-06   0.218050   0.218050
      7       2      85         -9  19217.303   6.56E-06   0.218050   0.218050
      7       2      85        -10  20460.764   6.56E-06   0.218050   0.218050
      7       2      85         -1  87.873818    .000000   0.218050   0.218050
      7       2      85         -2 540.751580    .000000   0.218050   0.218050
      7       2      85         -3   1577.069    .000000   0.218050   0.218050
      7       2      85         -4   5462.443    .000000   0.218050   0.218050
      7       2      85         -5  12252.817    .000000   0.218050   0.218050
      7       2      85         -6  14475.479    .000000   0.218050   0.218050
      7       2      85         -7  23564.727    .000000   0.218050   0.218050
      7       2      85         -8  21744.680    .000000   0.218050   0.218050
      7       2      85         -9  19316.797    .000000   0.218050   0.218050
      7       2      85        -10  20488.450    .000000   0.218050   0.218050
      7       3      86         -1  20376.838    .000000   0.218050   0.218050
      7       3      86         -2  21354.596    .000000   0.218050   0.218050
      7       3      86         -3  20298.821    .000000   0.218050   0.218050
      7       3      86         -4  18025.211    .000000   0.218050   0.218050
      7       3      86         -5  19142.240    .000000   0.218050   0.218050
      7       3      86         -6  19160.629    .000000   0.218050   0.218050
      7       3      86         -7  19287.538    .000000   0.218050   0.218050
      7       3      86         -8  19018.730    .000000   0.218050   0.218050
      7       3      86         -9  19213.048    .000000   0.218050   0.218050
      7       3      86        -10  19150.249    .000000   0.218050   0.218050
      7       4      87         -1  19282.351    .000000   0.218050   0.218050
      7       4      87         -2  32061.533    .000000   0.218050   0.218050
      7       4      87         -3  18780.817    .000000   0.218050   0.218050
      7       4      87         -4  14672.536    .000000   0.218050   0.218050
      7       4      87         -5  22795.626    .000000   0.218050   0.218050
      7       4      87         -6  34262.019    .000000   0.218050   0.218050
      7       4      87         -7  22440.811    .000000   0.218050   0.218050
      7       4      87         -8  12723.587    .000000   0.218050   0.218050
      7       4      87         -9  28967.863    .000000   0.218050   0.218050
      7       4      87        -10  32237.246    .000000   0.218050   0.218050
      7       5      88         -1  31656.919    .000000   0.218050   0.218050
      7       5      88         -2  16110.225    .000000   0.218050   0.218050
      7       5      88         -3  24047.070    .000000   0.218050   0.218050
      7       5      88         -4  28451.186    .000000   0.218050   0.218050
      7       5      88         -5  28560.948    .000000   0.218050   0.218050
      7       5      88         -6  14957.516    .000000   0.218050   0.218050
      7       5      88         -7  21825.805    .000000   0.218050   0.218050
      7       5      88         -8  18954.874    .000000   0.218050   0.218050
      7       5      88         -9  23808.018    .000000   0.218050   0.218050
      7       5      88        -10  27414.718    .000000   0.218050   0.218050
      7       6      89         -1  27514.686   3.28E-06   0.218050   0.218050
      7       6      89         -2  23272.176   3.28E-06   0.218050   0.218050
      7       6      89         -3  20927.719   3.28E-06   0.218050   0.218050
      7       6      89         -4  48773.729   3.28E-06   0.218050   0.218050
      7       6      89         -5  32957.263   3.28E-06   0.218050   0.218050
      7       6      89         -6  22559.640   3.28E-06   0.218050   0.218050
      7       6      89         -7  22497.196   3.28E-06   0.218050   0.218050
      7       6      89         -8  16405.629   3.28E-06   0.218050   0.218050
      7       6      89         -9  18147.662   3.28E-06   0.218050   0.218050
      7       6      89        -10  15450.882   3.28E-06   0.218050   0.218050
      7       6      89         -1  27514.617   1.64E-06   0.218050   0.218050
      7       6      89         -2  23272.080   1.64E-06   0.218050   0.218050
      7       6      89         -3  20927.716   1.64E-06   0.218050   0.218050
      7       6      89         -4  48773.788   1.64E-06   0.218050   0.218050
      7       6      89         -5  32957.521   1.64E-06   0.218050   0.218050
      7       6      89         -6  22559.461   1.64E-06   0.218050   0.218050
      7       6      89         -7  22497.315   1.64E-06   0.218050   0.218050
      7       6      89         -8  16405.512   1.64E-06   0.218050   0.218050
      7       6      89         -9  18147.552   1.64E-06   0.218050   0.218050
      7       6      89        -10  15450.775   1.64E-06   0.218050   0.218050
      7       6      89          1  27514.617   1.64E-06   0.218050   0.218050
      7       6      89          2  40399.971   1.64E-06   0.218050   0.218050
      7       6      89          3  36912.057   1.64E-06   0.218050   0.218050
      7       6      89          4  28471.159   1.64E-06   0.218050   0.218050
      7       6      89          5  30500.240   1.64E-06   0.218050   0.218050
      7       6      89          6  56196.229   1.64E-06   0.218050   0.218050
      7       6      89          7  37702.168   1.64E-06   0.218050   0.218050
      7       6      89          8  64323.254   1.64E-06   0.218050   0.218050
      7       6      89          9  51909.174   1.64E-06   0.218050   0.218050
      7       6      89         10  48300.307   1.64E-06   0.218050   0.218050
      7       6      89         11  56910.106   1.64E-06   0.218050   0.218050
      7       6      89         12  47773.765   1.64E-06   0.218050   0.218050
      7       6      89         13  48669.716   1.64E-06   0.218050   0.218050
      7       6      89         14  87651.890   1.64E-06   0.218050   0.218050
      7       6      89         15  70429.939   1.64E-06   0.218050   0.218050
      7       6      89         16  75232.928   1.64E-06   0.218050   0.218050
      7       6      89         17 103366.292   1.64E-06   0.218050   0.218050
      7       6      89         18  99066.408   1.64E-06   0.218050   0.218050
      7       6      89         19 127113.450   1.64E-06   0.218050   0.218050
      7       6      89         20 107824.069   1.64E-06   0.218050   0.218050
      7       6      89         21  96933.958   1.64E-06   0.218050   0.218050
      7       6      89         22 123926.701   1.64E-06   0.218050   0.218050
      7       6      89         23 357443.434   1.64E-06   0.218050   0.218050
      7       6      89         24 111174.079   1.64E-06   0.218050   0.218050
      7       6      89         25  94303.708   1.64E-06   0.218050   0.218050
      7       6      89         26 208154.210   1.64E-06   0.218050   0.218050
      7       6      89         27 284714.441   1.64E-06   0.218050   0.218050
      7       6      89         28 736960.546   1.64E-06   0.218050   0.218050
      7       6      89         29 231672.210   1.64E-06   0.218050   0.218050
      7       6      89         30 1.9786E+06   1.64E-06   0.218050   0.218050
      7       6      89         31 162838.046   1.64E-06   0.218050   0.218050
      7       6      89         32 2.8491E+06   1.64E-06   0.218050   0.218050
      7       6      89         33  94367.512   1.64E-06   0.218050   0.218050
      7       6      89         34 1.5800E+09   1.64E-06   0.218050   0.218050
      7       6      89         35 1.5758E+08   1.64E-06   0.218050   0.218050
      7       6      89         36 1.7604E+10   1.64E-06   0.218050   0.218050
      7       6      89         37 8.5134E+09   1.64E-06   0.218050   0.218050
      7       6      89         38 3.3106E+09   1.64E-06   0.218050   0.218050
      7       6      89         39 1.2843E+09   1.64E-06   0.218050   0.218050
      7       6      89         40 3.4228E+10   1.64E-06   0.218050   0.218050
      7       7      90          1  27465.566   8.21E-07   0.218050   0.218050
      7       7      90          2  43800.817   8.21E-07   0.218050   0.218050
      7       7      90          3  41036.981   8.21E-07   0.218050   0.218050
      7       7      90          4  32369.490   8.21E-07   0.218050   0.218050
      7       7      90          5  31988.606   8.21E-07   0.218050   0.218050
      7       7      90          6  25785.908   8.21E-07   0.218050   0.218050
      7       7      90          7  21895.510   8.21E-07   0.218050   0.218050
      7       7      90          8  27347.117   8.21E-07   0.218050   0.218050
      7       7      90          9  26310.378   8.21E-07   0.218050   0.218050
      7       7      90         10  54165.986   8.21E-07   0.218050   0.218050
      7       7      90         11  45513.730   8.21E-07   0.218050   0.218050
      7       7      90         12  90863.669   8.21E-07   0.218050   0.218050
      7       7      90         13 111293.223   8.21E-07   0.218050   0.218050
      7       7      90         14 180457.881   8.21E-07   0.218050   0.218050
      7       7      90         15  74138.967   8.21E-07   0.218050   0.218050
      7       7      90         16  92408.818   8.21E-07   0.218050   0.218050
      7       7      90         17  94244.222   8.21E-07   0.218050   0.218050
      7       7      90         18 101347.992   8.21E-07   0.218050   0.218050
      7       7      90         19 207445.636   8.21E-07   0.218050   0.218050
      7       7      90         20 401529.181   8.21E-07   0.218050   0.218050
      7       7      90         21 167647.735   8.21E-07   0.218050   0.218050
      7       7      90         22 527109.727   8.21E-07   0.218050   0.218050
      7       7      90         23 682218.702   8.21E-07   0.218050   0.218050
      7       7      90         24 366823.468   8.21E-07   0.218050   0.218050
      7       7      90         25 1.9239E+08   8.21E-07   0.218050   0.218050
      7       7      90         26 1.8122E+07   8.21E-07   0.218050   0.218050
      7       7      90         27 5.3493E+06   8.21E-07   0.218050   0.218050
      7       7      90         28 1.0390E+07   8.21E-07   0.218050   0.218050
      7       7      90         29 3.3246E+09   8.21E-07   0.218050   0.218050
      7       7      90         30 1.3705E+08   8.21E-07   0.218050   0.218050
      7       7      90         31 5.2706E+07   8.21E-07   0.218050   0.218050
      7       7      90         32 3.1639E+09   8.21E-07   0.218050   0.218050
      7       7      90         33 1.6579E+09   8.21E-07   0.218050   0.218050
      7       7      90         34 1.3137E+09   8.21E-07   0.218050   0.218050
      7       7      90         35 7.7001E+08   8.21E-07   0.218050   0.218050
      7       7      90         36 7.2328E+08   8.21E-07   0.218050   0.218050
      7       7      90         37 4.1728E+08   8.21E-07   0.218050   0.218050
      7       7      90         38 3.0120E+08   8.21E-07   0.218050   0.218050
      7       7      90         39 4.7190E+09   8.21E-07   0.218050   0.218050
      7       7      90         40 1.6465E+09   8.21E-07   0.218050   0.218050
      7       7      90         41 2.8900E+08   8.21E-07   0.218050   0.218050
      7       7      90         42 1.4393E+09   8.21E-07   0.218050   0.218050
      7       8      91         -1  27465.573   4.10E-07   0.218050   0.218050
      7       8      91         -2  53990.165   4.10E-07   0.218050   0.218050
      7       8      91         -3  47482.435   4.10E-07   0.218050   0.218050
      7       8      91         -4  24271.576   4.10E-07   0.218050   0.218050
      7       8      91         -5  22074.631   4.10E-07   0.218050   0.218050
      7       8      91         -6  53051.164   4.10E-07   0.218050   0.218050
      7       8      91         -7  49061.007   4.10E-07   0.218050   0.218050
      7       8      91         -8  24863.696   4.10E-07   0.218050   0.218050
      7       8      91         -9  25705.253   4.10E-07   0.218050   0.218050
      7       8      91        -10  48863.851   4.10E-07   0.218050   0.218050
      7       8      91          1  27465.573   4.10E-07   0.218050   0.218050
      7       8      91          2  43800.808   4.10E-07   0.218050   0.218050
      7       8      91          3  41036.997   4.10E-07   0.218050   0.218050
      7       8      91          4  32369.482   4.10E-07   0.218050   0.218050
      7       8      91          5  31988.609   4.10E-07   0.218050   0.218050
      7       8      91          6  25785.913   4.10E-07   0.218050   0.218050
      7       8      91          7  21895.513   4.10E-07   0.218050   0.218050
      7       8      91          8  27347.126   4.10E-07   0.218050   0.218050
      7       8      91          9  26310.371   4.10E-07   0.218050   0.218050
      7       8      91         10  54165.964   4.10E-07   0.218050   0.218050
      7       8      91         11  45513.724   4.10E-07   0.218050   0.218050
      7       8      91         12  90863.655   4.10E-07   0.218050   0.218050
      7       8      91         13 111293.212   4.10E-07   0.218050   0.218050
      7       8      91         14 180457.879   4.10E-07   0.218050   0.218050
      7       8      91         15  74138.984   4.10E-07   0.218050   0.218050
      7       8      91         16  92408.826   4.10E-07   0.218050   0.218050
      7       8      91         17  94244.278   4.10E-07   0.218050   0.218050
      7       8      91         18 101347.975   4.10E-07   0.218050   0.218050
      7       8      91         19 207445.679   4.10E-07   0.218050   0.218050
      7       8      91         20 401529.112   4.10E-07   0.218050   0.218050
      7       8      91         21 167647.722   4.10E-07   0.218050   0.218050
      7       8      91         22 527109.804   4.10E-07   0.218050   0.218050
      7       8      91         23 682219.047   4.10E-07   0.218050   0.218050
      7       8      91         24 366823.574   4.10E-07   0.218050   0.218050
      7       8      91         25 1.9238E+08   4.10E-07   0.218050   0.218050
      7       8      91         26 1.8121E+07   4.10E-07   0.218050   0.218050
      7       8      91         27 5.3492E+06   4.10E-07   0.218050   0.218050
      7       8      91         28 1.0390E+07   4.10E-07   0.218050   0.218050
      7       8      91         29 3.3193E+09   4.10E-07   0.218050   0.218050
      7       8      91         30 1.3574E+08   4.10E-07   0.218050   0.218050
      7       8      91         31 5.4104E+07   4.10E-07   0.218050   0.218050
      7       8      91         32 1.7639E+08   4.10E-07   0.218050   0.218050
      7       8      91         33 3.4734E+08   4.10E-07   0.218050   0.218050
      7       8      91         34 2.6591E+11   4.10E-07   0.218050   0.218050
      7       8      91         35 1.1327E+11   4.10E-07   0.218050   0.218050
      7       8      91         36 1.1389E+11   4.10E-07   0.218050   0.218050
      7       8      91         37 7.0065E+10   4.10E-07   0.218050   0.218050
      7       8      91         38 3.8678E+11   4.10E-07   0.218050   0.218050
      7       8      91         39 6.2058E+11   4.10E-07   0.218050   0.218050
      7       8      91         40 4.3352E+12   4.10E-07   0.218050   0.218050
      7       9      92          1  27465.576   2.05E-07   0.218050   0.218050
      7       9      92          2  43800.803   2.05E-07   0.218050   0.218050
      7       9      92          3  41037.005   2.05E-07   0.218050   0.218050
      7       9      92          4  32369.477   2.05E-07   0.218050   0.218050
      7       9      92          5  31988.611   2.05E-07   0.218050   0.218050
      7       9      92          6  25785.915   2.05E-07   0.218050   0.218050
      7       9      92          7  21895.514   2.05E-07   0.218050   0.218050
      7       9      92          8  27347.130   2.05E-07   0.218050   0.218050
      7       9      92          9  26310.368   2.05E-07   0.218050   0.218050
      7       9      92         10  54165.953   2.05E-07   0.218050   0.218050
      7       9      92         11  45513.721   2.05E-07   0.218050   0.218050
      7       9      92         12  90863.647   2.05E-07   0.218050   0.218050
      7       9      92         13 111293.206   2.05E-07   0.218050   0.218050
      7       9      92         14 180457.878   2.05E-07   0.218050   0.218050
      7       9      92         15  74138.993   2.05E-07   0.218050   0.218050
      7       9      92         16  92408.830   2.05E-07   0.218050   0.218050
      7       9      92         17  94244.306   2.05E-07   0.218050   0.218050
      7       9      92         18 101347.966   2.05E-07   0.218050   0.218050
      7       9      92         19 207445.700   2.05E-07   0.218050   0.218050
      7       9      92         20 401529.077   2.05E-07   0.218050   0.218050
      7       9      92         21 167647.715   2.05E-07   0.218050   0.218050
      7       9      92         22 527109.842   2.05E-07   0.218050   0.218050
      7       9      92         23 682219.219   2.05E-07   0.218050   0.218050
      7       9      92         24 366823.631   2.05E-07   0.218050   0.218050
      7       9      92         25 1.9238E+08   2.05E-07   0.218050   0.218050
      7       9      92         26 1.8120E+07   2.05E-07   0.218050   0.218050
      7       9      92         27 5.3494E+06   2.05E-07   0.218050   0.218050
      7       9      92         28 1.0395E+07   2.05E-07   0.218050   0.218050
      7       9      92         29 3.2604E+09   2.05E-07   0.218050   0.218050
      7       9      92         30 1.3595E+08   2.05E-07   0.218050   0.218050
      7       9      92         31 5.4274E+07   2.05E-07   0.218050   0.218050
      7       9      92         32 7.7995E+07   2.05E-07   0.218050   0.218050
      7       9      92         33 3.6928E+08   2.05E-07   0.218050   0.218050
      7       9      92         34 2.8777E+09   2.05E-07   0.218050   0.218050
      7       9      92         35 5.6256E+08   2.05E-07   0.218050   0.218050
      7       9      92         36 6.2515E+08   2.05E-07   0.218050   0.218050
      7       9      92         37 9.7676E+10   2.05E-07   0.218050   0.218050
      7       9      92         38 1.1082E+11   2.05E-07   0.218050   0.218050
      7       9      92         39 1.5394E+11   2.05E-07   0.218050   0.218050
      7       9      92         40 1.6683E+11   2.05E-07   0.218050   0.218050
      7      10      93          1  27465.577   1.03E-07   0.218050   0.218050
      7      10      93          2  43800.801   1.03E-07   0.218050   0.218050
      7      10      93          3  41037.009   1.03E-07   0.218050   0.218050
      7      10      93          4  32369.475   1.03E-07   0.218050   0.218050
      7      10      93          5  31988.611   1.03E-07   0.218050   0.218050
      7      10      93          6  25785.916   1.03E-07   0.218050   0.218050
      7      10      93          7  21895.514   1.03E-07   0.218050   0.218050
      7      10      93          8  27347.132   1.03E-07   0.218050   0.218050
      7      10      93          9  26310.366   1.03E-07   0.218050   0.218050
      7      10      93         10  54165.948   1.03E-07   0.218050   0.218050
      7      10      93         11  45513.719   1.03E-07   0.218050   0.218050
      7      10      93         12  90863.644   1.03E-07   0.218050   0.218050
      7      10      93         13 111293.203   1.03E-07   0.218050   0.218050
      7      10      93         14 180457.877   1.03E-07   0.218050   0.218050
      7      10      93         15  74138.997   1.03E-07   0.218050   0.218050
      7      10      93         16  92408.832   1.03E-07   0.218050   0.218050
      7      10      93         17  94244.320   1.03E-07   0.218050   0.218050
      7      10      93         18 101347.961   1.03E-07   0.218050   0.218050
      7      10      93         19 207445.711   1.03E-07   0.218050   0.218050
      7      10      93         20 401529.060   1.03E-07   0.218050   0.218050
      7      10      93         21 167647.712   1.03E-07   0.218050   0.218050
      7      10      93         22 527109.862   1.03E-07   0.218050   0.218050
      7      10      93         23 682219.306   1.03E-07   0.218050   0.218050
      7      10      93         24 366823.656   1.03E-07   0.218050   0.218050
      7      10      93         25 1.9238E+08   1.03E-07   0.218050   0.218050
      7      10      93         26 1.8120E+07   1.03E-07   0.218050   0.218050
      7      10      93         27 5.3494E+06   1.03E-07   0.218050   0.218050
      7      10      93         28 1.0395E+07   1.03E-07   0.218050   0.218050
      7      10      93         29 3.2591E+09   1.03E-07   0.218050   0.218050
      7      10      93         30 1.3445E+08   1.03E-07   0.218050   0.218050
      7      10      93         31 6.0375E+07   1.03E-07   0.218050   0.218050
      7      10      93         32 3.3912E+07   1.03E-07   0.218050   0.218050
      7      10      93         33 2.5223E+08   1.03E-07   0.218050   0.218050
      7      10      93         34 3.1878E+07   1.03E-07   0.218050   0.218050
      7      10      93         35 4.3685E+07   1.03E-07   0.218050   0.218050
      7      10      93         36 4.5701E+08   1.03E-07   0.218050   0.218050
      7      10      93         37 6.1485E+08   1.03E-07   0.218050   0.218050
      7      10      93         38 5.3588E+08   1.03E-07   0.218050   0.218050
      7      10      93         39 3.5112E+08   1.03E-07   0.218050   0.218050
      7      10      93         40 1.5197E+08   1.03E-07   0.218050   0.218050
      7      10      93         41 1.3761E+08   1.03E-07   0.218050   0.218050
      7      11      94          1  27465.578   5.13E-08   0.218050   0.218050
      7      11      94          2  43800.800   5.13E-08   0.218050   0.218050
      7      11      94          3  41037.011   5.13E-08   0.218050   0.218050
      7      11      94          4  32369.474   5.13E-08   0.218050   0.218050
      7      11      94          5  31988.612   5.13E-08   0.218050   0.218050
      7      11      94          6  25785.917   5.13E-08   0.218050   0.218050
      7      11      94          7  21895.515   5.13E-08   0.218050   0.218050
      7      11      94          8  27347.133   5.13E-08   0.218050   0.218050
      7      11      94          9  26310.365   5.13E-08   0.218050   0.218050
      7      11      94         10  54165.945   5.13E-08   0.218050   0.218050
      7      11      94         11  45513.719   5.13E-08   0.218050   0.218050
      7      11      94         12  90863.642   5.13E-08   0.218050   0.218050
      7      11      94         13 111293.202   5.13E-08   0.218050   0.218050
      7      11      94         14 180457.877   5.13E-08   0.218050   0.218050
      7      11      94         15  74138.999   5.13E-08   0.218050   0.218050
      7      11      94         16  92408.833   5.13E-08   0.218050   0.218050
      7      11      94         17  94244.327   5.13E-08   0.218050   0.218050
      7      11      94         18 101347.959   5.13E-08   0.218050   0.218050
      7      11      94         19 207445.716   5.13E-08   0.218050   0.218050
      7      11      94         20 401529.051   5.13E-08   0.218050   0.218050
      7      11      94         21 167647.710   5.13E-08   0.218050   0.218050
      7      11      94         22 527109.871   5.13E-08   0.218050   0.218050
      7      11      94         23 682219.348   5.13E-08   0.218050   0.218050
      7      11      94         24 366823.672   5.13E-08   0.218050   0.218050
      7      11      94         25 1.9238E+08   5.13E-08   0.218050   0.218050
      7      11      94         26 1.8120E+07   5.13E-08   0.218050   0.218050
      7      11      94         27 5.3494E+06   5.13E-08   0.218050   0.218050
      7      11      94         28 1.0395E+07   5.13E-08   0.218050   0.218050
      7      11      94         29 3.2585E+09   5.13E-08   0.218050   0.218050
      7      11      94         30 1.3591E+08   5.13E-08   0.218050   0.218050
      7      11      94         31 5.3693E+07   5.13E-08   0.218050   0.218050
      7      11      94         32 3.9552E+07   5.13E-08   0.218050   0.218050
      7      11      94         33 3.8313E+09   5.13E-08   0.218050   0.218050
      7      11      94         34 5.3461E+08   5.13E-08   0.218050   0.218050
      7      11      94         35 1.2624E+09   5.13E-08   0.218050   0.218050
      7      11      94         36 5.5228E+08   5.13E-08   0.218050   0.218050
      7      11      94         37 8.9883E+08   5.13E-08   0.218050   0.218050
      7      11      94         38 2.8061E+08   5.13E-08   0.218050   0.218050
      7      11      94         39 6.5990E+10   5.13E-08   0.218050   0.218050
      7      11      94         40 2.2445E+10   5.13E-08   0.218050   0.218050
      7      11      94         41 1.1654E+10   5.13E-08   0.218050   0.218050
      7      11      94         42 2.4916E+10   5.13E-08   0.218050   0.218050
      7      12      95         -1  27465.578   2.56E-08   0.218050   0.218050
      7      12      95         -2  53990.156   2.56E-08   0.218050   0.218050
      7      12      95         -3  47482.461   2.56E-08   0.218050   0.218050
      7      12      95         -4  24271.615   2.56E-08   0.218050   0.218050
      7      12      95         -5  22074.640   2.56E-08   0.218050   0.218050
      7      12      95         -6  53051.127   2.56E-08   0.218050   0.218050
      7      12      95         -7  49061.013   2.56E-08   0.218050   0.218050
      7      12      95         -8  24863.721   2.56E-08   0.218050   0.218050
      7      12      95         -9  25705.265   2.56E-08   0.218050   0.218050
      7      12      95        -10  48863.870   2.56E-08   0.218050   0.218050
      7      12      95          1  27465.578   2.56E-08   0.218050   0.218050
      7      12      95          2  43800.799   2.56E-08   0.218050   0.218050
      7      12      95          3  41037.012   2.56E-08   0.218050   0.218050
      7      12      95          4  32369.474   2.56E-08   0.218050   0.218050
      7      12      95          5  31988.612   2.56E-08   0.218050   0.218050
      7      12      95          6  25785.917   2.56E-08   0.218050   0.218050
      7      12      95          7  21895.515   2.56E-08   0.218050   0.218050
      7      12      95          8  27347.134   2.56E-08   0.218050   0.218050
      7      12      95          9  26310.364   2.56E-08   0.218050   0.218050
      7      12      95         10  54165.944   2.56E-08   0.218050   0.218050
      7      12      95         11  45513.718   2.56E-08   0.218050   0.218050
      7      12      95         12  90863.641   2.56E-08   0.218050   0.218050
      7      12      95         13 111293.201   2.56E-08   0.218050   0.218050
      7      12      95         14 180457.877   2.56E-08   0.218050   0.218050
      7      12      95         15  74139.000   2.56E-08   0.218050   0.218050
      7      12      95         16  92408.833   2.56E-08   0.218050   0.218050
      7      12      95         17  94244.330   2.56E-08   0.218050   0.218050
      7      12      95         18 101347.958   2.56E-08   0.218050   0.218050
      7      12      95         19 207445.718   2.56E-08   0.218050   0.218050
      7      12      95         20 401529.047   2.56E-08   0.218050   0.218050
      7      12      95         21 167647.709   2.56E-08   0.218050   0.218050
      7      12      95         22 527109.876   2.56E-08   0.218050   0.218050
      7      12      95         23 682219.370   2.56E-08   0.218050   0.218050
      7      12      95         24 366823.679   2.56E-08   0.218050   0.218050
      7      12      95         25 1.9238E+08   2.56E-08   0.218050   0.218050
      7      12      95         26 1.8120E+07   2.56E-08   0.218050   0.218050
      7      12      95         27 5.3494E+06   2.56E-08   0.218050   0.218050
      7      12      95         28 1.0395E+07   2.56E-08   0.218050   0.218050
      7      12      95         29 3.2582E+09   2.56E-08   0.218050   0.218050
      7      12      95         30 1.3590E+08   2.56E-08   0.218050   0.218050
      7      12      95         31 5.3598E+07   2.56E-08   0.218050   0.218050
      7      12      95         32 4.4776E+07   2.56E-08   0.218050   0.218050
      7      12      95         33 1.3178E+09   2.56E-08   0.218050   0.218050
      7      12      95         34 1.5869E+08   2.56E-08   0.218050   0.218050
      7      12      95         35 1.2143E+09   2.56E-08   0.218050   0.218050
      7      12      95         36 2.6619E+09   2.56E-08   0.218050   0.218050
      7      12      95         37 4.8542E+09   2.56E-08   0.218050   0.218050
      7      12      95         38 4.1551E+09   2.56E-08   0.218050   0.218050
      7      12      95         39 2.7209E+09   2.56E-08   0.218050   0.218050
      7      12      95         40 1.5343E+09   2.56E-08   0.218050   0.218050
      7      13      96          1  27465.579   1.28E-08   0.218050   0.218050
      7      13      96          2  43800.799   1.28E-08   0.218050   0.218050
      7      13      96          3  41037.012   1.28E-08   0.218050   0.218050
      7      13      96          4  32369.473   1.28E-08   0.218050   0.218050
      7      13      96          5  31988.612   1.28E-08   0.218050   0.218050
      7      13      96          6  25785.917   1.28E-08   0.218050   0.218050
      7      13      96          7  21895.515   1.28E-08   0.218050   0.218050
      7      13      96          8  27347.134   1.28E-08   0.218050   0.218050
      7      13      96          9  26310.364   1.28E-08   0.218050   0.218050
      7      13      96         10  54165.943   1.28E-08   0.218050   0.218050
      7      13      96         11  45513.718   1.28E-08   0.218050   0.218050
      7      13      96         12  90863.641   1.28E-08   0.218050   0.218050
      7      13      96         13 111293.201   1.28E-08   0.218050   0.218050
      7      13      96         14 180457.877   1.28E-08   0.218050   0.218050
      7      13      96         15  74139.001   1.28E-08   0.218050   0.218050
      7      13      96         16  92408.834   1.28E-08   0.218050   0.218050
      7      13      96         17  94244.332   1.28E-08   0.218050   0.218050
      7      13      96         18 101347.957   1.28E-08   0.218050   0.218050
      7      13      96         19 207445.720   1.28E-08   0.218050   0.218050
      7      13      96         20 401529.045   1.28E-08   0.218050   0.218050
      7      13      96         21 167647.709   1.28E-08   0.218050   0.218050
      7      13      96         22 527109.878   1.28E-08   0.218050   0.218050
      7      13      96         23 682219.380   1.28E-08   0.218050   0.218050
      7      13      96         24 366823.682   1.28E-08   0.218050   0.218050
      7      13      96         25 1.9238E+08   1.28E-08   0.218050   0.218050
      7      13      96         26 1.8120E+07   1.28E-08   0.218050   0.218050
      7      13      96         27 5.3494E+06   1.28E-08   0.218050   0.218050
      7      13      96         28 1.0395E+07   1.28E-08   0.218050   0.218050
      7      13      96         29 3.2580E+09   1.28E-08   0.218050   0.218050
      7      13      96         30 1.3589E+08   1.28E-08   0.218050   0.218050
      7      13      96         31 5.3548E+07   1.28E-08   0.218050   0.218050
      7      13      96         32 4.7779E+07   1.28E-08   0.218050   0.218050
      7      13      96         33 9.4671E+08   1.28E-08   0.218050   0.218050
      7      13      96         34 1.2797E+08   1.28E-08   0.218050   0.218050
      7      13      96         35 7.1342E+10   1.28E-08   0.218050   0.218050
      7      13      96         36 7.1064E+10   1.28E-08   0.218050   0.218050
      7      13      96         37 4.9104E+10   1.28E-08   0.218050   0.218050
      7      13      96         38 4.9627E+10   1.28E-08   0.218050   0.218050
      7      13      96         39 4.1936E+10   1.28E-08   0.218050   0.218050
      7      13      96         40 3.4878E+10   1.28E-08   0.218050   0.218050
      7      14      97          1  27465.579   6.41E-09   0.218050   0.218050
      7      14      97          2  43800.799   6.41E-09   0.218050   0.218050
      7      14      97          3  41037.012   6.41E-09   0.218050   0.218050
      7      14      97          4  32369.473   6.41E-09   0.218050   0.218050
      7      14      97          5  31988.612   6.41E-09   0.218050   0.218050
      7      14      97          6  25785.917   6.41E-09   0.218050   0.218050
      7      14      97          7  21895.515   6.41E-09   0.218050   0.218050
      7      14      97          8  27347.134   6.41E-09   0.218050   0.218050
      7      14      97          9  26310.364   6.41E-09   0.218050   0.218050
      7      14      97         10  54165.943   6.41E-09   0.218050   0.218050
      7      14      97         11  45513.718   6.41E-09   0.218050   0.218050
      7      14      97         12  90863.641   6.41E-09   0.218050   0.218050
      7      14      97         13 111293.201   6.41E-09   0.218050   0.218050
      7      14      97         14 180457.877   6.41E-09   0.218050   0.218050
      7      14      97         15  74139.001   6.41E-09   0.218050   0.218050
      7      14      97         16  92408.834   6.41E-09   0.218050   0.218050
      7      14      97         17  94244.333   6.41E-09   0.218050   0.218050
      7      14      97         18 101347.957   6.41E-09   0.218050   0.218050
      7      14      97         19 207445.720   6.41E-09   0.218050   0.218050
      7      14      97         20 401529.044   6.41E-09   0.218050   0.218050
      7      14      97         21 167647.709   6.41E-09   0.218050   0.218050
      7      14      97         22 527109.879   6.41E-09   0.218050   0.218050
      7      14      97         23 682219.386   6.41E-09   0.218050   0.218050
      7      14      97         24 366823.684   6.41E-09   0.218050   0.218050
      7      14      97         25 1.9238E+08   6.41E-09   0.218050   0.218050
      7      14      97         26 1.8120E+07   6.41E-09   0.218050   0.218050
      7      14      97         27 5.3494E+06   6.41E-09   0.218050   0.218050
      7      14      97         28 1.0395E+07   6.41E-09   0.218050   0.218050
      7      14      97         29 3.2579E+09   6.41E-09   0.218050   0.218050
      7      14      97         30 1.3589E+08   6.41E-09   0.218050   0.218050
      7      14      97         31 5.3524E+07   6.41E-09   0.218050   0.218050
      7      14      97         32 4.9531E+07   6.41E-09   0.218050   0.218050
      7      14      97         33 5.4734E+08   6.41E-09   0.218050   0.218050
      7      14      97         34 6.8454E+08   6.41E-09   0.218050   0.218050
      7      14      97         35 5.1840E+08   6.41E-09   0.218050   0.218050
      7      14      97         36 3.1160E+08   6.41E-09   0.218050   0.218050
      7      14      97         37 2.8495E+08   6.41E-09   0.218050   0.218050
      7      14      97         38 1.2459E+08   6.41E-09   0.218050   0.218050
      7      14      97         39 1.8807E+09   6.41E-09   0.218050   0.218050
      7      14      97         40 8.8578E+09   6.41E-09   0.218050   0.218050
      7      15      98          1  27465.579   3.21E-09   0.218050   0.218050
      7      15      98          2  43800.798   3.21E-09   0.218050   0.218050
      7      15      98          3  41037.013   3.21E-09   0.218050   0.218050
      7      15      98          4  32369.473   3.21E-09   0.218050   0.218050
      7      15      98          5  31988.612   3.21E-09   0.218050   0.218050
      7      15      98          6  25785.918   3.21E-09   0.218050   0.218050
      7      15      98          7  21895.515   3.21E-09   0.218050   0.218050
      7      15      98          8  27347.134   3.21E-09   0.218050   0.218050
      7      15      98          9  26310.364   3.21E-09   0.218050   0.218050
      7      15      98         10  54165.943   3.21E-09   0.218050   0.218050
      7      15      98         11  45513.718   3.21E-09   0.218050   0.218050
      7      15      98         12  90863.641   3.21E-09   0.218050   0.218050
      7      15      98         13 111293.201   3.21E-09   0.218050   0.218050
      7      15      98         14 180457.877   3.21E-09   0.218050   0.218050
      7      15      98         15  74139.001   3.21E-09   0.218050   0.218050
      7      15      98         16  92408.834   3.21E-09   0.218050   0.218050
      7      15      98         17  94244.333   3.21E-09   0.218050   0.218050
      7      15      98         18 101347.957   3.21E-09   0.218050   0.218050
      7      15      98         19 207445.721   3.21E-09   0.218050   0.218050
      7      15      98         20 401529.043   3.21E-09   0.218050   0.218050
      7      15      98         21 167647.709   3.21E-09   0.218050   0.218050
      7      15      98         22 527109.880   3.21E-09   0.218050   0.218050
      7      15      98         23 682219.389   3.21E-09   0.218050   0.218050
      7      15      98         24 366823.685   3.21E-09   0.218050   0.218050
      7      15      98         25 1.9238E+08   3.21E-09   0.218050   0.218050
      7      15      98         26 1.8120E+07   3.21E-09   0.218050   0.218050
      7      15      98         27 5.3494E+06   3.21E-09   0.218050   0.218050
      7      15      98         28 1.0395E+07   3.21E-09   0.218050   0.218050
      7      15      98         29 3.2579E+09   3.21E-09   0.218050   0.218050
      7      15      98         30 1.3589E+08   3.21E-09   0.218050   0.218050
      7      15      98         31 5.3513E+07   3.21E-09   0.218050   0.218050
      7      15      98         32 5.0584E+07   3.21E-09   0.218050   0.218050
      7      15      98         33 4.6207E+08   3.21E-09   0.218050   0.218050
      7      15      98         34 1.4061E+08   3.21E-09   0.218050   0.218050
      7      15      98         35 1.0274E+08   3.21E-09   0.218050   0.218050
      7      15      98         36 4.5130E+08   3.21E-09   0.218050   0.218050
      7      15      98         37 6.3190E+09   3.21E-09   0.218050   0.218050
      7      15      98         38 2.9116E+09   3.21E-09   0.218050   0.218050
      7      15      98         39 5.8130E+09   3.21E-09   0.218050   0.218050
      7      15      98         40 1.1334E+10   3.21E-09   0.218050   0.218050
      7      16      99          1  27465.579   1.60E-09   0.218050   0.218050
      7      16      99          2  43800.798   1.60E-09   0.218050   0.218050
      7      16      99          3  41037.013   1.60E-09   0.218050   0.218050
      7      16      99          4  32369.473   1.60E-09   0.218050   0.218050
      7      16      99          5  31988.612   1.60E-09   0.218050   0.218050
      7      16      99          6  25785.918   1.60E-09   0.218050   0.218050
      7      16      99          7  21895.515   1.60E-09   0.218050   0.218050
      7      16      99          8  27347.134   1.60E-09   0.218050   0.218050
      7      16      99          9  26310.364   1.60E-09   0.218050   0.218050
      7      16      99         10  54165.943   1.60E-09   0.218050   0.218050
      7      16      99         11  45513.718   1.60E-09   0.218050   0.218050
      7      16      99         12  90863.640   1.60E-09   0.218050   0.218050
      7      16      99         13 111293.201   1.60E-09   0.218050   0.218050
      7      16      99         14 180457.877   1.60E-09   0.218050   0.218050
      7      16      99         15  74139.001   1.60E-09   0.218050   0.218050
      7      16      99         16  92408.834   1.60E-09   0.218050   0.218050
      7      16      99         17  94244.333   1.60E-09   0.218050   0.218050
      7      16      99         18 101347.957   1.60E-09   0.218050   0.218050
      7      16      99         19 207445.721   1.60E-09   0.218050   0.218050
      7      16      99         20 401529.043   1.60E-09   0.218050   0.218050
      7      16      99         21 167647.708   1.60E-09   0.218050   0.218050
      7      16      99         22 527109.880   1.60E-09   0.218050   0.218050
      7      16      99         23 682219.390   1.60E-09   0.218050   0.218050
      7      16      99         24 366823.685   1.60E-09   0.218050   0.218050
      7      16      99         25 1.9238E+08   1.60E-09   0.218050   0.218050
      7      16      99         26 1.8120E+07   1.60E-09   0.218050   0.218050
      7      16      99         27 5.3494E+06   1.60E-09   0.218050   0.218050
      7      16      99         28 1.0395E+07   1.60E-09   0.218050   0.218050
      7      16      99         29 3.2579E+09   1.60E-09   0.218050   0.218050
      7      16      99         30 1.3589E+08   1.60E-09   0.218050   0.218050
      7      16      99         31 5.3507E+07   1.60E-09   0.218050   0.218050
      7      16      99         32 5.1028E+07   1.60E-09   0.218050   0.218050
      7      16      99         33 4.1639E+08   1.60E-09   0.218050   0.218050
      7      16      99         34 6.1135E+07   1.60E-09   0.218050   0.218050
      7      16      99         35 8.3922E+08   1.60E-09   0.218050   0.218050
      7      16      99         36 6.1147E+09   1.60E-09   0.218050   0.218050
      7      16      99         37 8.6387E+09   1.60E-09   0.218050   0.218050
      7      16      99         38 6.5922E+12   1.60E-09   0.218050   0.218050
      7      16      99         39 3.1740E+12   1.60E-09   0.218050   0.218050
      7      16      99         40 6.4182E+12   1.60E-09   0.218050   0.218050
      7      17     100          1  27465.579   8.01E-10   0.218050   0.218050
      7      17     100          2  43800.798   8.01E-10   0.218050   0.218050
      7      17     100          3  41037.013   8.01E-10   0.218050   0.218050
      7      17     100          4  32369.473   8.01E-10   0.218050   0.218050
      7      17     100          5  31988.612   8.01E-10   0.218050   0.218050
      7      17     100          6  25785.918   8.01E-10   0.218050   0.218050
      7      17     100          7  21895.515   8.01E-10   0.218050   0.218050
      7      17     100          8  27347.134   8.01E-10   0.218050   0.218050
      7      17     100          9  26310.364   8.01E-10   0.218050   0.218050
      7      17     100         10  54165.943   8.01E-10   0.218050   0.218050
      7      17     100         11  45513.718   8.01E-10   0.218050   0.218050
      7      17     100         12  90863.640   8.01E-10   0.218050   0.218050
      7      17     100         13 111293.201   8.01E-10   0.218050   0.218050
      7      17     100         14 180457.877   8.01E-10   0.218050   0.218050
      7      17     100         15  74139.001   8.01E-10   0.218050   0.218050
      7      17     100         16  92408.834   8.01E-10   0.218050   0.218050
      7      17     100         17  94244.334   8.01E-10   0.218050   0.218050
      7      17     100         18 101347.957   8.01E-10   0.218050   0.218050
      7      17     100         19 207445.721   8.01E-10   0.218050   0.218050
      7      17     100         20 401529.043   8.01E-10   0.218050   0.218050
      7      17     100         21 167647.708   8.01E-10   0.218050   0.218050
      7      17     100         22 527109.881   8.01E-10   0.218050   0.218050
      7      17     100         23 682219.391   8.01E-10   0.218050   0.218050
      7      17     100         24 366823.682   8.01E-10   0.218050   0.218050
      7      17     100         25 1.9238E+08   8.01E-10   0.218050   0.218050
      7      17     100         26 1.8120E+07   8.01E-10   0.218050   0.218050
      7      17     100         27 5.3494E+06   8.01E-10   0.218050   0.218050
      7      17     100         28 1.0395E+07   8.01E-10   0.218050   0.218050
      7      17     100         29 3.2578E+09   8.01E-10   0.218050   0.218050
      7      17     100         30 1.3589E+08   8.01E-10   0.218050   0.218050
      7      17     100         31 5.3481E+07   8.01E-10   0.218050   0.218050
      7      17     100         32 5.2403E+07   8.01E-10   0.218050   0.218050
      7      17     100         33 3.3583E+08   8.01E-10   0.218050   0.218050
      7      17     100         34 3.1578E+07   8.01E-10   0.218050   0.218050
      7      17     100         35 6.8880E+08   8.01E-10   0.218050   0.218050
      7      17     100         36 3.5374E+08   8.01E-10   0.218050   0.218050
      7      17     100         37 2.0900E+10   8.01E-10   0.218050   0.218050
      7      17     100         38 2.9231E+10   8.01E-10   0.218050   0.218050
      7      17     100         39 2.2355E+10   8.01E-10   0.218050   0.218050
      7      17     100         40 3.2468E+10   8.01E-10   0.218050   0.218050
      7      18     101          1  27465.579   4.01E-10   0.218050   0.218050
      7      18     101          2  43800.798   4.01E-10   0.218050   0.218050
      7      18     101          3  41037.013   4.01E-10   0.218050   0.218050
      7      18     101          4  32369.473   4.01E-10   0.218050   0.218050
      7      18     101          5  31988.612   4.01E-10   0.218050   0.218050
      7      18     101          6  25785.918   4.01E-10   0.218050   0.218050
      7      18     101          7  21895.515   4.01E-10   0.218050   0.218050
      7      18     101          8  27347.134   4.01E-10   0.218050   0.218050
      7      18     101          9  26310.364   4.01E-10   0.218050   0.218050
      7      18     101         10  54165.943   4.01E-10   0.218050   0.218050
      7      18     101         11  45513.718   4.01E-10   0.218050   0.218050
      7      18     101         12  90863.640   4.01E-10   0.218050   0.218050
      7      18     101         13 111293.201   4.01E-10   0.218050   0.218050
      7      18     101         14 180457.877   4.01E-10   0.218050   0.218050
      7      18     101         15  74139.001   4.01E-10   0.218050   0.218050
      7      18     101         16  92408.834   4.01E-10   0.218050   0.218050
      7      18     101         17  94244.334   4.01E-10   0.218050   0.218050
      7      18     101         18 101347.957   4.01E-10   0.218050   0.218050
      7      18     101         19 207445.721   4.01E-10   0.218050   0.218050
      7      18     101         20 401529.043   4.01E-10   0.218050   0.218050
      7      18     101         21 167647.708   4.01E-10   0.218050   0.218050
      7      18     101         22 527109.880   4.01E-10   0.218050   0.218050
      7      18     101         23 682219.391   4.01E-10   0.218050   0.218050
      7      18     101         24 366823.685   4.01E-10   0.218050   0.218050
      7      18     101         25 1.9238E+08   4.01E-10   0.218050   0.218050
      7      18     101         26 1.8120E+07   4.01E-10   0.218050   0.218050
      7      18     101         27 5.3494E+06   4.01E-10   0.218050   0.218050
      7      18     101         28 1.0395E+07   4.01E-10   0.218050   0.218050
      7      18     101         29 3.2579E+09   4.01E-10   0.218050   0.218050
      7      18     101         30 1.3442E+08   4.01E-10   0.218050   0.218050
      7      18     101         31 5.8996E+07   4.01E-10   0.218050   0.218050
      7      18     101         32 1.5595E+07   4.01E-10   0.218050   0.218050
      7      18     101         33 1.4317E+08   4.01E-10   0.218050   0.218050
      7      18     101         34 1.7018E+07   4.01E-10   0.218050   0.218050
      7      18     101         35 1.9355E+09   4.01E-10   0.218050   0.218050
      7      18     101         36 7.6558E+08   4.01E-10   0.218050   0.218050
      7      18     101         37 3.5152E+09   4.01E-10   0.218050   0.218050
      7      18     101         38 6.4529E+08   4.01E-10   0.218050   0.218050
      7      18     101         39 3.9320E+08   4.01E-10   0.218050   0.218050
      7      18     101         40 5.3962E+09   4.01E-10   0.218050   0.218050
      7      19     102         -1  27465.579   2.00E-10   0.218050   0.218050
      7      19     102         -2  53990.155   2.00E-10   0.218050   0.218050
      7      19     102         -3  47482.463   2.00E-10   0.218050   0.218050
      7      19     102         -4  24271.618   2.00E-10   0.218050   0.218050
      7      19     102         -5  22074.640   2.00E-10   0.218050   0.218050
      7      19     102         -6  53051.125   2.00E-10   0.218050   0.218050
      7      19     102         -7  49061.013   2.00E-10   0.218050   0.218050
      7      19     102         -8  24863.723   2.00E-10   0.218050   0.218050
      7      19     102         -9  25705.266   2.00E-10   0.218050   0.218050
      7      19     102        -10  48863.871   2.00E-10   0.218050   0.218050
      7      19     102          1  27465.579   2.00E-10   0.218050   0.218050
      7      19     102          2  43800.798   2.00E-10   0.218050   0.218050
      7      19     102          3  41037.013   2.00E-10   0.218050   0.218050
      7      19     102          4  32369.473   2.00E-10   0.218050   0.218050
      7      19     102          5  31988.612   2.00E-10   0.218050   0.218050
      7      19     102          6  25785.918   2.00E-10   0.218050   0.218050
      7      19     102          7  21895.515   2.00E-10   0.218050   0.218050
      7      19     102          8  27347.134   2.00E-10   0.218050   0.218050
      7      19     102          9  26310.364   2.00E-10   0.218050   0.218050
      7      19     102         10  54165.943   2.00E-10   0.218050   0.218050
      7      19     102         11  45513.718   2.00E-10   0.218050   0.218050
      7      19     102         12  90863.640   2.00E-10   0.218050   0.218050
      7      19     102         13 111293.201   2.00E-10   0.218050   0.218050
      7      19     102         14 180457.877   2.00E-10   0.218050   0.218050
      7      19     102         15  74139.001   2.00E-10   0.218050   0.218050
      7      19     102         16  92408.834   2.00E-10   0.218050   0.218050
      7      19     102         17  94244.334   2.00E-10   0.218050   0.218050
      7      19     102         18 101347.957   2.00E-10   0.218050   0.218050
      7      19     102         19 207445.721   2.00E-10   0.218050   0.218050
      7      19     102         20 401529.043   2.00E-10   0.218050   0.218050
      7      19     102         21 167647.708   2.00E-10   0.218050   0.218050
      7      19     102         22 527109.881   2.00E-10   0.218050   0.218050
      7      19     102         23 682219.392   2.00E-10   0.218050   0.218050
      7      19     102         24 366823.683   2.00E-10   0.218050   0.218050
      7      19     102         25 1.9238E+08   2.00E-10   0.218050   0.218050
      7      19     102         26 1.8120E+07   2.00E-10   0.218050   0.218050
      7      19     102         27 5.3494E+06   2.00E-10   0.218050   0.218050
      7      19     102         28 1.0395E+07   2.00E-10   0.218050   0.218050
      7      19     102         29 3.2578E+09   2.00E-10   0.218050   0.218050
      7      19     102         30 1.3442E+08   2.00E-10   0.218050   0.218050
      7      19     102         31 5.8974E+07   2.00E-10   0.218050   0.218050
      7      19     102         32 1.5665E+07   2.00E-10   0.218050   0.218050
      7      19     102         33 1.6217E+09   2.00E-10   0.218050   0.218050
      7      19     102         34 1.5327E+08   2.00E-10   0.218050   0.218050
      7      19     102         35 1.0375E+09   2.00E-10   0.218050   0.218050
      7      19     102         36 2.0679E+08   2.00E-10   0.218050   0.218050
      7      19     102         37 1.9245E+10   2.00E-10   0.218050   0.218050
      7      19     102         38 3.1829E+09   2.00E-10   0.218050   0.218050
      7      19     102         39 1.7148E+09   2.00E-10   0.218050   0.218050
      7      19     102         40 3.0026E+09   2.00E-10   0.218050   0.218050

 * * * W A R N I N G * * *
 MAXIMUM NUMBER OF NULL STEPS REACHED FOR
 CASE: PUSHOVER_X
 SUBSEQUENT RESULTS WILL NOT BE AVAILABLE


 NUMBER OF STIFFNESS FORMATIONS/SOLUTIONS  =         648

 TIME FOR INITIALIZING ANALYSIS            =        0.06
 TIME FOR CONTROLLING ANALYSIS             =        0.08
 TIME FOR UPDATING LOADS AND STATE         =        6.77
 TIME FOR FORMING STIFFNESS MATRIX         =        0.40
 TIME FOR SOLVING STIFFNESS MATRIX         =       16.76
 TIME FOR CALCULATING DISPLACEMENTS        =        1.34
 TIME FOR DETERMINING EVENTS               =        0.12
 TIME FOR SAVING RESULTS                   =        0.42
                                               ----------
 TOTAL TIME FOR THIS ANALYSIS              =       25.95


 N O N L I N E A R   S T A T I C   A N A L Y S I S                      23:47:24

 CASE: PUSHOVER_Y

 STARTING FROM ZERO (UNSTRESSED) INITIAL CONDITIONS

 LOAD CONTROL TYPE                         = DISPLACEMENT
 SAVE POSITIVE INCREMENTS ONLY             =         YES
 TYPE OF GEOMETRIC NONLINEARITY            = LARGE DISPLACEMENT AND P-DELTA
 USE EVENT STEPPING                        =         YES
 USE ITERATION                             =         YES
 USE LINE SEARCH                           =          NO
 EVENT LUMPING TOLERANCE                   =    0.000100
 FORCE CONVERGENCE TOLERANCE (RELATIVE)    =    0.000100

 Negative iterations are Constant-Stiffness
 Positive iterations are Newton-Raphson

  Saved    Null   Total  Iteration   Relative  Curr Step   Curr Sum    Max Sum
  Steps   Steps   Steps  this Step  Unbalance       Size   of Steps   of Steps
 (  100      20     200     -10/40   1.000000   0.100000   1.000000   1.000000)

      0       0       1         -1 129.621518   0.100000    .000000    .000000
      0       0       1         -2   2.047142   0.100000    .000000    .000000
      1       0       1  Conv   -3   0.164487   0.100000   0.100000   0.100000
      2       0       2  Conv   -1   0.165208   0.000561   0.100561   0.100561
      3       0       3  Conv   -1   0.175754   5.07E-05   0.100612   0.100612
      3       0       4  Conv   -1   0.187522   6.84E-05   0.100680   0.100680
      3       0       5  Conv   -1   0.202682   5.87E-05   0.100739   0.100739
      3       0       6  Conv   -1   0.220534   5.87E-05   0.100798   0.100798
      3       0       7  Conv   -1   0.240473   5.86E-05   0.100856   0.100856
      3       0       8  Conv   -1   0.262019   5.86E-05   0.100915   0.100915
      3       0       9  Conv   -1   0.284801   5.86E-05   0.100974   0.100974
      3       0      10  Conv   -1   0.308543   5.85E-05   0.101032   0.101032
      3       0      11  Conv   -1   0.333035   5.85E-05   0.101091   0.101091
      3       0      12  Conv   -1   0.358120   5.85E-05   0.101149   0.101149
      3       0      13  Conv   -1   0.383679   5.84E-05   0.101208   0.101208
      3       0      14  Conv   -1   0.409618   5.84E-05   0.101266   0.101266
      3       0      15  Conv   -1   0.435869   5.84E-05   0.101324   0.101324
      3       0      16  Conv   -1   0.462374   5.83E-05   0.101383   0.101383
      3       0      17  Conv   -1   0.489089   5.83E-05   0.101441   0.101441
      3       0      18  Conv   -1   0.515981   5.83E-05   0.101499   0.101499
      3       0      19  Conv   -1   0.543019   5.82E-05   0.101558   0.101558
      3       0      20  Conv   -1   0.570182   5.82E-05   0.101616   0.101616
      3       0      21  Conv   -1   0.597449   5.82E-05   0.101674   0.101674
      3       0      22  Conv   -1   0.624806   5.81E-05   0.101732   0.101732
      3       0      23  Conv   -1   0.652239   5.81E-05   0.101790   0.101790
      3       0      24  Conv   -1   0.679736   5.81E-05   0.101848   0.101848
      3       0      25  Conv   -1   0.759921   5.80E-05   0.101906   0.101906
      3       0      26  Conv   -1   0.825650   5.60E-05   0.101962   0.101962
      3       0      27  Conv   -1   0.894327   5.60E-05   0.102018   0.102018
      3       0      28  Conv   -1   0.965314   5.60E-05   0.102074   0.102074
      3       0      29         -1   1.038130   5.59E-05   0.102074   0.102074
      3       0      29  Conv   -2   0.120398   5.59E-05   0.102130   0.102130
      3       0      30  Conv   -1   0.222887   0.002013   0.104143   0.104143
      3       0      31  Conv   -1   0.221835   0.000514   0.104657   0.104657
      3       0      32  Conv   -1   0.300731   0.000699   0.105356   0.105356
      3       0      33  Conv   -1   0.339403   3.75E-05   0.105394   0.105394
      3       0      34  Conv   -1   0.412435   8.46E-06   0.105402   0.105402
      3       0      35  Conv   -1   0.499589   4.98E-05   0.105452   0.105452
      3       0      36  Conv   -1   0.594706   4.98E-05   0.105502   0.105502
      3       0      37  Conv   -1   0.694493   4.85E-05   0.105550   0.105550
      3       0      38  Conv   -1   0.797194   3.91E-05   0.105590   0.105590
      3       0      39  Conv   -1   0.901790   3.91E-05   0.105629   0.105629
      3       0      40         -1   1.080811   1.72E-05   0.105629   0.105629
      4       0      40  Conv   -2   0.153229   1.72E-05   0.105646   0.105646
      5       0      41  Conv   -1   0.206698   3.27E-05   0.105679   0.105679
      5       0      42  Conv   -1   0.327681   4.55E-05   0.105724   0.105724
      5       0      43  Conv   -1   0.466236   4.55E-05   0.105770   0.105770
      5       0      44  Conv   -1   0.610474   4.54E-05   0.105815   0.105815
      5       0      45  Conv   -1   0.757120   4.54E-05   0.105860   0.105860
      5       0      46  Conv   -1   0.904978   4.54E-05   0.105906   0.105906
      5       0      47         -1   1.240513   1.48E-05   0.105906   0.105906
      6       0      47  Conv   -2   0.426193   1.48E-05   0.105921   0.105921
      7       0      48  Conv   -1   0.590954   0.000126   0.106046   0.106046
      7       0      49  Conv   -1   0.913640   0.000142   0.106188   0.106188
      7       0      50         -1   1.318912   2.98E-05   0.106188   0.106188
      8       0      50  Conv   -2   0.519594   2.98E-05   0.106218   0.106218
      9       0      51  Conv   -1   0.349486   7.23E-05   0.106291   0.106291
      9       0      52  Conv   -1   0.417786   0.000568   0.106859   0.106859
      9       0      53  Conv   -1   0.652850   5.20E-05   0.106911   0.106911
      9       0      54  Conv   -1   0.944736   2.98E-05   0.106940   0.106940
      9       0      55         -1   1.333893   6.93E-06   0.106940   0.106940
     10       0      55  Conv   -2   0.481568   6.93E-06   0.106947   0.106947
     11       0      56  Conv   -1   0.279777   5.48E-05   0.107002   0.107002
     11       0      57  Conv   -1   0.328082   2.97E-05   0.107032   0.107032
     11       0      58  Conv   -1   0.658806   6.95E-06   0.107039   0.107039
     11       0      59         -1   1.051612   2.48E-05   0.107039   0.107039
     12       0      59  Conv   -2   0.470521   2.48E-05   0.107064   0.107064
     13       0      60  Conv   -1   0.269668   4.85E-05   0.107112   0.107112
     13       0      61  Conv   -1   0.321361   2.97E-05   0.107142   0.107142
     13       0      62  Conv   -1   0.666320   6.98E-06   0.107149   0.107149
     13       0      63         -1   1.060607   2.48E-05   0.107149   0.107149
     14       0      63  Conv   -2   0.468374   2.48E-05   0.107174   0.107174
     15       0      64  Conv   -1   0.267275   5.02E-05   0.107224   0.107224
     15       0      65  Conv   -1   0.320691   2.97E-05   0.107253   0.107253
     15       0      66  Conv   -1   0.667788   7.00E-06   0.107260   0.107260
     15       0      67         -1   1.062372   2.48E-05   0.107260   0.107260
     16       0      67  Conv   -2   0.468045   2.48E-05   0.107285   0.107285
     17       0      68  Conv   -1   0.266904   5.02E-05   0.107335   0.107335
     17       0      69  Conv   -1   0.320579   2.96E-05   0.107365   0.107365
     17       0      70  Conv   -1   0.667993   7.03E-06   0.107372   0.107372
     17       0      71         -1   1.062650   2.47E-05   0.107372   0.107372
     18       0      71  Conv   -2   0.468110   2.47E-05   0.107397   0.107397
     19       0      72  Conv   -1   0.267017   5.02E-05   0.107447   0.107447
     19       0      73  Conv   -1   0.320586   2.96E-05   0.107477   0.107477
     19       0      74  Conv   -1   0.667961   7.05E-06   0.107484   0.107484
     19       0      75         -1   1.062638   2.47E-05   0.107484   0.107484
     20       0      75  Conv   -2   0.468254   2.47E-05   0.107508   0.107508
     21       0      76  Conv   -1   0.267230   5.01E-05   0.107558   0.107558
     21       0      77  Conv   -1   0.320616   2.96E-05   0.107588   0.107588
     21       0      78  Conv   -1   0.667883   7.08E-06   0.107595   0.107595
     21       0      79         -1   1.062567   2.47E-05   0.107595   0.107595
     22       0      79  Conv   -2   0.468411   2.47E-05   0.107620   0.107620
     23       0      80  Conv   -1   0.267462   5.00E-05   0.107670   0.107670
     23       0      81  Conv   -1   0.320650   2.95E-05   0.107699   0.107699
     23       0      82  Conv   -1   0.667793   7.10E-06   0.107706   0.107706
     23       0      83         -1   1.062480   2.46E-05   0.107706   0.107706
     24       0      83  Conv   -2   0.468568   2.46E-05   0.107731   0.107731
     25       0      84  Conv   -1   0.798721   5.00E-05   0.107781   0.107781
     25       0      85         -1   1.455644   3.05E-05   0.107781   0.107781
     26       0      85  Conv   -2   0.754435   3.05E-05   0.107812   0.107812
     26       0      86  Conv   -1   0.191697   1.42E-05   0.107826   0.107826
     26       0      87  Conv   -1   0.922453   1.41E-05   0.107840   0.107840
     26       0      88         -1   1.722664   3.20E-05   0.107840   0.107840
     27       0      88  Conv   -2   0.769490   3.20E-05   0.107872   0.107872
     28       0      89  Conv   -1   0.189103   3.84E-05   0.107910   0.107910
     28       0      90  Conv   -1   0.750129   3.05E-05   0.107941   0.107941
     28       0      91         -1   1.576191   3.85E-06   0.107941   0.107941
     29       0      91  Conv   -2   0.870752   3.85E-06   0.107945   0.107945
     30       0      92  Conv   -1   0.049284   7.45E-06   0.107952   0.107952
     30       0      93  Conv   -1   0.676616   2.24E-05   0.107975   0.107975
     30       0      94         -1   1.343650   3.00E-05   0.107975   0.107975
     31       0      94  Conv   -2   0.650619   3.00E-05   0.108005   0.108005
     32       0      95  Conv   -1   0.162156   8.54E-05   0.108090   0.108090
     32       0      96  Conv   -1   0.511616   3.17E-05   0.108122   0.108122
     32       0      97         -1   1.230148   3.81E-07   0.108122   0.108122
     33       0      97  Conv   -2   0.759113   3.81E-07   0.108122   0.108122
     34       0      98  Conv   -1   0.250351   2.56E-05   0.108148   0.108148
     34       0      99  Conv   -1   0.583236   6.41E-06   0.108154   0.108154
     34       0     100         -1   1.243167   2.24E-05   0.108154   0.108154
     35       0     100  Conv   -2   0.669631   2.24E-05   0.108176   0.108176
     35       0     101         -1 914.877561   0.100000   0.108176   0.108176
     35       0     101         -2 802.601141   0.100000   0.108176   0.108176
     35       0     101         -3 548.535304   0.100000   0.108176   0.108176
     35       0     101         -4 400.635234   0.100000   0.108176   0.108176
     35       0     101         -5 289.994151   0.100000   0.108176   0.108176
     35       0     101         -6 201.930820   0.100000   0.108176   0.108176
     35       0     101         -7 136.148354   0.100000   0.108176   0.108176
     35       0     101         -8  86.018698   0.100000   0.108176   0.108176
     35       0     101         -9  56.259114   0.100000   0.108176   0.108176
     35       0     101        -10  36.786574   0.100000   0.108176   0.108176
     35       0     101         -1 677.766206   0.050000   0.108176   0.108176
     35       0     101         -2 338.971413   0.050000   0.108176   0.108176
     35       0     101         -3 193.340522   0.050000   0.108176   0.108176
     35       0     101         -4 113.806683   0.050000   0.108176   0.108176
     35       0     101         -5  67.538870   0.050000   0.108176   0.108176
     35       0     101         -6  38.751927   0.050000   0.108176   0.108176
     35       0     101         -7  23.524361   0.050000   0.108176   0.108176
     35       0     101         -8  14.922077   0.050000   0.108176   0.108176
     35       0     101         -9   9.876486   0.050000   0.108176   0.108176
     35       0     101        -10   6.780563   0.050000   0.108176   0.108176
     35       0     101          1 677.766206   0.050000   0.108176   0.108176
     35       0     101          2 195.449442   0.050000   0.108176   0.108176
     36       0     101  Conv    3   0.643593   0.050000   0.158176   0.158176
     36       0     102          1   1355.503   0.100000   0.158176   0.158176
     36       0     102          2 475.340125   0.100000   0.158176   0.158176
     36       0     102          3   2.491963   0.100000   0.158176   0.158176
     37       0     102  Conv   -4   0.006811   0.100000   0.258176   0.258176
     37       0     103         -1   3155.575   0.100000   0.258176   0.258176
     37       0     103         -2 839.933192   0.100000   0.258176   0.258176
     37       0     103         -3 579.024908   0.100000   0.258176   0.258176
     37       0     103         -4 179.125444   0.100000   0.258176   0.258176
     37       0     103         -5  82.467489   0.100000   0.258176   0.258176
     37       0     103         -6  51.115525   0.100000   0.258176   0.258176
     37       0     103         -7  22.414878   0.100000   0.258176   0.258176
     37       0     103         -8  25.232737   0.100000   0.258176   0.258176
     37       0     103         -9  17.814995   0.100000   0.258176   0.258176
     37       0     103        -10  16.609618   0.100000   0.258176   0.258176
     37       0     103          1   4674.223   0.100000   0.258176   0.258176
     37       0     103          2  12.205119   0.100000   0.258176   0.258176
     38       0     103  Conv    3   0.558670   0.100000   0.358176   0.358176
     38       0     104          1   3185.771   0.100000   0.358176   0.358176
     38       0     104          2   1.763119   0.100000   0.358176   0.358176
     39       0     104  Conv    3   0.073481   0.100000   0.458176   0.458176
     39       0     105          1   3938.985   0.100000   0.458176   0.458176
     39       0     105          2   1.569629   0.100000   0.458176   0.458176
     40       0     105  Conv    3   0.061183   0.100000   0.558176   0.558176
     40       0     106          1   4680.492   0.100000   0.558176   0.558176
     40       0     106          2  19.076625   0.100000   0.558176   0.558176
     40       0     106          3   1.424452   0.100000   0.558176   0.558176
     41       0     106  Conv   -4   0.006674   0.100000   0.658176   0.658176
     41       0     107         -1   3281.053   0.100000   0.658176   0.658176
     41       0     107         -2   1846.362   0.100000   0.658176   0.658176
     41       0     107         -3   1394.381   0.100000   0.658176   0.658176
     41       0     107         -4   1302.670   0.100000   0.658176   0.658176
     41       0     107         -5 734.466700   0.100000   0.658176   0.658176
     41       0     107         -6 806.673482   0.100000   0.658176   0.658176
     41       0     107         -7 413.075477   0.100000   0.658176   0.658176
     41       0     107         -8 481.184918   0.100000   0.658176   0.658176
     41       0     107         -9 236.593403   0.100000   0.658176   0.658176
     41       0     107        -10 283.837827   0.100000   0.658176   0.658176
     41       0     107          1   3281.053   0.100000   0.658176   0.658176
     41       0     107          2  95.170510   0.100000   0.658176   0.658176
     41       0     107          3   8.145716   0.100000   0.658176   0.658176
     42       0     107  Conv    4   0.041529   0.100000   0.758176   0.758176
     42       0     108          1   2115.312   0.100000   0.758176   0.758176
     42       0     108          2   1.314623   0.100000   0.758176   0.758176
     43       0     108  Conv    3   0.093053   0.100000   0.858176   0.858176
     43       0     109          1   2110.040   0.100000   0.858176   0.858176
     43       0     109          2  11.030511   0.100000   0.858176   0.858176
     43       0     109          3   5.255755   0.100000   0.858176   0.858176
     43       0     109          4   1.073352   0.100000   0.858176   0.858176
     44       0     109  Conv    5   0.296797   0.100000   0.958176   0.958176
     44       0     110          1  36361.902   0.041824   0.958176   0.958176
     44       0     110          2 4.3387E+06   0.041824   0.958176   0.958176
     44       0     110          3  37457.853   0.041824   0.958176   0.958176
     44       0     110          4 1.1339E+07   0.041824   0.958176   0.958176
     44       0     110          5  93020.109   0.041824   0.958176   0.958176
     44       0     110          6  22959.427   0.041824   0.958176   0.958176
     44       0     110          7 1.8530E+06   0.041824   0.958176   0.958176
     44       0     110          8 7.3011E+06   0.041824   0.958176   0.958176
     44       0     110          9 1.4200E+09   0.041824   0.958176   0.958176
     44       1     111          1  28045.054   0.020912   0.958176   0.958176
     44       1     111          2 1.2480E+09   0.020912   0.958176   0.958176
     44       1     111          3 257134.049   0.020912   0.958176   0.958176
     44       1     111          4 3.2781E+06   0.020912   0.958176   0.958176
     44       1     111          5  89756.089   0.020912   0.958176   0.958176
     44       1     111          6 7.1151E+06   0.020912   0.958176   0.958176
     44       1     111          7  14072.269   0.020912   0.958176   0.958176
     44       1     111          8 7.2609E+07   0.020912   0.958176   0.958176
     44       1     111          9 123510.463   0.020912   0.958176   0.958176
     44       1     111         10 1.7139E+06   0.020912   0.958176   0.958176
     44       1     111         11 6.5902E+06   0.020912   0.958176   0.958176
     44       1     111         12 5.6816E+07   0.020912   0.958176   0.958176
     44       1     111         13 1.2192E+06   0.020912   0.958176   0.958176
     44       1     111         14 3.6679E+06   0.020912   0.958176   0.958176
     44       1     111         15 2.1776E+07   0.020912   0.958176   0.958176
     44       1     111         16 1.4390E+06   0.020912   0.958176   0.958176
     44       1     111         17 2.1555E+09   0.020912   0.958176   0.958176
     44       2     112          1  22129.962   0.010456   0.958176   0.958176
     44       2     112          2   1288.698   0.010456   0.958176   0.958176
     44       2     112          3 159.169547   0.010456   0.958176   0.958176
     44       2     112          4   1.704226   0.010456   0.958176   0.958176
     45       2     112  Conv    5   0.012852   0.010456   0.968632   0.968632
     45       2     113          1 413.457345   0.020912   0.968632   0.968632
     45       2     113         -2   0.298868   0.020912   0.968632   0.968632
     45       2     113         -1 331.196633   0.031368   0.968632   0.968632
     45       2     113         -2   1.503138   0.031368   0.968632   0.968632
     46       2     113  Conv   -3   0.222472   0.031368   1.000000   1.000000

 NUMBER OF STIFFNESS FORMATIONS/SOLUTIONS  =         165

 TIME FOR INITIALIZING ANALYSIS            =        0.00
 TIME FOR CONTROLLING ANALYSIS             =        0.02
 TIME FOR UPDATING LOADS AND STATE         =        1.05
 TIME FOR FORMING STIFFNESS MATRIX         =        0.06
 TIME FOR SOLVING STIFFNESS MATRIX         =        4.47
 TIME FOR CALCULATING DISPLACEMENTS        =        0.49
 TIME FOR DETERMINING EVENTS               =        0.24
 TIME FOR SAVING RESULTS                   =        0.57
                                               ----------
 TOTAL TIME FOR THIS ANALYSIS              =        6.90


 A N A L Y S I S   C O M P L E T E                          2026/07/13  23:47:31
