

 SAP2000 v22.1.0 Ultimate 64-bit (Analysis Build 9798/64)
 File: E:\sap2000_generated_mo...D030_SoilZA_Raft100_RhoR020_Slab022_RhoS030.LOG




 B E G I N   A N A L Y S I S                                2026/07/18  10:56:04


 RUNNING ANALYSIS WITHIN THE GUI PROCESS
 USING THE ADVANCED SOLVER (PROVIDES LIMITED INSTABILITY INFORMATION)

 NUMBER OF JOINTS                          =          49
    WITH RESTRAINTS                        =           9
    WITH SPRINGS                           =           9
 NUMBER OF FRAME/CABLE/TENDON ELEMENTS     =          84
 NUMBER OF SHELL ELEMENTS                  =          17
 NUMBER OF CONSTRAINTS/WELDS               =           4
 NUMBER OF LOAD PATTERNS                   =           4
 NUMBER OF ACCELERATION LOADS              =           9
 NUMBER OF LOAD CASES                      =           2

 ADDRESSABLE PHYSICAL MEMORY (RAM)         =      15.842 GB

 PARALLELIZATION OF ANALYSIS OPERATIONS:
 (Env. variable SAPFIRE_NUM_THREADS        =           0)
 NUMBER OF THREADS: STATE (AUTOMATIC)      =           6
 NUMBER OF THREADS: STIFFNESS (AUTOMATIC)  =           6
 NUMBER OF THREADS: EVENT (AUTOMATIC)      =           6
 NUMBER OF THREADS: MOVE (AUTOMATIC)       =           6
 NUMBER OF THREADS: RESPONSE (AUTOMATIC)   =           6
 NUMBER OF THREADS: SOLVE (AUTOMATIC)      =           6
 NUMBER OF THREADS: FORM (AUTOMATIC)       =           6


 N O N L I N E A R   S T A T I C   A N A L Y S I S                      10:56:04

 CASE: PUSHOVER_X

 STARTING FROM ZERO (UNSTRESSED) INITIAL CONDITIONS

 LOAD CONTROL TYPE                         = DISPLACEMENT
 SAVE POSITIVE INCREMENTS ONLY             =         YES
 TYPE OF GEOMETRIC NONLINEARITY            = LARGE DISPLACEMENT AND P-DELTA
 USE EVENT STEPPING                        =         YES
 USE ITERATION                             =         YES
 USE LINE SEARCH                           =          NO
 EVENT LUMPING TOLERANCE                   =    0.000100
 FORCE CONVERGENCE TOLERANCE (RELATIVE)    =    0.000100


 E L E M E N T   F O R M A T I O N                                      10:56:04


 NUMBER OF COUPLED CONSTRAINT EQUATIONS    =           0

 Negative iterations are Constant-Stiffness
 Positive iterations are Newton-Raphson

  Saved    Null   Total  Iteration   Relative  Curr Step   Curr Sum    Max Sum
  Steps   Steps   Steps  this Step  Unbalance       Size   of Steps   of Steps
 (  100      20     200     -10/40   1.000000   0.100000   1.000000   1.000000)

      0       0       1         -1  80.829874   0.100000    .000000    .000000
      0       0       1         -2   1.189142   0.100000    .000000    .000000
      1       0       1  Conv   -3   0.043109   0.100000   0.100000   0.100000
      1       0       2         -1   3.449232   0.021208   0.100000   0.100000
      2       0       2  Conv   -2   0.012605   0.021208   0.121208   0.121208
      3       0       3  Conv   -1   0.076145   0.003707   0.124915   0.124915
      3       0       4  Conv   -1   0.449164   0.007503   0.132419   0.132419
      3       0       5  Conv   -1   0.445835   0.000494   0.132913   0.132913
      3       0       6  Conv   -1   0.477918   0.002732   0.135645   0.135645
      3       0       7  Conv   -1   0.475050   0.000829   0.136474   0.136474
      3       0       8  Conv   -1   0.482292   0.001733   0.138207   0.138207
      3       0       9  Conv   -1   0.479766   0.000382   0.138589   0.138589
      3       0      10  Conv   -1   0.506195   0.002462   0.141051   0.141051
      3       0      11  Conv   -1   0.537144   0.002558   0.143610   0.143610
      3       0      12  Conv   -1   0.780679   0.006008   0.149617   0.149617
      3       0      13  Conv   -1   0.778378   0.000330   0.149947   0.149947
      3       0      14  Conv   -1   0.861735   0.003783   0.153730   0.153730
      3       0      15  Conv   -1   0.869989   0.001634   0.155364   0.155364
      3       0      16  Conv   -1   0.867691   0.000366   0.155730   0.155730
      3       0      17  Conv   -1   0.886892   0.002163   0.157893   0.157893
      3       0      18  Conv   -1   0.885593   0.000339   0.158232   0.158232
      3       0      19  Conv   -1   0.883898   0.000247   0.158479   0.158479
      3       0      20  Conv   -1   0.982913   0.004017   0.162496   0.162496
      3       0      21         -1   1.126698   0.004647   0.162496   0.162496
      3       0      21  Conv   -2   0.004279   0.004647   0.167144   0.167144
      3       0      22  Conv   -1   0.033727   0.002282   0.169425   0.169425
      3       0      23  Conv   -1   0.064212   0.002132   0.171557   0.171557
      3       0      24  Conv   -1   0.589358   0.008572   0.180129   0.180129
      3       0      25  Conv   -1   0.588953   0.000164   0.180293   0.180293
      3       0      26  Conv   -1   0.685269   0.004063   0.184357   0.184357
      3       0      27  Conv   -1   0.823358   0.004661   0.189018   0.189018
      3       0      28  Conv   -1   0.834654   0.001981   0.190999   0.190999
      3       0      29  Conv   -1   0.839561   0.001657   0.192656   0.192656
      3       0      30  Conv   -1   0.836352   0.000773   0.193429   0.193429
      3       0      31         -1   1.590152   0.010121   0.193429   0.193429
      3       0      31  Conv   -2   0.006136   0.010121   0.203550   0.203550
      3       0      32  Conv   -1   0.551913   0.008748   0.212298   0.212298
      3       0      33  Conv   -1   0.552927   0.001827   0.214125   0.214125
      3       0      34  Conv   -1   0.550468   0.000180   0.214305   0.214305
      3       0      35  Conv   -1   0.965267   0.007840   0.222145   0.222145
      3       0      36         -1   2.624488   0.014612   0.222145   0.222145
      4       0      36  Conv   -2   0.011265   0.014612   0.236757   0.236757
      4       0      37  Conv   -1   0.194407   0.005664   0.242421   0.242421
      4       0      38         -1  48.506836   0.073318   0.242421   0.242421
      4       0      38  Conv   -2   0.701398   0.073318   0.315739   0.315739
      4       0      39         -1   1.101753   0.011231   0.315739   0.315739
      4       0      39  Conv   -2   0.009921   0.011231   0.326970   0.326970
      5       0      40  Conv   -1   0.943946   0.011582   0.338552   0.338552
      5       0      41  Conv   -1   0.940467   0.000157   0.338710   0.338710
      5       0      42  Conv   -1   0.937086   0.000160   0.338870   0.338870
      5       0      43  Conv   -1   0.933863   0.000160   0.339030   0.339030
      5       0      44  Conv   -1   0.930801   0.000160   0.339190   0.339190
      5       0      45  Conv   -1   0.927899   0.000160   0.339350   0.339350
      5       0      46  Conv   -1   0.925158   0.000159   0.339509   0.339509
      5       0      47  Conv   -1   0.922580   0.000159   0.339668   0.339668
      5       0      48  Conv   -1   0.920165   0.000159   0.339827   0.339827
      5       0      49  Conv   -1   0.917914   0.000159   0.339986   0.339986
      5       0      50  Conv   -1   0.915826   0.000158   0.340144   0.340144
      5       0      51  Conv   -1   0.913903   0.000158   0.340302   0.340302
      5       0      52  Conv   -1   0.912145   0.000158   0.340460   0.340460
      5       0      53  Conv   -1   0.910552   0.000158   0.340617   0.340617
      5       0      54  Conv   -1   0.909125   0.000157   0.340775   0.340775
      5       0      55  Conv   -1   0.907863   0.000157   0.340932   0.340932
      5       0      56  Conv   -1   0.906766   0.000157   0.341089   0.341089
      5       0      57  Conv   -1   0.905835   0.000157   0.341245   0.341245
      5       0      58  Conv   -1   0.905069   0.000156   0.341402   0.341402
      5       0      59  Conv   -1   0.904468   0.000156   0.341558   0.341558
      5       0      60  Conv   -1   0.904031   0.000156   0.341714   0.341714
      5       0      61  Conv   -1   0.903759   0.000156   0.341869   0.341869
      5       0      62  Conv   -1   0.903650   0.000155   0.342025   0.342025
      5       0      63  Conv   -1   0.903705   0.000155   0.342180   0.342180
      5       0      64  Conv   -1   0.903922   0.000155   0.342335   0.342335
      5       0      65  Conv   -1   0.904301   0.000155   0.342489   0.342489
      5       0      66  Conv   -1   0.904841   0.000154   0.342644   0.342644
      5       0      67  Conv   -1   0.905540   0.000154   0.342798   0.342798
      5       0      68  Conv   -1   0.906399   0.000154   0.342952   0.342952
      5       0      69  Conv   -1   0.907415   0.000154   0.343105   0.343105
      5       0      70  Conv   -1   0.908588   0.000153   0.343259   0.343259
      5       0      71  Conv   -1   0.909916   0.000153   0.343412   0.343412
      5       0      72  Conv   -1   0.911398   0.000153   0.343565   0.343565
      5       0      73  Conv   -1   0.913034   0.000153   0.343718   0.343718
      5       0      74  Conv   -1   0.914820   0.000153   0.343870   0.343870
      5       0      75  Conv   -1   0.916757   0.000152   0.344023   0.344023
      5       0      76  Conv   -1   0.918841   0.000152   0.344175   0.344175
      5       0      77  Conv   -1   0.921073   0.000152   0.344327   0.344327
      5       0      78  Conv   -1   0.923449   0.000152   0.344478   0.344478
      5       0      79  Conv   -1   0.925969   0.000151   0.344630   0.344630
      5       0      80  Conv   -1   0.928630   0.000151   0.344781   0.344781
      5       0      81  Conv   -1   0.931431   0.000151   0.344932   0.344932
      5       0      82  Conv   -1   0.934371   0.000151   0.345082   0.345082
      5       0      83  Conv   -1   0.937446   0.000150   0.345233   0.345233
      5       0      84  Conv   -1   0.940655   0.000150   0.345383   0.345383
      5       0      85  Conv   -1   0.943997   0.000150   0.345533   0.345533
      5       0      86  Conv   -1   0.947469   0.000150   0.345683   0.345683
      5       0      87  Conv   -1   0.951069   0.000150   0.345832   0.345832
      5       0      88  Conv   -1   0.954795   0.000149   0.345982   0.345982
      5       0      89  Conv   -1   0.958646   0.000149   0.346131   0.346131
      5       0      90  Conv   -1   0.962619   0.000149   0.346280   0.346280
      5       0      91  Conv   -1   0.966713   0.000149   0.346428   0.346428
      5       0      92  Conv   -1   0.970924   0.000148   0.346577   0.346577
      5       0      93  Conv   -1   0.975252   0.000148   0.346725   0.346725
      5       0      94         -1   2.844431   9.23E-05   0.346725   0.346725
      5       0      94         -2   1.236571   9.23E-05   0.346725   0.346725
      6       0      94  Conv   -3   0.286921   9.23E-05   0.346817   0.346817
      6       0      95         -1   1.447765   1.79E-05   0.346817   0.346817
      6       0      95         -2   1.580359   1.79E-05   0.346817   0.346817
      7       0      95  Conv   -3   0.361576   1.79E-05   0.346835   0.346835
      7       0      96         -1   1.578614   4.21E-05   0.346835   0.346835
      7       0      96         -2   1.493140   4.21E-05   0.346835   0.346835
      7       0      96  Conv   -3   0.139803   4.21E-05   0.346878   0.346878
      7       0      97         -1   6.731530   0.029316   0.346878   0.346878
      7       0      97  Conv   -2   0.386171   0.029316   0.376194   0.376194
      7       0      98  Conv   -1   0.910479   0.003408   0.379601   0.379601
      7       0      99         -1   2.182856   0.000582   0.379601   0.379601
      7       0      99         -2   1.103238   0.000582   0.379601   0.379601
      7       0      99  Conv   -3   0.348669   0.000582   0.380184   0.380184
      7       0     100         -1   2.270867   0.001183   0.380184   0.380184
      7       0     100         -2   2.433688   0.001183   0.380184   0.380184
      7       0     100  Conv   -3   0.247913   0.001183   0.381367   0.381367
      7       0     101         -1 744.428806   0.100000   0.381367   0.381367
      7       0     101         -2 411.249696   0.100000   0.381367   0.381367
      7       0     101         -3 205.329011   0.100000   0.381367   0.381367
      7       0     101         -4 105.906263   0.100000   0.381367   0.381367
      7       0     101         -5  55.802229   0.100000   0.381367   0.381367
      7       0     101         -6  30.035035   0.100000   0.381367   0.381367
      7       0     101         -7  16.552420   0.100000   0.381367   0.381367
      7       0     101         -8   9.351822   0.100000   0.381367   0.381367
      7       0     101         -9   5.410308   0.100000   0.381367   0.381367
      7       0     101        -10   3.194154   0.100000   0.381367   0.381367
      7       0     101         -1 367.143624   0.050000   0.381367   0.381367
      7       0     101         -2 156.857928   0.050000   0.381367   0.381367
      7       0     101         -3  74.647973   0.050000   0.381367   0.381367
      7       0     101         -4  38.010557   0.050000   0.381367   0.381367
      7       0     101         -5  20.408841   0.050000   0.381367   0.381367
      7       0     101         -6  11.404878   0.050000   0.381367   0.381367
      7       0     101         -7   6.548073   0.050000   0.381367   0.381367
      7       0     101         -8   3.820798   0.050000   0.381367   0.381367
      7       0     101         -9   2.248284   0.050000   0.381367   0.381367
      7       0     101        -10   1.327759   0.050000   0.381367   0.381367
      7       0     101          1 367.143624   0.050000   0.381367   0.381367
      7       0     101          2   1.816271   0.050000   0.381367   0.381367
      7       0     101  Conv    3   0.009121   0.050000   0.431367   0.431367
      7       0     102          1 328.521692   0.100000   0.431367   0.431367
      7       0     102          2   1.535533   0.100000   0.431367   0.431367
      7       0     102  Conv   -3   0.005266   0.100000   0.531367   0.531367
      7       0     103         -1 439.471378   0.100000   0.531367   0.531367
      7       0     103         -2 247.012053   0.100000   0.531367   0.531367
      7       0     103         -3 135.544389   0.100000   0.531367   0.531367
      7       0     103         -4  59.499190   0.100000   0.531367   0.531367
      7       0     103         -5  25.067030   0.100000   0.531367   0.531367
      7       0     103         -6  10.765244   0.100000   0.531367   0.531367
      7       0     103         -7   4.709844   0.100000   0.531367   0.531367
      7       0     103         -8   2.098224   0.100000   0.531367   0.531367
      8       0     103  Conv   -9   0.950509   0.100000   0.631367   0.631367
      8       0     104         -1 648.932448   0.100000   0.631367   0.631367
      8       0     104         -2 337.543587   0.100000   0.631367   0.631367
      8       0     104         -3 192.346793   0.100000   0.631367   0.631367
      8       0     104         -4 108.782484   0.100000   0.631367   0.631367
      8       0     104         -5  61.511598   0.100000   0.631367   0.631367
      8       0     104         -6  34.770515   0.100000   0.631367   0.631367
      8       0     104         -7  19.652999   0.100000   0.631367   0.631367
      8       0     104         -8  11.112768   0.100000   0.631367   0.631367
      8       0     104         -9   6.292710   0.100000   0.631367   0.631367
      8       0     104        -10   3.575539   0.100000   0.631367   0.631367
      8       0     104          1 666.309337   0.100000   0.631367   0.631367
      8       0     104          2   2.977856   0.100000   0.631367   0.631367
      9       0     104  Conv    3   0.019051   0.100000   0.731367   0.731367
      9       0     105          1 680.330331   0.100000   0.731367   0.731367
      9       0     105          2   3.794022   0.100000   0.731367   0.731367
     10       0     105  Conv   -3   0.017365   0.100000   0.831367   0.831367
     10       0     106         -1 786.428917   0.100000   0.831367   0.831367
     10       0     106         -2 333.973464   0.100000   0.831367   0.831367
     10       0     106         -3 229.365956   0.100000   0.831367   0.831367
     10       0     106         -4 178.638802   0.100000   0.831367   0.831367
     10       0     106         -5 147.142804   0.100000   0.831367   0.831367
     10       0     106         -6 123.950620   0.100000   0.831367   0.831367
     10       0     106         -7 105.202124   0.100000   0.831367   0.831367
     10       0     106         -8  89.417098   0.100000   0.831367   0.831367
     10       0     106         -9  75.943960   0.100000   0.831367   0.831367
     10       0     106        -10  64.415666   0.100000   0.831367   0.831367
     10       0     106          1 788.081677   0.100000   0.831367   0.831367
     10       0     106          2   4.571419   0.100000   0.831367   0.831367
     11       0     106  Conv    3   0.053823   0.100000   0.931367   0.931367
     11       0     107          1 227.527852   0.068633   0.931367   0.931367
     11       0     107          2   2.305227   0.068633   0.931367   0.931367
     12       0     107  Conv    3   0.011748   0.068633   1.000000   1.000000

 NUMBER OF STIFFNESS FORMATIONS/SOLUTIONS  =         119

 TIME FOR INITIALIZING ANALYSIS            =        0.04
 TIME FOR CONTROLLING ANALYSIS             =        0.01
 TIME FOR UPDATING LOADS AND STATE         =        0.58
 TIME FOR FORMING STIFFNESS MATRIX         =        0.03
 TIME FOR SOLVING STIFFNESS MATRIX         =        2.64
 TIME FOR CALCULATING DISPLACEMENTS        =        0.25
 TIME FOR DETERMINING EVENTS               =        0.10
 TIME FOR SAVING RESULTS                   =        0.32
                                               ----------
 TOTAL TIME FOR THIS ANALYSIS              =        3.97


 N O N L I N E A R   S T A T I C   A N A L Y S I S                      10:56:08

 CASE: PUSHOVER_Y

 STARTING FROM ZERO (UNSTRESSED) INITIAL CONDITIONS

 LOAD CONTROL TYPE                         = DISPLACEMENT
 SAVE POSITIVE INCREMENTS ONLY             =         YES
 TYPE OF GEOMETRIC NONLINEARITY            = LARGE DISPLACEMENT AND P-DELTA
 USE EVENT STEPPING                        =         YES
 USE ITERATION                             =         YES
 USE LINE SEARCH                           =          NO
 EVENT LUMPING TOLERANCE                   =    0.000100
 FORCE CONVERGENCE TOLERANCE (RELATIVE)    =    0.000100

 Negative iterations are Constant-Stiffness
 Positive iterations are Newton-Raphson

  Saved    Null   Total  Iteration   Relative  Curr Step   Curr Sum    Max Sum
  Steps   Steps   Steps  this Step  Unbalance       Size   of Steps   of Steps
 (  100      20     200     -10/40   1.000000   0.100000   1.000000   1.000000)

      0       0       1         -1  82.843702   0.100000    .000000    .000000
      0       0       1         -2   1.047990   0.100000    .000000    .000000
      1       0       1  Conv   -3   0.043265   0.100000   0.100000   0.100000
      1       0       2         -1   3.252995   0.020334   0.100000   0.100000
      2       0       2  Conv   -2   0.009816   0.020334   0.120334   0.120334
      3       0       3  Conv   -1   0.114615   0.004353   0.124687   0.124687
      3       0       4  Conv   -1   0.112753   0.000422   0.125109   0.125109
      3       0       5  Conv   -1   0.202112   0.003895   0.129004   0.129004
      3       0       6  Conv   -1   0.232269   0.002494   0.131498   0.131498
      3       0       7  Conv   -1   0.231268   0.000677   0.132175   0.132175
      3       0       8  Conv   -1   0.380279   0.004844   0.137020   0.137020
      3       0       9  Conv   -1   0.379385   0.000784   0.137804   0.137804
      3       0      10  Conv   -1   0.377887   0.000634   0.138438   0.138438
      3       0      11  Conv   -1   0.625065   0.006045   0.144483   0.144483
      3       0      12         -1   1.056314   0.007717   0.144483   0.144483
      3       0      12  Conv   -2   0.002135   0.007717   0.152199   0.152199
      3       0      13  Conv   -1   0.114696   0.004322   0.156521   0.156521
      3       0      14  Conv   -1   0.198038   0.003747   0.160268   0.160268
      3       0      15  Conv   -1   0.266464   0.003443   0.163711   0.163711
      3       0      16  Conv   -1   0.264876   0.000364   0.164075   0.164075
      3       0      17  Conv   -1   0.451691   0.005297   0.169372   0.169372
      3       0      18  Conv   -1   0.450325   0.000671   0.170043   0.170043
      3       0      19  Conv   -1   0.451504   0.001119   0.171162   0.171162
      3       0      20  Conv   -1   0.450378   0.000160   0.171322   0.171322
      3       0      21  Conv   -1   0.828167   0.007235   0.178557   0.178557
      3       0      22  Conv   -1   0.842990   0.001923   0.180480   0.180480
      3       0      23  Conv   -1   0.841449   0.000164   0.180644   0.180644
      3       0      24  Conv   -1   0.935491   0.003954   0.184598   0.184598
      3       0      25         -1   1.006109   0.003456   0.184598   0.184598
      3       0      25  Conv   -2   0.004283   0.003456   0.188054   0.188054
      3       0      26  Conv   -1   0.126033   0.004497   0.192551   0.192551
      3       0      27  Conv   -1   0.233089   0.004192   0.196742   0.196742
      3       0      28  Conv   -1   0.232630   4.85E-05   0.196791   0.196791
      3       0      29         -1   1.657572   0.013268   0.196791   0.196791
      3       0      29  Conv   -2   0.004742   0.013268   0.210058   0.210058
      3       0      30  Conv   -1   0.108091   0.004242   0.214300   0.214300
      3       0      31  Conv   -1   0.125514   0.001795   0.216095   0.216095
      3       0      32  Conv   -1   0.330016   0.005730   0.221825   0.221825
      4       0      33  Conv   -1   0.429940   0.004112   0.225937   0.225937
      4       0      34  Conv   -1   0.454862   0.002257   0.228194   0.228194
      4       0      35         -1   1.826609   0.013480   0.228194   0.228194
      4       0      35  Conv   -2   0.005647   0.013480   0.241674   0.241674
      4       0      36         -1   2.226773   0.016504   0.241674   0.241674
      4       0      36  Conv   -2   0.007712   0.016504   0.258178   0.258178
      4       0      37         -1  46.700447   0.070725   0.258178   0.258178
      4       0      37  Conv   -2   0.505025   0.070725   0.328903   0.328903
      4       0      38         -1   3.389020   0.020196   0.328903   0.328903
      5       0      38  Conv   -2   0.810164   0.020196   0.349099   0.349099
      5       0      39         -1   1.623330   0.002719   0.349099   0.349099
      5       0      39         -2  25.357654  -0.002719   0.349099   0.349099
      5       0      39         -3   5.909492  -0.002719   0.349099   0.349099
      5       0      39         -4   1.828444  -0.002719   0.349099   0.349099
      6       0      39  Conv   -5   0.775174  -0.002719   0.346380   0.349099
      6       0      40  Conv   -1   0.775662   0.002558   0.348938   0.349099
      6       0      41  Conv   -1   0.766874   6.27E-05   0.349001   0.349099
      6       0      42  Conv   -1   0.755216   4.43E-05   0.349045   0.349099
      6       0      43  Conv   -1   0.744479   2.58E-05   0.349071   0.349099
      6       0      44  Conv   -1   0.732758   1.59E-05   0.349087   0.349099
      6       0      45  Conv   -1   0.732827   2.22E-05   0.349109   0.349109
      7       0      46  Conv   -1   0.732896   2.13E-05   0.349130   0.349130
      7       0      47  Conv   -1   0.740949   0.002064   0.351195   0.351195
      7       0      48  Conv   -1   0.745174   0.000527   0.351722   0.351722
      7       0      49  Conv   -1   0.799184   0.006422   0.358144   0.358144
      7       0      50         -1   2.521250   0.017166   0.358144   0.358144
      7       0      50  Conv   -2   0.355239   0.017166   0.375310   0.375310
      7       0      51  Conv   -1   0.711519   0.004687   0.379997   0.379997
      7       0      52         -1   1.073876   0.004873   0.379997   0.379997
      7       0      52  Conv   -2   0.433466   0.004873   0.384869   0.384869
      7       0      53         -1   1.023871   0.002275   0.384869   0.384869
      7       0      53         -2   1.138772   0.002275   0.384869   0.384869
      7       0      53  Conv   -3   0.000490   0.002275   0.387144   0.387144
      7       0      54  Conv   -1   0.952036   0.011726   0.398870   0.398870
      7       0      55         -1   1.299767   0.000449   0.398870   0.398870
      7       0      55  Conv   -2   0.495334   0.000449   0.399319   0.399319
      7       0      56  Conv   -1   0.157646   7.71E-05   0.399396   0.399396
      7       0      57  Conv   -1   0.568754   4.32E-05   0.399439   0.399439
      7       0      58         -1   1.048486   1.94E-05   0.399439   0.399439
      8       0      58  Conv   -2   0.765147   1.94E-05   0.399459   0.399459
      9       0      59  Conv   -1   0.783548   5.68E-05   0.399516   0.399516
      9       0      60  Conv   -1   0.446813   5.02E-06   0.399521   0.399521
      9       0      61         -1   1.287774   6.62E-05   0.399521   0.399521
      9       0      61         -2   1.261467   6.62E-05   0.399521   0.399521
      9       0      61  Conv   -3   0.239162   6.62E-05   0.399587   0.399587
      9       0      62         -1   1.304838   6.94E-05   0.399587   0.399587
      9       0      62         -2   1.732099  -6.94E-05   0.399587   0.399587
     10       0      62  Conv   -3   0.298663  -6.94E-05   0.399517   0.399587
     10       0      63         -1   1.005338   5.80E-05   0.399517   0.399587
     10       0      63         -2   1.237161   5.80E-05   0.399517   0.399587
     10       0      63  Conv   -3   0.607720   5.80E-05   0.399575   0.399587
     10       0      64         -1   1.344891   1.45E-05   0.399575   0.399587
     10       0      64         -2   1.201684  -1.45E-05   0.399575   0.399587
     10       0      64  Conv   -3   0.428122   1.45E-05   0.399590   0.399590
     10       0      65         -1   1.129198   2.10E-05   0.399590   0.399590
     10       0      65         -2   1.335576   2.10E-05   0.399590   0.399590
     11       0      65  Conv   -3   0.386401   2.10E-05   0.399611   0.399611
     11       0      66         -1   1.309826   1.08E-06   0.399611   0.399611
     11       0      66         -2   1.720052  -1.08E-06   0.399611   0.399611
     12       0      66  Conv   -3   0.620902  -1.08E-06   0.399610   0.399611
     12       0      67         -1   1.209746   2.74E-06   0.399610   0.399611
     12       0      67         -2   1.419723   2.74E-06   0.399610   0.399611
     12       0      67  Conv   -3   0.471320   2.74E-06   0.399613   0.399613
     12       0      68         -1   1.444776   1.33E-06   0.399613   0.399613
     12       0      68         -2   1.321298   1.33E-06   0.399613   0.399613
     13       0      68  Conv   -3   0.596121  -1.33E-06   0.399611   0.399613
     13       0      69         -1   1.596512   1.33E-06   0.399611   0.399613
     13       0      69         -2   1.350664   1.33E-06   0.399611   0.399613
     13       0      69  Conv   -3   0.918525  -1.33E-06   0.399610   0.399613
     13       0      70         -1   1.941373   6.18E-06   0.399610   0.399613
     13       0      70         -2   1.358965   6.18E-06   0.399610   0.399613
     13       0      70  Conv   -3   0.368154   6.18E-06   0.399616   0.399616
     13       0      71         -1   1.357020   4.60E-06   0.399616   0.399616
     13       0      71         -2   1.468781  -4.60E-06   0.399616   0.399616
     14       0      71  Conv   -3   0.620920  -4.60E-06   0.399611   0.399616
     14       0      72         -1   1.394994   6.13E-06   0.399611   0.399616
     14       0      72         -2   1.269561  -6.13E-06   0.399611   0.399616
     14       0      72  Conv   -3   0.291652  -6.13E-06   0.399605   0.399616
     14       0      73         -1   1.477286   9.39E-06   0.399605   0.399616
     14       0      73         -2   1.676063  -9.39E-06   0.399605   0.399616
     14       0      73  Conv   -3   0.366104  -9.39E-06   0.399596   0.399616
     14       0      74         -1   1.356703   1.82E-05   0.399596   0.399616
     14       0      74         -2   1.371022   1.82E-05   0.399596   0.399616
     14       0      74  Conv   -3   0.398088   1.82E-05   0.399614   0.399616
     14       0      75  Conv   -1   0.530648   1.04E-05   0.399625   0.399625
     15       0      76  Conv   -1   0.640065   2.77E-05   0.399652   0.399652
     15       0      77  Conv   -1   0.758072   4.32E-05   0.399695   0.399695
     15       0      78  Conv   -1   0.793342   5.90E-05   0.399754   0.399754
     15       0      79  Conv   -1   0.838666   0.001302   0.401056   0.401056
     15       0      80  Conv   -1   0.893178   0.000860   0.401916   0.401916
     15       0      81  Conv   -1   0.942235   0.000255   0.402171   0.402171
     15       0      82         -1   1.028263   0.005014   0.402171   0.402171
     15       0      82  Conv   -2   0.090587   0.005014   0.407185   0.407185
     15       0      83  Conv   -1   0.436668   0.004658   0.411843   0.411843
     15       0      84  Conv   -1   0.682957   0.002256   0.414099   0.414099
     15       0      85         -1  34.315951   0.047842   0.414099   0.414099
     15       0      85  Conv   -2   0.912410   0.047842   0.461941   0.461941
     15       0      86         -1   3.019382   0.001412   0.461941   0.461941
     15       0      86         -2  50.185563  -0.001412   0.461941   0.461941
     15       0      86         -3  53.473455  -0.001412   0.461941   0.461941
     15       0      86         -4  84.585098  -0.001412   0.461941   0.461941
     15       0      86         -1   3.021416   0.000706   0.461941   0.461941
     15       0      86  Conv   -2   0.008080   0.000706   0.462647   0.462647
     15       0      87  Conv   -1   0.068925   0.000724   0.463371   0.463371
     15       0      88         -1   0.277590   0.002824   0.463371   0.463371
     15       0      88         -1   0.432952   0.005648   0.463371   0.463371
     15       0      88         -1   1.668341   0.011794   0.463371   0.463371
     15       0      88  Conv   -2   0.239193   0.011794   0.475166   0.475166
     15       0      89         -1  31.295392   0.042983   0.475166   0.475166
     15       0      89  Conv   -2   0.195831   0.042983   0.518148   0.518148
     15       0      90         -1   3.202160   0.012827   0.518148   0.518148
     15       0      90         -2   1.363355   0.012827   0.518148   0.518148
     16       0      90  Conv   -3   0.005078   0.012827   0.530976   0.530976
     16       0      91         -1  82.490990   0.066808   0.530976   0.530976
     16       0      91         -2   1.160428   0.066808   0.530976   0.530976
     16       0      91  Conv   -3   0.058905   0.066808   0.597784   0.597784
     16       0      92         -1   5.012222   0.000383   0.597784   0.597784
     16       0      92         -2   4.981180   0.000383   0.597784   0.597784
     16       0      92  Conv   -3   0.895164   0.000383   0.598167   0.598167
     16       0      93         -1   6.559571    .000000   0.598167   0.598167
     16       0      93         -2   7.070943    .000000   0.598167   0.598167
     16       0      93         -3  10.439467    .000000   0.598167   0.598167
     16       0      93         -4  14.255063    .000000   0.598167   0.598167
     16       1      94         -1  18.794734   0.000185   0.598167   0.598167
     16       1      94         -2  73.670249   0.000185   0.598167   0.598167
     16       1      94         -3 117.898115   0.000185   0.598167   0.598167
     16       1      94         -4 317.212095   0.000185   0.598167   0.598167
     16       1      94         -1  13.187134    .000000   0.598167   0.598167
     16       1      94         -2  60.708882    .000000   0.598167   0.598167
     16       1      94         -3  99.357203    .000000   0.598167   0.598167
     16       1      94         -4 278.157858    .000000   0.598167   0.598167
     16       2      95         -1 278.219411    .000000   0.598167   0.598167
     16       2      95         -2 455.629850    .000000   0.598167   0.598167
     16       2      95         -3   1242.516    .000000   0.598167   0.598167
     16       2      95         -4   1842.788    .000000   0.598167   0.598167
     16       3      96         -1   1828.811    .000000   0.598167   0.598167
     16       3      96         -2   8346.688    .000000   0.598167   0.598167
     16       3      96         -3   8740.053    .000000   0.598167   0.598167
     16       3      96         -4   9141.764    .000000   0.598167   0.598167
     16       4      97         -1   9144.522    .000000   0.598167   0.598167
     16       4      97         -2   4687.828    .000000   0.598167   0.598167
     16       4      97         -3   4652.680    .000000   0.598167   0.598167
     16       4      97         -4   4251.381    .000000   0.598167   0.598167
     16       4      97         -5   3880.946    .000000   0.598167   0.598167
     16       4      97         -6   3702.308    .000000   0.598167   0.598167
     16       4      97         -7   3554.516    .000000   0.598167   0.598167
     16       4      97         -8   3409.436    .000000   0.598167   0.598167
     16       4      97         -9   3247.533    .000000   0.598167   0.598167
     16       4      97        -10   3102.469    .000000   0.598167   0.598167
     16       5      98         -1   3247.185   9.26E-05   0.598167   0.598167
     16       5      98         -2   6700.436   9.26E-05   0.598167   0.598167
     16       5      98         -3   7921.353   9.26E-05   0.598167   0.598167
     16       5      98         -4  11005.692   9.26E-05   0.598167   0.598167
     16       5      98         -5  13400.518   9.26E-05   0.598167   0.598167
     16       5      98         -6  14353.689   9.26E-05   0.598167   0.598167
     16       5      98         -7  14251.697   9.26E-05   0.598167   0.598167
     16       5      98         -8  13687.905   9.26E-05   0.598167   0.598167
     16       5      98         -9  13727.372   9.26E-05   0.598167   0.598167
     16       5      98        -10  14126.795   9.26E-05   0.598167   0.598167
     16       5      98         -1   3659.787   4.63E-05   0.598167   0.598167
     16       5      98         -2   6696.853   4.63E-05   0.598167   0.598167
     16       5      98         -3   7918.157   4.63E-05   0.598167   0.598167
     16       5      98         -4  11004.587   4.63E-05   0.598167   0.598167
     16       5      98         -5  13399.832   4.63E-05   0.598167   0.598167
     16       5      98         -6  14355.035   4.63E-05   0.598167   0.598167
     16       5      98         -7  14253.168   4.63E-05   0.598167   0.598167
     16       5      98         -8  13688.139   4.63E-05   0.598167   0.598167
     16       5      98         -9  13727.521   4.63E-05   0.598167   0.598167
     16       5      98        -10  14128.246   4.63E-05   0.598167   0.598167
     16       5      98          1   3659.787   4.63E-05   0.598167   0.598167
     16       5      98          2  69.627715   4.63E-05   0.598167   0.598167
     17       5      98  Conv    3   0.297918   4.63E-05   0.598213   0.598213
     17       6      99          1    .000000    .000000   0.598213   0.598213
     17       6     100          1   3.312471    .000000   0.598213   0.598213
     17       7     100          2    .000000    .000000   0.598213   0.598213
     18       7     101  Conv   -1   0.261138   2.32E-05   0.598236   0.598236
     18       7     102         -1   0.838641   4.63E-05   0.598236   0.598236
     18       7     102         -1   1.608297   9.26E-05   0.598236   0.598236
     18       7     102         -2   1.578414   9.26E-05   0.598236   0.598236
     18       7     102         -3   1.599235   9.26E-05   0.598236   0.598236
     18       7     102         -4   1.599302   9.26E-05   0.598236   0.598236
     18       7     102         -5   1.599424   9.26E-05   0.598236   0.598236
     18       7     102  Conv   -1   0.838641   4.63E-05   0.598283   0.598283
     18       7     103         -1   0.821990   9.26E-05   0.598283   0.598283
     18       7     103         -1   0.805669   0.000185   0.598283   0.598283
     18       7     103         -1   0.714647   0.000741   0.598283   0.598283
     18       7     103         -1   0.978270   0.005927   0.598283   0.598283
     18       7     103         -1 961.804613   0.094838   0.598283   0.598283
     18       7     103         -2 327.751856   0.094838   0.598283   0.598283
     18       7     103         -3 180.338973   0.094838   0.598283   0.598283
     18       7     103         -4 104.903975   0.094838   0.598283   0.598283
     18       7     103         -5  61.179146   0.094838   0.598283   0.598283
     18       7     103         -6  35.657050   0.094838   0.598283   0.598283
     18       7     103         -7  20.773962   0.094838   0.598283   0.598283
     18       7     103         -8  12.100063   0.094838   0.598283   0.598283
     18       7     103         -9   7.046411   0.094838   0.598283   0.598283
     18       7     103        -10   4.102731   0.094838   0.598283   0.598283
     18       7     103         -1 124.210658   0.047419   0.598283   0.598283
     18       7     103         -2  23.703143   0.047419   0.598283   0.598283
     18       7     103         -3   5.187494   0.047419   0.598283   0.598283
     18       7     103         -4   1.189444   0.047419   0.598283   0.598283
     18       7     103  Conv   -5   0.279913   0.047419   0.645701   0.645701
     18       7     104         -1   1814.943   0.094838   0.645701   0.645701
     18       7     104         -2 911.400639   0.094838   0.645701   0.645701
     18       7     104         -3 514.500820   0.094838   0.645701   0.645701
     18       7     104         -4 296.629436   0.094838   0.645701   0.645701
     18       7     104         -5 174.495557   0.094838   0.645701   0.645701
     18       7     104         -6 112.686768   0.094838   0.645701   0.645701
     18       7     104         -7  73.204122   0.094838   0.645701   0.645701
     18       7     104         -8  47.506137   0.094838   0.645701   0.645701
     18       7     104         -9  30.806965   0.094838   0.645701   0.645701
     18       7     104        -10  19.970210   0.094838   0.645701   0.645701
     18       7     104         -1 842.700961   0.047419   0.645701   0.645701
     18       7     104         -2 345.974208   0.047419   0.645701   0.645701
     18       7     104         -3 193.352881   0.047419   0.645701   0.645701
     18       7     104         -4 111.108877   0.047419   0.645701   0.645701
     18       7     104         -5  64.195257   0.047419   0.645701   0.645701
     18       7     104         -6  37.151414   0.047419   0.645701   0.645701
     18       7     104         -7  21.513190   0.047419   0.645701   0.645701
     18       7     104         -8  12.460172   0.047419   0.645701   0.645701
     18       7     104         -9   7.217195   0.047419   0.645701   0.645701
     18       7     104        -10   4.180370   0.047419   0.645701   0.645701
     18       7     104          1 842.700961   0.047419   0.645701   0.645701
     18       7     104          2   3.016391   0.047419   0.645701   0.645701
     18       7     104  Conv    3   0.035643   0.047419   0.693120   0.693120
     18       7     105          1 718.399706   0.094838   0.693120   0.693120
     18       7     105          2   3.564443   0.094838   0.693120   0.693120
     19       7     105  Conv   -3   0.025943   0.094838   0.787958   0.787958
     19       7     106         -1 640.578927   0.100000   0.787958   0.787958
     19       7     106         -2 289.938153   0.100000   0.787958   0.787958
     19       7     106         -3 187.587178   0.100000   0.787958   0.787958
     19       7     106         -4 125.227065   0.100000   0.787958   0.787958
     19       7     106         -5  85.036055   0.100000   0.787958   0.787958
     19       7     106         -6  58.158533   0.100000   0.787958   0.787958
     19       7     106         -7  41.134765   0.100000   0.787958   0.787958
     19       7     106         -8  29.747096   0.100000   0.787958   0.787958
     19       7     106         -9  21.752978   0.100000   0.787958   0.787958
     19       7     106        -10  15.977120   0.100000   0.787958   0.787958
     19       7     106          1 643.019218   0.100000   0.787958   0.787958
     19       7     106          2  44.275735   0.100000   0.787958   0.787958
     19       7     106  Conv    3   0.205102   0.100000   0.887958   0.887958
     19       7     107          1 513.441825   0.100000   0.887958   0.887958
     19       7     107          2  70.516458   0.100000   0.887958   0.887958
     20       7     107  Conv    3   0.068648   0.100000   0.987958   0.987958
     20       7     108          1  65.053573   0.012042   0.987958   0.987958
     21       7     108  Conv    2   0.171752   0.012042   1.000000   1.000000

 NUMBER OF STIFFNESS FORMATIONS/SOLUTIONS  =         115

 TIME FOR INITIALIZING ANALYSIS            =        0.01
 TIME FOR CONTROLLING ANALYSIS             =        0.02
 TIME FOR UPDATING LOADS AND STATE         =        0.62
 TIME FOR FORMING STIFFNESS MATRIX         =        0.03
 TIME FOR SOLVING STIFFNESS MATRIX         =        2.63
 TIME FOR CALCULATING DISPLACEMENTS        =        0.39
 TIME FOR DETERMINING EVENTS               =        0.14
 TIME FOR SAVING RESULTS                   =        0.21
                                               ----------
 TOTAL TIME FOR THIS ANALYSIS              =        4.05


 A N A L Y S I S   C O M P L E T E                          2026/07/18  10:56:13
