

 SAP2000 v22.1.0 Ultimate 64-bit (Analysis Build 9798/64)
 File: E:\sap2000_generated_mo...ft060_RhoR050_Slab015_RhoS040_WallT025_L350.LOG




 B E G I N   A N A L Y S I S                                2026/07/24  12:06:47


 RUNNING ANALYSIS WITHIN THE GUI PROCESS
 USING THE ADVANCED SOLVER (PROVIDES LIMITED INSTABILITY INFORMATION)

 NUMBER OF JOINTS                          =         186
    WITH RESTRAINTS                        =          18
    WITH SPRINGS                           =          18
 NUMBER OF FRAME/CABLE/TENDON ELEMENTS     =         318
 NUMBER OF SHELL ELEMENTS                  =          85
 NUMBER OF CONSTRAINTS/WELDS               =           6
 NUMBER OF LOAD PATTERNS                   =           4
 NUMBER OF ACCELERATION LOADS              =           9
 NUMBER OF LOAD CASES                      =           2

 ADDRESSABLE PHYSICAL MEMORY (RAM)         =      15.842 GB

 PARALLELIZATION OF ANALYSIS OPERATIONS:
 (Env. variable SAPFIRE_NUM_THREADS        =           0)
 NUMBER OF THREADS: STATE (AUTOMATIC)      =           6
 NUMBER OF THREADS: STIFFNESS (AUTOMATIC)  =           6
 NUMBER OF THREADS: EVENT (AUTOMATIC)      =           6
 NUMBER OF THREADS: MOVE (AUTOMATIC)       =           6
 NUMBER OF THREADS: RESPONSE (AUTOMATIC)   =           6
 NUMBER OF THREADS: SOLVE (AUTOMATIC)      =           6
 NUMBER OF THREADS: FORM (AUTOMATIC)       =           6


 N O N L I N E A R   S T A T I C   A N A L Y S I S                      12:06:47

 CASE: PUSHOVER_X

 STARTING FROM ZERO (UNSTRESSED) INITIAL CONDITIONS

 LOAD CONTROL TYPE                         = DISPLACEMENT
 SAVE POSITIVE INCREMENTS ONLY             =         YES
 TYPE OF GEOMETRIC NONLINEARITY            = LARGE DISPLACEMENT AND P-DELTA
 USE EVENT STEPPING                        =         YES
 USE ITERATION                             =         YES
 USE LINE SEARCH                           =          NO
 EVENT LUMPING TOLERANCE                   =    0.000100
 FORCE CONVERGENCE TOLERANCE (RELATIVE)    =    0.000100


 E L E M E N T   F O R M A T I O N                                      12:06:47


 NUMBER OF COUPLED CONSTRAINT EQUATIONS    =           0

 Negative iterations are Constant-Stiffness
 Positive iterations are Newton-Raphson

  Saved    Null   Total  Iteration   Relative  Curr Step   Curr Sum    Max Sum
  Steps   Steps   Steps  this Step  Unbalance       Size   of Steps   of Steps
 (  100      20     200     -10/40   1.000000   0.100000   1.000000   1.000000)

      0       0       1         -1 148.014521   0.100000    .000000    .000000
      0       0       1         -2   1.104467   0.100000    .000000    .000000
      1       0       1  Conv   -3   0.510403   0.100000   0.100000   0.100000
      2       0       2  Conv   -1   0.561319   0.003467   0.103467   0.103467
      3       0       3  Conv   -1   0.561150   0.000104   0.103570   0.103570
      3       0       4  Conv   -1   0.782173   9.05E-05   0.103661   0.103661
      3       0       5  Conv   -1   0.769452   0.000112   0.103773   0.103773
      3       0       6  Conv   -1   0.858490   9.58E-05   0.103868   0.103868
      3       0       7  Conv   -1   0.960907   9.58E-05   0.103964   0.103964
      3       0       8         -1   1.072828   9.57E-05   0.103964   0.103964
      3       0       8  Conv   -2   0.413406   9.57E-05   0.104060   0.104060
      3       0       9  Conv   -1   0.057282   1.04E-05   0.104070   0.104070
      3       0      10  Conv   -1   0.175899   8.39E-05   0.104154   0.104154
      3       0      11  Conv   -1   0.316217   8.85E-05   0.104243   0.104243
      3       0      12  Conv   -1   0.458643   8.61E-05   0.104329   0.104329
      3       0      13  Conv   -1   0.601603   8.60E-05   0.104415   0.104415
      3       0      14  Conv   -1   0.744728   8.59E-05   0.104501   0.104501
      3       0      15  Conv   -1   0.887885   8.58E-05   0.104586   0.104586
      3       0      16         -1   1.031015   8.58E-05   0.104586   0.104586
      3       0      16  Conv   -2   0.278092   8.58E-05   0.104672   0.104672
      3       0      17  Conv   -1   0.027540   2.15E-05   0.104694   0.104694
      3       0      18  Conv   -1   0.144695   6.14E-05   0.104755   0.104755
      3       0      19  Conv   -1   0.286646   8.58E-05   0.104841   0.104841
      3       0      20  Conv   -1   0.429376   8.57E-05   0.104927   0.104927
      3       0      21  Conv   -1   0.572222   8.57E-05   0.105012   0.105012
      3       0      22  Conv   -1   0.715049   8.56E-05   0.105098   0.105098
      3       0      23  Conv   -1   0.857812   8.55E-05   0.105183   0.105183
      3       0      24         -1   1.000494   8.54E-05   0.105183   0.105183
      3       0      24  Conv   -2   0.275541   8.54E-05   0.105269   0.105269
      3       0      25  Conv   -1   0.157621   5.78E-05   0.105327   0.105327
      3       0      26  Conv   -1   0.219520   1.95E-05   0.105346   0.105346
      3       0      27  Conv   -1   0.335042   8.55E-05   0.105432   0.105432
      3       0      28  Conv   -1   0.651766   8.54E-05   0.105517   0.105517
      3       0      29  Conv   -1   0.975005   8.26E-05   0.105600   0.105600
      3       0      30         -1   1.299745   8.26E-05   0.105600   0.105600
      3       0      30  Conv   -2   0.255572   8.26E-05   0.105682   0.105682
      3       0      31  Conv   -1   0.663037   7.45E-05   0.105757   0.105757
      3       0      32         -1   1.282929   8.73E-05   0.105757   0.105757
      3       0      32         -2   1.070993   8.73E-05   0.105757   0.105757
      3       0      32  Conv   -3   0.441103   8.73E-05   0.105844   0.105844
      3       0      33  Conv   -1   0.541767   1.59E-05   0.105860   0.105860
      3       0      34  Conv   -1   0.860330   6.45E-05   0.105924   0.105924
      3       0      35         -1   1.010900   8.26E-05   0.105924   0.105924
      3       0      35  Conv   -2   0.529277   8.26E-05   0.106007   0.106007
      3       0      36  Conv   -1   0.525194   8.49E-05   0.106092   0.106092
      3       0      37  Conv   -1   0.650562   0.000846   0.106938   0.106938
      3       0      38  Conv   -1   0.806487   2.10E-05   0.106959   0.106959
      3       0      39         -1   1.102608   2.32E-05   0.106959   0.106959
      4       0      39  Conv   -2   0.577652   2.32E-05   0.106982   0.106982
      5       0      40  Conv   -1   0.178182   1.07E-05   0.106993   0.106993
      5       0      41  Conv   -1   0.433466   1.02E-05   0.107003   0.107003
      5       0      42  Conv   -1   0.781699   2.32E-05   0.107026   0.107026
      5       0      43         -1   1.140655   2.32E-05   0.107026   0.107026
      6       0      43  Conv   -2   0.347317   2.32E-05   0.107049   0.107049
      7       0      44  Conv   -1   0.020421   0.000103   0.107152   0.107152
      7       0      45  Conv   -1   0.348665   6.88E-05   0.107221   0.107221
      7       0      46  Conv   -1   0.695521   4.41E-05   0.107265   0.107265
      7       0      47         -1   1.042507   2.06E-05   0.107265   0.107265
      8       0      47  Conv   -2   0.321716   2.06E-05   0.107286   0.107286
      9       0      48  Conv   -1   0.023447   3.46E-05   0.107320   0.107320
      9       0      49  Conv   -1   0.317596   6.53E-05   0.107386   0.107386
      9       0      50  Conv   -1   0.635711   6.52E-05   0.107451   0.107451
      9       0      51  Conv   -1   0.953948   6.52E-05   0.107516   0.107516
      9       0      52         -1   1.272213   2.54E-05   0.107516   0.107516
     10       0      52  Conv   -2   0.501636   2.54E-05   0.107542   0.107542
     11       0      53  Conv   -1   0.107032   1.14E-05   0.107553   0.107553
     11       0      54  Conv   -1   0.435765   6.81E-06   0.107560   0.107560
     11       0      55  Conv   -1   0.796339   2.15E-05   0.107581   0.107581
     11       0      56         -1   1.159367   2.15E-05   0.107581   0.107581
     12       0      56  Conv   -2   0.329366   2.15E-05   0.107603   0.107603
     13       0      57  Conv   -1   0.041826   9.76E-05   0.107700   0.107700
     13       0      58  Conv   -1   0.312564   6.40E-05   0.107764   0.107764
     13       0      59  Conv   -1   0.629289   6.40E-05   0.107828   0.107828
     13       0      60  Conv   -1   0.946766   6.39E-05   0.107892   0.107892
     13       0      61         -1   1.264334   5.19E-05   0.107892   0.107892
     13       0      61  Conv   -2   0.375602   5.19E-05   0.107944   0.107944
     13       0      62  Conv   -1   0.583221   9.29E-05   0.108037   0.108037
     13       0      63  Conv   -1   0.979761   6.56E-05   0.108103   0.108103
     13       0      64         -1   1.414114   6.56E-05   0.108103   0.108103
     13       0      64  Conv   -2   0.817313   6.56E-05   0.108168   0.108168
     13       0      65  Conv   -1   0.823889   0.001198   0.109366   0.109366
     13       0      66  Conv   -1   0.922002   6.90E-05   0.109435   0.109435
     13       0      67         -1   1.077167   0.000755   0.109435   0.109435
     13       0      67  Conv   -2   0.320860   0.000755   0.110190   0.110190
     13       0      68  Conv   -1   0.225077   0.000318   0.110507   0.110507
     13       0      69  Conv   -1   0.700944   3.12E-05   0.110539   0.110539
     13       0      70         -1   1.195902   1.64E-05   0.110539   0.110539
     14       0      70  Conv   -2   0.680416   1.64E-05   0.110555   0.110555
     15       0      71  Conv   -1   0.670552   0.000264   0.110819   0.110819
     15       0      72  Conv   -1   0.720901   0.001834   0.112653   0.112653
     15       0      73  Conv   -1   0.874223   0.000491   0.113144   0.113144
     15       0      74         -1   1.030654   2.22E-05   0.113144   0.113144
     16       0      74  Conv   -2   0.594000   2.22E-05   0.113166   0.113166
     17       0      75  Conv   -1   0.342079   4.71E-06   0.113171   0.113171
     17       0      76  Conv   -1   0.861809   1.02E-05   0.113181   0.113181
     17       0      77         -1   1.408577   1.84E-05   0.113181   0.113181
     18       0      77  Conv   -2   0.483301   1.84E-05   0.113199   0.113199
     19       0      78  Conv   -1   0.065432   1.86E-05   0.113218   0.113218
     19       0      79  Conv   -1   0.645213   3.50E-06   0.113221   0.113221
     19       0      80         -1   1.198768   1.42E-05   0.113221   0.113221
     20       0      80  Conv   -2   0.535821   1.42E-05   0.113236   0.113236
     21       0      81  Conv   -1   0.199361   5.12E-05   0.113287   0.113287
     21       0      82  Conv   -1   0.342720   4.53E-05   0.113332   0.113332
     21       0      83  Conv   -1   0.721029   4.53E-05   0.113377   0.113377
     21       0      84         -1   1.116543   4.52E-05   0.113377   0.113377
     21       0      84  Conv   -2   0.645232   4.52E-05   0.113423   0.113423
     21       0      85  Conv   -1   0.607475   0.000725   0.114148   0.114148
     21       0      86  Conv   -1   0.466283   3.40E-05   0.114182   0.114182
     21       0      87  Conv   -1   0.773914   2.38E-06   0.114184   0.114184
     21       0      88         -1   1.276687   1.42E-05   0.114184   0.114184
     22       0      88  Conv   -2   0.712674   1.42E-05   0.114199   0.114199
     23       0      89  Conv   -1   0.163852   8.11E-06   0.114207   0.114207
     23       0      90  Conv   -1   0.683458   4.12E-06   0.114211   0.114211
     23       0      91         -1   1.233780   1.83E-05   0.114211   0.114211
     24       0      91  Conv   -2   0.526143   1.83E-05   0.114229   0.114229
     25       0      92  Conv   -1   0.176590   3.39E-05   0.114263   0.114263
     25       0      93  Conv   -1   0.331340   4.50E-05   0.114308   0.114308
     25       0      94  Conv   -1   0.715713   4.50E-05   0.114353   0.114353
     25       0      95         -1   1.112750   4.50E-05   0.114353   0.114353
     26       0      95  Conv   -2   0.696270   4.50E-05   0.114398   0.114398
     26       0      96  Conv   -1   0.719176   0.001313   0.115711   0.115711
     26       0      97  Conv   -1   0.377588   9.09E-06   0.115720   0.115720
     26       0      98  Conv   -1   0.887403   6.23E-07   0.115721   0.115721
     26       0      99         -1   1.408426   1.07E-06   0.115721   0.115721
     27       0      99  Conv   -2   0.593060   1.07E-06   0.115722   0.115722
     28       0     100  Conv   -1   0.130424   4.46E-06   0.115726   0.115726
     28       0     101         -1   1418.242   0.100000   0.115726   0.115726
     28       0     101         -2 921.518791   0.100000   0.115726   0.115726
     28       0     101         -3 449.677713   0.100000   0.115726   0.115726
     28       0     101         -4 242.313090   0.100000   0.115726   0.115726
     28       0     101         -5 139.074629   0.100000   0.115726   0.115726
     28       0     101         -6  82.992526   0.100000   0.115726   0.115726
     28       0     101         -7  50.841457   0.100000   0.115726   0.115726
     28       0     101         -8  31.744500   0.100000   0.115726   0.115726
     28       0     101         -9  20.094330   0.100000   0.115726   0.115726
     28       0     101        -10  12.855917   0.100000   0.115726   0.115726
     28       0     101         -1   1082.665   0.050000   0.115726   0.115726
     28       0     101         -2 483.187466   0.050000   0.115726   0.115726
     28       0     101         -3 247.634765   0.050000   0.115726   0.115726
     28       0     101         -4 136.265160   0.050000   0.115726   0.115726
     28       0     101         -5  77.464718   0.050000   0.115726   0.115726
     28       0     101         -6  44.729622   0.050000   0.115726   0.115726
     28       0     101         -7  26.073822   0.050000   0.115726   0.115726
     28       0     101         -8  15.291874   0.050000   0.115726   0.115726
     28       0     101         -9   9.006824   0.050000   0.115726   0.115726
     28       0     101        -10   5.321844   0.050000   0.115726   0.115726
     28       0     101          1   1082.665   0.050000   0.115726   0.115726
     28       0     101          2  16.011386   0.050000   0.115726   0.115726
     29       0     101  Conv    3   0.033561   0.050000   0.165726   0.165726
     29       0     102          1 645.989763   0.100000   0.165726   0.165726
     29       0     102          2  16.315738   0.100000   0.165726   0.165726
     30       0     102  Conv   -3   0.023730   0.100000   0.265726   0.265726
     30       0     103         -1   1161.350   0.100000   0.265726   0.265726
     30       0     103         -2 812.626365   0.100000   0.265726   0.265726
     30       0     103         -3 696.377330   0.100000   0.265726   0.265726
     30       0     103         -4 600.505220   0.100000   0.265726   0.265726
     30       0     103         -5 516.985023   0.100000   0.265726   0.265726
     30       0     103         -6 443.641772   0.100000   0.265726   0.265726
     30       0     103         -7 379.306274   0.100000   0.265726   0.265726
     30       0     103         -8 323.540326   0.100000   0.265726   0.265726
     30       0     103         -9 275.264912   0.100000   0.265726   0.265726
     30       0     103        -10 233.882138   0.100000   0.265726   0.265726
     30       0     103          1   1329.456   0.100000   0.265726   0.265726
     30       0     103          2   4116.761   0.100000   0.265726   0.265726
     30       0     103          3   4188.840   0.100000   0.265726   0.265726
     30       0     103          4  27347.599   0.100000   0.265726   0.265726
     30       0     103          5   8998.873   0.100000   0.265726   0.265726
     30       0     103          6  10267.651   0.100000   0.265726   0.265726
     30       0     103          7  27027.621   0.100000   0.265726   0.265726
     30       0     103          8 1.7432E+06   0.100000   0.265726   0.265726
     30       1     104          1 509.947183   0.050000   0.265726   0.265726
     30       1     104          2 138.375525   0.050000   0.265726   0.265726
     31       1     104  Conv    3   0.053058   0.050000   0.315726   0.315726
     31       1     105          1   3492.465   0.100000   0.315726   0.315726
     31       1     105          2   1.207621   0.100000   0.315726   0.315726
     32       1     105  Conv    3   0.022326   0.100000   0.415726   0.415726
     32       1     106          1   3809.576   0.100000   0.415726   0.415726
     32       1     106          2   2.578157   0.100000   0.415726   0.415726
     33       1     106  Conv   -3   0.062088   0.100000   0.515726   0.515726
     33       1     107         -1   4495.783   0.100000   0.515726   0.515726
     33       1     107         -2   1387.267   0.100000   0.515726   0.515726
     33       1     107         -3   1453.863   0.100000   0.515726   0.515726
     33       1     107         -4 611.432342   0.100000   0.515726   0.515726
     33       1     107         -5 474.777348   0.100000   0.515726   0.515726
     33       1     107         -6 242.542616   0.100000   0.515726   0.515726
     33       1     107         -7 163.548328   0.100000   0.515726   0.515726
     33       1     107         -8  91.545058   0.100000   0.515726   0.515726
     33       1     107         -9  58.068818   0.100000   0.515726   0.515726
     33       1     107        -10  33.765907   0.100000   0.515726   0.515726
     33       1     107          1   5618.517   0.100000   0.515726   0.515726
     33       1     107          2   2.778136   0.100000   0.515726   0.515726
     34       1     107  Conv    3   0.066775   0.100000   0.615726   0.615726
     34       1     108          1   5054.051   0.100000   0.615726   0.615726
     34       1     108          2 488.803816   0.100000   0.615726   0.615726
     34       1     108          3  10.842911   0.100000   0.615726   0.615726
     35       1     108  Conv    4   0.048078   0.100000   0.715726   0.715726
     35       1     109          1  11303.225   0.100000   0.715726   0.715726
     35       1     109          2   1253.882   0.100000   0.715726   0.715726
     35       1     109          3  50.289701   0.100000   0.715726   0.715726
     36       1     109  Conv    4   0.078753   0.100000   0.815726   0.815726
     36       1     110          1  34474.057   0.100000   0.815726   0.815726
     36       1     110          2  31.934858   0.100000   0.815726   0.815726
     37       1     110  Conv    3   0.648274   0.100000   0.915726   0.915726
     37       1     111          1  27421.750   0.084274   0.915726   0.915726
     37       1     111          2  38.277047   0.084274   0.915726   0.915726
     38       1     111  Conv    3   0.737779   0.084274   1.000000   1.000000

 NUMBER OF STIFFNESS FORMATIONS/SOLUTIONS  =         140

 TIME FOR INITIALIZING ANALYSIS            =        0.07
 TIME FOR CONTROLLING ANALYSIS             =        0.00
 TIME FOR UPDATING LOADS AND STATE         =        1.24
 TIME FOR FORMING STIFFNESS MATRIX         =        0.24
 TIME FOR SOLVING STIFFNESS MATRIX         =        5.71
 TIME FOR CALCULATING DISPLACEMENTS        =        1.29
 TIME FOR DETERMINING EVENTS               =        0.25
 TIME FOR SAVING RESULTS                   =        1.15
                                               ----------
 TOTAL TIME FOR THIS ANALYSIS              =        9.95


 N O N L I N E A R   S T A T I C   A N A L Y S I S                      12:06:57

 CASE: PUSHOVER_Y

 STARTING FROM ZERO (UNSTRESSED) INITIAL CONDITIONS

 LOAD CONTROL TYPE                         = DISPLACEMENT
 SAVE POSITIVE INCREMENTS ONLY             =         YES
 TYPE OF GEOMETRIC NONLINEARITY            = LARGE DISPLACEMENT AND P-DELTA
 USE EVENT STEPPING                        =         YES
 USE ITERATION                             =         YES
 USE LINE SEARCH                           =          NO
 EVENT LUMPING TOLERANCE                   =    0.000100
 FORCE CONVERGENCE TOLERANCE (RELATIVE)    =    0.000100

 Negative iterations are Constant-Stiffness
 Positive iterations are Newton-Raphson

  Saved    Null   Total  Iteration   Relative  Curr Step   Curr Sum    Max Sum
  Steps   Steps   Steps  this Step  Unbalance       Size   of Steps   of Steps
 (  100      20     200     -10/40   1.000000   0.100000   1.000000   1.000000)

      0       0       1         -1 253.331965   0.100000    .000000    .000000
      0       0       1         -2   2.667069   0.100000    .000000    .000000
      1       0       1  Conv   -3   0.798836   0.100000   0.100000   0.100000
      1       0       2         -1 121.986930   0.069957   0.100000   0.100000
      2       0       2  Conv   -2   0.945424   0.069957   0.169957   0.169957
      3       0       3  Conv   -1   0.972651   0.000878   0.170834   0.170834
      3       0       4  Conv   -1   0.947328   0.000877   0.171711   0.171711
      3       0       5  Conv   -1   0.979680   0.004111   0.175823   0.175823
      3       0       6         -1   1.194375   1.69E-05   0.175823   0.175823
      4       0       6  Conv   -2   0.337045   1.69E-05   0.175839   0.175839
      5       0       7  Conv   -1   0.243818   1.88E-05   0.175858   0.175858
      5       0       8  Conv   -1   0.679524   3.00E-05   0.175888   0.175888
      5       0       9         -1   1.141882   2.98E-05   0.175888   0.175888
      5       0       9         -2   1.997338  -2.98E-05   0.175888   0.175888
      5       0       9         -3   1.681392   2.98E-05   0.175888   0.175888
      5       0       9  Conv   -4   0.084926   2.98E-05   0.175918   0.175918
      5       0      10         -1   1.896526   0.000490   0.175918   0.175918
      5       0      10  Conv   -2   0.486217   0.000490   0.176408   0.176408
      5       0      11         -1   3.473445   0.000361   0.176408   0.176408
      5       0      11  Conv   -2   0.932197   0.000361   0.176769   0.176769
      5       0      12         -1   2.779687   0.002426   0.176769   0.176769
      5       0      12  Conv   -2   0.820961   0.002426   0.179194   0.179194
      5       0      13  Conv   -1   0.619610   7.88E-05   0.179273   0.179273
      5       0      14         -1   1.486232   0.000183   0.179273   0.179273
      5       0      14         -2   1.652629   0.000183   0.179273   0.179273
      5       0      14         -3   1.254735   0.000183   0.179273   0.179273
      5       0      14  Conv   -4   0.502178   0.000183   0.179456   0.179456
      5       0      15         -1   1.029820   2.69E-05   0.179456   0.179456
      5       0      15         -2   1.559709   2.69E-05   0.179456   0.179456
      5       0      15         -3   1.252896   2.69E-05   0.179456   0.179456
      5       0      15         -4   1.398368   2.69E-05   0.179456   0.179456
      5       0      15  Conv   -5   0.918630   2.69E-05   0.179483   0.179483
      5       0      16         -1   1.784003   1.00E-08   0.179483   0.179483
      5       0      16         -2   1.617043   1.00E-08   0.179483   0.179483
      6       0      16  Conv   -3   0.463413   1.00E-08   0.179483   0.179483
      6       0      17         -1   1.359022   2.46E-05   0.179483   0.179483
      6       0      17         -2   1.472940   2.46E-05   0.179483   0.179483
      7       0      17  Conv   -3   0.267774   2.46E-05   0.179507   0.179507
      7       0      18         -1   1.859779   0.000476   0.179507   0.179507
      7       0      18         -2  10.037411  -0.000476   0.179507   0.179507
      7       0      18         -3   9.273536   0.000476   0.179507   0.179507
      7       0      18         -4   1.313859   0.000476   0.179507   0.179507
      7       0      18         -5   1.314515   0.000476   0.179507   0.179507
      7       0      18         -6   1.314509   0.000476   0.179507   0.179507
      7       0      18         -7   1.314509   0.000476   0.179507   0.179507
      7       0      18         -8   1.314509   0.000476   0.179507   0.179507
      7       0      18         -9   1.314509   0.000476   0.179507   0.179507
      7       0      18        -10   1.314509   0.000476   0.179507   0.179507
      7       0      18         -1   1.565763   0.000238   0.179507   0.179507
      7       0      18  Conv   -2   0.000439   0.000238   0.179745   0.179745
      7       0      19  Conv   -1   0.010489   0.000308   0.180054   0.180054
      7       0      20  Conv   -1   0.023638   0.000315   0.180369   0.180369
      7       0      21  Conv   -1   0.029559   0.000167   0.180536   0.180536
      7       0      22  Conv   -1   0.070380   0.001455   0.181990   0.181990
      7       0      23  Conv   -1   0.084370   0.000425   0.182415   0.182415
      7       0      24  Conv   -1   0.117799   0.000814   0.183229   0.183229
      7       0      25  Conv   -1   0.126184   0.000362   0.183591   0.183591
      7       0      26         -1  84.991724   0.060910   0.183591   0.183591
      7       0      26         -2   0.477375   0.060910   0.183591   0.183591
      7       0      26         -1 140.921163   0.071821   0.183591   0.183591
      7       0      26         -2   1.022991   0.071821   0.183591   0.183591
      7       0      26  Conv   -3   0.238707   0.071821   0.255412   0.255412
      7       0      27         -1   2.489800   0.008523   0.255412   0.255412
      7       0      27         -2   1.297189   0.008523   0.255412   0.255412
      7       0      27  Conv   -3   0.013547   0.008523   0.263935   0.263935
      7       0      28         -1   2.017761   0.006208   0.263935   0.263935
      7       0      28         -2   1.482841   0.006208   0.263935   0.263935
      7       0      28  Conv   -3   0.004631   0.006208   0.270143   0.270143
      7       0      29         -1   2.036308   0.005803   0.270143   0.270143
      7       0      29         -2   1.568535   0.005803   0.270143   0.270143
      7       0      29  Conv   -3   0.018570   0.005803   0.275947   0.275947
      7       0      30         -1   1.920066   0.002735   0.275947   0.275947
      7       0      30         -2   1.757519   0.002735   0.275947   0.275947
      7       0      30  Conv   -3   0.026256   0.002735   0.278682   0.278682
      7       0      31         -1   1.921882   0.000367   0.278682   0.278682
      7       0      31         -2   1.907602   0.000367   0.278682   0.278682
      7       0      31  Conv   -3   0.005895   0.000367   0.279049   0.279049
      7       0      32         -1   1.937547   0.000793   0.279049   0.279049
      7       0      32         -2   1.891757   0.000793   0.279049   0.279049
      7       0      32  Conv   -3   0.006578   0.000793   0.279842   0.279842
      7       0      33         -1   2.131243   0.005893   0.279842   0.279842
      7       0      33         -2   1.649621   0.005893   0.279842   0.279842
      8       0      33  Conv   -3   0.029885   0.005893   0.285735   0.285735
      8       0      34         -1   1.998117   0.000217   0.285735   0.285735
      8       0      34         -2   1.991940   0.000217   0.285735   0.285735
      8       0      34  Conv   -3   0.010430   0.000217   0.285952   0.285952
      8       0      35         -1   2.028367   0.002200   0.285952   0.285952
      8       0      35         -2   1.897271   0.002200   0.285952   0.285952
      8       0      35  Conv   -3   0.006238   0.002200   0.288152   0.288152
      8       0      36         -1   2.090798   0.003778   0.288152   0.288152
      8       0      36         -2   1.844523   0.003778   0.288152   0.288152
      8       0      36  Conv   -3   0.006123   0.003778   0.291930   0.291930
      8       0      37         -1   2.063135   0.000589   0.291930   0.291930
      8       0      37         -2   2.028013   0.000589   0.291930   0.291930
      8       0      37  Conv   -3   0.031250   0.000589   0.292519   0.292519
      8       0      38         -1   2.069475   0.000553   0.292519   0.292519
      8       0      38         -2   2.044710   0.000553   0.292519   0.292519
      8       0      38  Conv   -3   0.006667   0.000553   0.293072   0.293072
      8       0      39         -1   2.081674   0.000217   0.293072   0.293072
      8       0      39         -2   2.068353   0.000217   0.293072   0.293072
      8       0      39  Conv   -3   0.006330   0.000217   0.293289   0.293289
      8       0      40         -1   2.087165   0.000498   0.293289   0.293289
      8       0      40         -2   2.056745   0.000498   0.293289   0.293289
      8       0      40  Conv   -3   0.006284   0.000498   0.293787   0.293787
      8       0      41         -1   2.110182   0.002087   0.293787   0.293787
      8       0      41         -2   1.981787   0.002087   0.293787   0.293787
      8       0      41  Conv   -3   0.010505   0.002087   0.295873   0.295873
      8       0      42         -1   2.126748   0.001563   0.295873   0.295873
      8       0      42         -2   2.030897   0.001563   0.295873   0.295873
      8       0      42  Conv   -3   0.012146   0.001563   0.297436   0.297436
      8       0      43         -1   2.137710   0.000957   0.297436   0.297436
      8       0      43         -2   2.079168   0.000957   0.297436   0.297436
      8       0      43  Conv   -3   0.006506   0.000957   0.298394   0.298394
      8       0      44         -1   2.151268   0.001309   0.298394   0.298394
      8       0      44         -2   2.071171   0.001309   0.298394   0.298394
      8       0      44  Conv   -3   0.005347   0.001309   0.299703   0.299703
      8       0      45         -1   2.163181   0.001115   0.299703   0.299703
      8       0      45         -2   2.094893   0.001115   0.299703   0.299703
      8       0      45  Conv   -3   0.007194   0.001115   0.300817   0.300817
      8       0      46         -1   2.176369   0.001255   0.300817   0.300817
      8       0      46         -2   2.099282   0.001255   0.300817   0.300817
      8       0      46  Conv   -3   0.007167   0.001255   0.302072   0.302072
      8       0      47         -1   2.276267   0.004773   0.302072   0.302072
      8       0      47         -2   1.930948   0.004773   0.302072   0.302072
      8       0      47  Conv   -3   0.008327   0.004773   0.306845   0.306845
      8       0      48         -1   2.231272   0.000282   0.306845   0.306845
      8       0      48         -2   2.214021   0.000282   0.306845   0.306845
      8       0      48  Conv   -3   0.006124   0.000282   0.307127   0.307127
      8       0      49         -1   2.254879   0.000232   0.307127   0.307127
      8       0      49         -2   2.195582   0.000232   0.307127   0.307127
      8       0      49  Conv   -3   0.090487   0.000232   0.307359   0.307359
      8       0      50         -1   2.244447   0.000808   0.307359   0.307359
      8       0      50         -2   2.183982   0.000808   0.307359   0.307359
      8       0      50  Conv   -3   0.078956   0.000808   0.308167   0.308167
      8       0      51         -1   2.269123   0.000727   0.308167   0.308167
      8       0      51         -2   2.199609   0.000727   0.308167   0.308167
      8       0      51  Conv   -3   0.089118   0.000727   0.308895   0.308895
      8       0      52         -1   2.262160   0.000591   0.308895   0.308895
      8       0      52         -2   2.247682   0.000591   0.308895   0.308895
      8       0      52  Conv   -3   0.015649   0.000591   0.309486   0.309486
      8       0      53         -1   2.318039   0.002851   0.309486   0.309486
      8       0      53         -2   2.131061   0.002851   0.309486   0.309486
      8       0      53  Conv   -3   0.006000   0.002851   0.312336   0.312336
      8       0      54         -1   2.330359   0.001380   0.312336   0.312336
      8       0      54         -2   2.241044   0.001380   0.312336   0.312336
      8       0      54  Conv   -3   0.007756   0.001380   0.313716   0.313716
      8       0      55         -1   2.340084   0.000941   0.313716   0.313716
      8       0      55         -2   2.279931   0.000941   0.313716   0.313716
      8       0      55  Conv   -3   0.008925   0.000941   0.314658   0.314658
      8       0      56         -1   2.345327   0.000371   0.314658   0.314658
      8       0      56         -2   2.321649   0.000371   0.314658   0.314658
      8       0      56  Conv   -3   0.010347   0.000371   0.315029   0.315029
      8       0      57         -1   2.352878   0.000842   0.315029   0.315029
      8       0      57         -2   2.299165   0.000842   0.315029   0.315029
      8       0      57  Conv   -3   0.007328   0.000842   0.315871   0.315871
      8       0      58         -1   2.365226   0.001138   0.315871   0.315871
      8       0      58         -2   2.291189   0.001138   0.315871   0.315871
      8       0      58  Conv   -3   0.008518   0.001138   0.317009   0.317009
      8       0      59         -1   2.372163   0.000667   0.317009   0.317009
      8       0      59         -2   2.329555   0.000667   0.317009   0.317009
      8       0      59  Conv   -3   0.008141   0.000667   0.317676   0.317676
      8       0      60         -1   2.458209   0.004343   0.317676   0.317676
      8       0      60         -2   2.118592   0.004343   0.317676   0.317676
      8       0      60  Conv   -3   0.060842   0.004343   0.322019   0.322019
      8       0      61         -1   2.420741   0.000802   0.322019   0.322019
      8       0      61         -2   2.380134   0.000802   0.322019   0.322019
      8       0      61  Conv   -3   0.006155   0.000802   0.322821   0.322821
      8       0      62         -1   2.438605   0.000431   0.322821   0.322821
      8       0      62         -2   2.409832   0.000431   0.322821   0.322821
      8       0      62  Conv   -3   0.013493   0.000431   0.323252   0.323252
      8       0      63         -1   2.455086   0.001890   0.323252   0.323252
      8       0      63         -2   2.329961   0.001890   0.323252   0.323252
      8       0      63  Conv   -3   0.004690   0.001890   0.325142   0.325142
      8       0      64         -1   2.462277   0.000251   0.325142   0.325142
      8       0      64         -2   2.442653   0.000251   0.325142   0.325142
      8       0      64  Conv   -3   0.023763   0.000251   0.325393   0.325393
      8       0      65         -1   2.482212   0.002457   0.325393   0.325393
      8       0      65         -2   2.318818   0.002457   0.325393   0.325393
      8       0      65  Conv   -3   0.012923   0.002457   0.327850   0.327850
      8       0      66         -1   7.360257   5.19E-05   0.327850   0.327850
      8       0      66         -2   7.360712   5.19E-05   0.327850   0.327850
      8       0      66  Conv   -3   0.088915   5.19E-05   0.327902   0.327902
      8       0      67         -1   2.498387   0.000773   0.327902   0.327902
      8       0      67         -2   2.443587   0.000773   0.327902   0.327902
      8       0      67  Conv   -3   0.006204   0.000773   0.328675   0.328675
      8       0      68         -1   2.527578   0.002263   0.328675   0.328675
      8       0      68         -2   2.356871   0.002263   0.328675   0.328675
      8       0      68  Conv   -3   0.047173   0.002263   0.330938   0.330938
      8       0      69         -1   2.526193   0.001185   0.330938   0.330938
      8       0      69         -2   2.452682   0.001185   0.330938   0.330938
      8       0      69  Conv   -3   0.012615   0.001185   0.332123   0.332123
      8       0      70         -1   7.452785   5.61E-05   0.332123   0.332123
      8       0      70         -2   7.453179   5.61E-05   0.332123   0.332123
      8       0      70  Conv   -3   0.093646   5.61E-05   0.332179   0.332179
      8       0      71         -1   2.566410   0.002678   0.332179   0.332179
      8       0      71         -2   2.377918   0.002678   0.332179   0.332179
      8       0      71  Conv   -3   0.014551   0.002678   0.334857   0.334857
      8       0      72         -1   2.565517   0.000272   0.334857   0.334857
      8       0      72         -2   2.545563   0.000272   0.334857   0.334857
      8       0      72  Conv   -3   0.016627   0.000272   0.335129   0.335129
      8       0      73         -1   2.582389   0.002037   0.335129   0.335129
      8       0      73         -2   2.442518   0.002037   0.335129   0.335129
      8       0      73  Conv   -3   0.004975   0.002037   0.337167   0.337167
      8       0      74         -1   2.588428   0.000440   0.337167   0.337167
      8       0      74         -2   2.558635   0.000440   0.337167   0.337167
      8       0      74  Conv   -3   0.010405   0.000440   0.337607   0.337607
      8       0      75         -1   4.442918   0.000156   0.337607   0.337607
      8       0      75         -2   4.443204   0.000156   0.337607   0.337607
      8       0      75  Conv   -3   0.009771   0.000156   0.337763   0.337763
      8       0      76         -1   2.597585   0.000887   0.337763   0.337763
      8       0      76         -2   2.538138   0.000887   0.337763   0.337763
      8       0      76  Conv   -3   0.011914   0.000887   0.338650   0.338650
      8       0      77         -1   6.252724   0.000204   0.338650   0.338650
      8       0      77         -2   6.247505   0.000204   0.338650   0.338650
      8       0      77  Conv   -3   0.045520   0.000204   0.338854   0.338854
      8       0      78         -1   2.606672   0.000840   0.338854   0.338854
      8       0      78         -2   2.550777   0.000840   0.338854   0.338854
      8       0      78  Conv   -3   0.007441   0.000840   0.339694   0.339694
      8       0      79         -1   2.615113   0.000641   0.339694   0.339694
      8       0      79         -2   2.570967   0.000641   0.339694   0.339694
      8       0      79  Conv   -3   0.007956   0.000641   0.340335   0.340335
      8       0      80         -1   2.643883   0.000918   0.340335   0.340335
      8       0      80         -2   2.544178   0.000918   0.340335   0.340335
      8       0      80  Conv   -3   0.088378   0.000918   0.341252   0.341252
      8       0      81         -1   2.624479   0.001195   0.341252   0.341252
      8       0      81         -2   2.561234   0.001195   0.341252   0.341252
      8       0      81  Conv   -3   0.009790   0.001195   0.342447   0.342447
      8       0      82         -1   2.680270   0.003365   0.342447   0.342447
      8       0      82         -2   2.438727   0.003365   0.342447   0.342447
      8       0      82  Conv   -3   0.006975   0.003365   0.345813   0.345813
      8       0      83         -1   2.680707   0.000300   0.345813   0.345813
      8       0      83         -2   2.659690   0.000300   0.345813   0.345813
      8       0      83  Conv   -3   0.009748   0.000300   0.346113   0.346113
      8       0      84         -1   2.686581   0.000811   0.346113   0.346113
      8       0      84         -2   2.630090   0.000811   0.346113   0.346113
      8       0      84  Conv   -3   0.008116   0.000811   0.346923   0.346923
      8       0      85         -1   2.695917   0.001150   0.346923   0.346923
      8       0      85         -2   2.616043   0.001150   0.346923   0.346923
      8       0      85  Conv   -3   0.007628   0.001150   0.348073   0.348073
      8       0      86         -1   2.715638   0.002136   0.348073   0.348073
      8       0      86         -2   2.564295   0.002136   0.348073   0.348073
      8       0      86  Conv   -3   0.014571   0.002136   0.350210   0.350210
      8       0      87         -1   2.710798   0.002089   0.350210   0.350210
      8       0      87         -2   2.563468   0.002089   0.350210   0.350210
      8       0      87  Conv   -3   0.058926   0.002089   0.352299   0.352299
      8       0      88         -1   2.735226   0.002640   0.352299   0.352299
      8       0      88         -2   2.556987   0.002640   0.352299   0.352299
      8       0      88  Conv   -3   0.010956   0.002640   0.354939   0.354939
      8       0      89         -1   9.378547   0.000145   0.354939   0.354939
      8       0      89         -2   9.374445   0.000145   0.354939   0.354939
      8       0      89  Conv   -3   0.012756   0.000145   0.355084   0.355084
      8       0      90         -1   2.754592   0.000809   0.355084   0.355084
      8       0      90         -2   2.698983   0.000809   0.355084   0.355084
      8       0      90  Conv   -3   0.015624   0.000809   0.355893   0.355893
      8       0      91         -1   2.762388   0.000803   0.355893   0.355893
      8       0      91         -2   2.705161   0.000803   0.355893   0.355893
      8       0      91  Conv   -3   0.011636   0.000803   0.356697   0.356697
      8       0      92         -1   2.775998   0.001733   0.356697   0.356697
      8       0      92         -2   2.652645   0.001733   0.356697   0.356697
      8       0      92  Conv   -3   0.010646   0.001733   0.358430   0.358430
      8       0      93         -1   2.781595   0.000428   0.358430   0.358430
      8       0      93         -2   2.751199   0.000428   0.358430   0.358430
      8       0      93  Conv   -3   0.013741   0.000428   0.358857   0.358857
      8       0      94         -1   2.851490   0.004592   0.358857   0.358857
      8       0      94         -2   2.492935   0.004592   0.358857   0.358857
      8       0      94  Conv   -3   0.028067   0.004592   0.363450   0.363450
      8       0      95         -1   2.823446   0.000449   0.363450   0.363450
      8       0      95         -2   2.791405   0.000449   0.363450   0.363450
      8       0      95  Conv   -3   0.017854   0.000449   0.363899   0.363899
      8       0      96         -1   2.847282   0.002746   0.363899   0.363899
      8       0      96         -2   2.646924   0.002746   0.363899   0.363899
      8       0      96  Conv   -3   0.018387   0.002746   0.366644   0.366644
      8       0      97         -1   2.858828   0.002033   0.366644   0.366644
      8       0      97         -2   2.713067   0.002033   0.366644   0.366644
      8       0      97  Conv   -3   0.011350   0.002033   0.368677   0.368677
      8       0      98         -1   2.865600   0.000641   0.368677   0.368677
      8       0      98         -2   2.820291   0.000641   0.368677   0.368677
      8       0      98  Conv   -3   0.010404   0.000641   0.369318   0.369318
      8       0      99         -1   2.872149   0.000871   0.369318   0.369318
      8       0      99         -2   2.810100   0.000871   0.369318   0.369318
      8       0      99  Conv   -3   0.011132   0.000871   0.370189   0.370189
      8       0     100         -1   2.876237   0.000399   0.370189   0.370189
      8       0     100         -2   2.848247   0.000399   0.370189   0.370189
      8       0     100  Conv   -3   0.011275   0.000399   0.370588   0.370588
      8       0     101         -1 575.871506   0.100000   0.370588   0.370588
      8       0     101         -2 300.883590   0.100000   0.370588   0.370588
      8       0     101         -3 200.926323   0.100000   0.370588   0.370588
      8       0     101         -4 139.170067   0.100000   0.370588   0.370588
      8       0     101         -5  95.692098   0.100000   0.370588   0.370588
      8       0     101         -6  66.161151   0.100000   0.370588   0.370588
      8       0     101         -7  45.964517   0.100000   0.370588   0.370588
      8       0     101         -8  31.968769   0.100000   0.370588   0.370588
      8       0     101         -9  22.239724   0.100000   0.370588   0.370588
      8       0     101        -10  15.474995   0.100000   0.370588   0.370588
      8       0     101         -1 208.621200   0.050000   0.370588   0.370588
      8       0     101         -2 118.385599   0.050000   0.370588   0.370588
      8       0     101         -3  78.848321   0.050000   0.370588   0.370588
      8       0     101         -4  53.829657   0.050000   0.370588   0.370588
      8       0     101         -5  36.906015   0.050000   0.370588   0.370588
      8       0     101         -6  25.296515   0.050000   0.370588   0.370588
      8       0     101         -7  17.322319   0.050000   0.370588   0.370588
      8       0     101         -8  11.852083   0.050000   0.370588   0.370588
      8       0     101         -9   8.104743   0.050000   0.370588   0.370588
      8       0     101        -10   5.540270   0.050000   0.370588   0.370588
      8       0     101          1 208.621200   0.050000   0.370588   0.370588
      8       0     101          2  12.495762   0.050000   0.370588   0.370588
      8       0     101  Conv    3   0.062554   0.050000   0.420588   0.420588
      8       0     102          1 331.149678   0.100000   0.420588   0.420588
      8       0     102          2  16.047835   0.100000   0.420588   0.420588
      9       0     102  Conv   -3   0.158103   0.100000   0.520588   0.520588
      9       0     103         -1 291.682110   0.100000   0.520588   0.520588
      9       0     103         -2  92.421712   0.100000   0.520588   0.520588
      9       0     103         -3  51.566411   0.100000   0.520588   0.520588
      9       0     103         -4  29.300607   0.100000   0.520588   0.520588
      9       0     103         -5  16.491696   0.100000   0.520588   0.520588
      9       0     103         -6   9.160775   0.100000   0.520588   0.520588
      9       0     103         -7   5.043396   0.100000   0.520588   0.520588
      9       0     103         -8   2.806503   0.100000   0.520588   0.520588
      9       0     103         -9   1.666103   0.100000   0.520588   0.520588
      9       0     103        -10   1.142529   0.100000   0.520588   0.520588
      9       0     103          1 291.682110   0.100000   0.520588   0.520588
      9       0     103          2   2.999558   0.100000   0.520588   0.520588
     10       0     103  Conv    3   0.011459   0.100000   0.620588   0.620588
     10       0     104          1 327.102790   0.100000   0.620588   0.620588
     10       0     104          2 464.675074   0.100000   0.620588   0.620588
     10       0     104          3  12.635233   0.100000   0.620588   0.620588
     11       0     104  Conv    4   0.023288   0.100000   0.720588   0.720588
     11       0     105          1   2038.620   0.100000   0.720588   0.720588
     11       0     105          2   2.160277   0.100000   0.720588   0.720588
     12       0     105  Conv    3   0.099333   0.100000   0.820588   0.820588
     12       0     106          1   2163.767   0.100000   0.820588   0.820588
     12       0     106          2   4.410443   0.100000   0.820588   0.820588
     13       0     106  Conv   -3   0.217565   0.100000   0.920588   0.920588
     13       0     107         -1   1414.513   0.079412   0.920588   0.920588
     13       0     107         -2 386.004828   0.079412   0.920588   0.920588
     13       0     107         -3 326.837484   0.079412   0.920588   0.920588
     13       0     107         -4 130.083018   0.079412   0.920588   0.920588
     13       0     107         -5  84.323701   0.079412   0.920588   0.920588
     13       0     107         -6  46.011519   0.079412   0.920588   0.920588
     13       0     107         -7  33.878952   0.079412   0.920588   0.920588
     13       0     107         -8  29.861078   0.079412   0.920588   0.920588
     13       0     107         -9  29.436884   0.079412   0.920588   0.920588
     13       0     107        -10  28.845506   0.079412   0.920588   0.920588
     13       0     107          1   1424.147   0.079412   0.920588   0.920588
     13       0     107          2   3.785310   0.079412   0.920588   0.920588
     14       0     107  Conv    3   0.136588   0.079412   1.000000   1.000000

 NUMBER OF STIFFNESS FORMATIONS/SOLUTIONS  =         122

 TIME FOR INITIALIZING ANALYSIS            =        0.02
 TIME FOR CONTROLLING ANALYSIS             =        0.03
 TIME FOR UPDATING LOADS AND STATE         =        1.81
 TIME FOR FORMING STIFFNESS MATRIX         =        0.09
 TIME FOR SOLVING STIFFNESS MATRIX         =        5.23
 TIME FOR CALCULATING DISPLACEMENTS        =        1.45
 TIME FOR DETERMINING EVENTS               =        0.47
 TIME FOR SAVING RESULTS                   =        1.02
                                               ----------
 TOTAL TIME FOR THIS ANALYSIS              =       10.12


 A N A L Y S I S   C O M P L E T E                          2026/07/24  12:07:07
