

 SAP2000 v22.1.0 Ultimate 64-bit (Analysis Build 9798/64)
 File: E:\sap2000_generated_mo...ft050_RhoR030_Slab022_RhoS025_WallT030_L350.LOG




 B E G I N   A N A L Y S I S                                2026/07/24  00:32:17


 RUNNING ANALYSIS WITHIN THE GUI PROCESS
 USING THE ADVANCED SOLVER (PROVIDES LIMITED INSTABILITY INFORMATION)

 NUMBER OF JOINTS                          =         164
    WITH RESTRAINTS                        =          24
    WITH SPRINGS                           =          24
 NUMBER OF FRAME/CABLE/TENDON ELEMENTS     =         280
 NUMBER OF SHELL ELEMENTS                  =          77
 NUMBER OF CONSTRAINTS/WELDS               =           4
 NUMBER OF LOAD PATTERNS                   =           4
 NUMBER OF ACCELERATION LOADS              =           9
 NUMBER OF LOAD CASES                      =           2

 ADDRESSABLE PHYSICAL MEMORY (RAM)         =      15.842 GB

 PARALLELIZATION OF ANALYSIS OPERATIONS:
 (Env. variable SAPFIRE_NUM_THREADS        =           0)
 NUMBER OF THREADS: STATE (AUTOMATIC)      =           6
 NUMBER OF THREADS: STIFFNESS (AUTOMATIC)  =           6
 NUMBER OF THREADS: EVENT (AUTOMATIC)      =           6
 NUMBER OF THREADS: MOVE (AUTOMATIC)       =           6
 NUMBER OF THREADS: RESPONSE (AUTOMATIC)   =           6
 NUMBER OF THREADS: SOLVE (AUTOMATIC)      =           6
 NUMBER OF THREADS: FORM (AUTOMATIC)       =           6


 N O N L I N E A R   S T A T I C   A N A L Y S I S                      00:32:17

 CASE: PUSHOVER_X

 STARTING FROM ZERO (UNSTRESSED) INITIAL CONDITIONS

 LOAD CONTROL TYPE                         = DISPLACEMENT
 SAVE POSITIVE INCREMENTS ONLY             =         YES
 TYPE OF GEOMETRIC NONLINEARITY            = LARGE DISPLACEMENT AND P-DELTA
 USE EVENT STEPPING                        =         YES
 USE ITERATION                             =         YES
 USE LINE SEARCH                           =          NO
 EVENT LUMPING TOLERANCE                   =    0.000100
 FORCE CONVERGENCE TOLERANCE (RELATIVE)    =    0.000100


 E L E M E N T   F O R M A T I O N                                      00:32:17


 NUMBER OF COUPLED CONSTRAINT EQUATIONS    =           0

 Negative iterations are Constant-Stiffness
 Positive iterations are Newton-Raphson

  Saved    Null   Total  Iteration   Relative  Curr Step   Curr Sum    Max Sum
  Steps   Steps   Steps  this Step  Unbalance       Size   of Steps   of Steps
 (  100      20     200     -10/40   1.000000   0.100000   1.000000   1.000000)

      0       0       1         -1  64.575052   0.051240    .000000    .000000
      1       0       1  Conv   -2   0.722456   0.051240   0.051240   0.051240
      2       0       2  Conv   -1   0.724932   6.71E-05   0.051307   0.051307
      2       0       3  Conv   -1   0.724938   0.001948   0.053255   0.053255
      2       0       4  Conv   -1   0.728027   0.000127   0.053382   0.053382
      2       0       5         -1   7.140127   0.016455   0.053382   0.053382
      2       0       5         -2   1.833064   0.016455   0.053382   0.053382
      2       0       5  Conv   -3   0.211377   0.016455   0.069837   0.069837
      2       0       6         -1   1.905554   9.10E-06   0.069837   0.069837
      2       0       6         -2   2.145141   9.10E-06   0.069837   0.069837
      2       0       6  Conv   -3   0.531319   9.10E-06   0.069846   0.069846
      2       0       7         -1   2.249986   3.34E-08   0.069846   0.069846
      2       0       7         -2   1.739290   3.34E-08   0.069846   0.069846
      2       0       7         -3   1.479246   3.34E-08   0.069846   0.069846
      2       0       7         -4   1.725000   3.34E-08   0.069846   0.069846
      2       0       7         -5   1.800611   3.34E-08   0.069846   0.069846
      2       0       7         -1   2.024918    .000000   0.069846   0.069846
      2       0       7         -2   1.726999    .000000   0.069846   0.069846
      2       0       7         -3   1.793989    .000000   0.069846   0.069846
      2       0       7         -4   1.810483    .000000   0.069846   0.069846
      2       0       7         -5   1.835578    .000000   0.069846   0.069846
      2       1       8         -1   1.823349    .000000   0.069846   0.069846
      2       1       8         -2   4.035070    .000000   0.069846   0.069846
      2       1       8         -3   1.922919    .000000   0.069846   0.069846
      2       1       8         -4   1.979486    .000000   0.069846   0.069846
      2       1       8         -5   1.980293    .000000   0.069846   0.069846
      2       1       8         -6   1.980468    .000000   0.069846   0.069846
      2       2       9         -1   2.225253    .000000   0.069846   0.069846
      2       3       9         -2    .000000    .000000   0.069846   0.069846
      2       4      10         -1    .000000    .000000   0.069846   0.069846
      2       4      11  Conv   -1   0.904127   1.67E-08   0.069846   0.069846
      2       4      12         -1   0.904128   3.34E-08   0.069846   0.069846
      2       4      12         -1   0.904128   6.68E-08   0.069846   0.069846
      2       4      12         -1   0.904131   2.67E-07   0.069846   0.069846
      2       4      12         -1   0.904155   2.14E-06   0.069846   0.069846
      2       4      12         -1   0.904576   3.42E-05   0.069846   0.069846
      2       4      12  Conv   -1   0.904162   4.17E-05   0.069888   0.069888
      2       4      13  Conv   -1   0.904119   1.67E-05   0.069904   0.069904
      2       4      14  Conv   -1   0.904259   4.48E-05   0.069949   0.069949
      2       4      15  Conv   -1   0.903345   0.000378   0.070327   0.070327
      2       4      16  Conv   -1   0.903544   0.000138   0.070465   0.070465
      2       4      17  Conv   -1   0.903092   8.47E-05   0.070550   0.070550
      2       4      18  Conv   -1   0.902911   0.000225   0.070775   0.070775
      2       4      19  Conv   -1   0.902919   0.000129   0.070904   0.070904
      2       4      20  Conv   -1   0.903012   6.05E-05   0.070964   0.070964
      2       4      21  Conv   -1   0.902530   0.000410   0.071374   0.071374
      2       4      22  Conv   -1   0.902954   1.05E-05   0.071385   0.071385
      2       4      23  Conv   -1   0.900550   0.000362   0.071747   0.071747
      2       4      24  Conv   -1   0.899648   0.000211   0.071957   0.071957
      2       4      25  Conv   -1   0.899236   0.000110   0.072067   0.072067
      2       4      26  Conv   -1   0.899336   2.36E-05   0.072091   0.072091
      2       4      27  Conv   -1   0.899073   0.000197   0.072288   0.072288
      2       4      28  Conv   -1   0.899110   0.000145   0.072433   0.072433
      2       4      29  Conv   -1   0.898939   0.000370   0.072802   0.072802
      2       4      30  Conv   -1   0.899244   0.000336   0.073138   0.073138
      2       4      31  Conv   -1   0.903062   0.000899   0.074037   0.074037
      2       4      32  Conv   -1   0.904937   0.001471   0.075508   0.075508
      2       4      33  Conv   -1   0.907686   0.000430   0.075938   0.075938
      2       4      34  Conv   -1   0.910045   0.000569   0.076508   0.076508
      2       4      35  Conv   -1   0.912217   0.000280   0.076788   0.076788
      3       4      36  Conv   -1   0.916294   0.000575   0.077363   0.077363
      3       4      37  Conv   -1   0.919255   0.000404   0.077767   0.077767
      3       4      38  Conv   -1   0.922348   0.000388   0.078155   0.078155
      3       4      39  Conv   -1   0.925976   0.000352   0.078507   0.078507
      3       4      40  Conv   -1   0.915202   0.002076   0.080583   0.080583
      3       4      41  Conv   -1   0.919262   0.000398   0.080981   0.080981
      3       4      42  Conv   -1   0.923601   0.000776   0.081757   0.081757
      3       4      43  Conv   -1   0.925738   0.000144   0.081901   0.081901
      3       4      44  Conv   -1   0.930120   0.000517   0.082418   0.082418
      3       4      45  Conv   -1   0.935179   0.000689   0.083108   0.083108
      3       4      46  Conv   -1   0.940942   0.000565   0.083673   0.083673
      3       4      47  Conv   -1   0.941732   1.29E-05   0.083685   0.083685
      3       4      48  Conv   -1   0.944311   0.000946   0.084632   0.084632
      3       4      49  Conv   -1   0.946718   9.40E-05   0.084726   0.084726
      3       4      50  Conv   -1   0.951360   0.000752   0.085478   0.085478
      3       4      51  Conv   -1   0.957175   0.000357   0.085835   0.085835
      4       4      52  Conv   -1   0.961374   0.000209   0.086044   0.086044
      4       4      53  Conv   -1   0.968044   0.000523   0.086566   0.086566
      4       4      54  Conv   -1   0.974685   0.000354   0.086921   0.086921
      4       4      55  Conv   -1   0.972813   0.001112   0.088033   0.088033
      4       4      56         -1   4.864669   0.008158   0.088033   0.088033
      4       4      56  Conv   -2   0.368457   0.008158   0.096191   0.096191
      4       4      57  Conv   -1   0.755555   0.000981   0.097172   0.097172
      4       4      58         -1   1.145875   0.000196   0.097172   0.097172
      4       4      58         -2   1.091233   0.000196   0.097172   0.097172
      4       4      58  Conv   -3   0.881659   0.000196   0.097368   0.097368
      4       4      59         -1   1.099332   0.001039   0.097368   0.097368
      4       4      59  Conv   -2   0.403622   0.001039   0.098407   0.098407
      5       4      60  Conv   -1   0.124126   0.000219   0.098626   0.098626
      5       4      61  Conv   -1   0.887537   0.002952   0.101578   0.101578
      5       4      62         -1   1.227443   0.001218   0.101578   0.101578
      5       4      62  Conv   -2   0.388637   0.001218   0.102796   0.102796
      5       4      63  Conv   -1   0.904131   9.47E-06   0.102805   0.102805
      5       4      64         -1   1.536011   9.39E-07   0.102805   0.102805
      5       4      64         -2   1.332508   9.39E-07   0.102805   0.102805
      6       4      64  Conv   -3   0.888130   9.39E-07   0.102806   0.102806
      6       4      65         -1   1.311567   4.78E-06   0.102806   0.102806
      6       4      65         -2   1.287017   4.78E-06   0.102806   0.102806
      6       4      65         -3   1.073997   4.78E-06   0.102806   0.102806
      7       4      65  Conv   -4   0.721968   4.78E-06   0.102811   0.102811
      7       4      66         -1   1.093260   2.48E-07   0.102811   0.102811
      7       4      66         -2   1.120431   2.48E-07   0.102811   0.102811
      8       4      66  Conv   -3   0.612394   2.48E-07   0.102811   0.102811
      8       4      67         -1   1.330507   6.76E-06   0.102811   0.102811
      9       4      67  Conv   -2   0.402496   6.76E-06   0.102818   0.102818
     10       4      68  Conv   -1   0.493719   9.01E-06   0.102827   0.102827
     10       4      69         -1   1.113741   3.43E-06   0.102827   0.102827
     11       4      69  Conv   -2   0.714560   3.43E-06   0.102830   0.102830
     12       4      70  Conv   -1   0.273918   3.99E-05   0.102870   0.102870
     12       4      71  Conv   -1   0.471767   2.19E-05   0.102892   0.102892
     12       4      72         -1   1.094710   3.50E-06   0.102892   0.102892
     12       4      72         -2   2.173659  -3.50E-06   0.102892   0.102892
     12       4      72         -3   2.669251   3.50E-06   0.102892   0.102892
     12       4      72         -4   4.115405  -3.50E-06   0.102892   0.102892
     12       5      72         -1    .000000    .000000   0.102892   0.102892
     12       5      73         -1   1.166378   1.75E-06   0.102892   0.102892
     13       5      73  Conv   -2   0.113523   1.75E-06   0.102894   0.102894
     13       5      74         -1   0.112848   3.50E-06   0.102894   0.102894
     13       5      74         -1   0.112949   7.00E-06   0.102894   0.102894
     14       5      74  Conv   -1   0.113707   1.06E-05   0.102905   0.102905
     14       5      75  Conv   -1   0.114057   8.34E-06   0.102913   0.102913
     14       5      76  Conv   -1   0.114498   1.20E-05   0.102925   0.102925
     14       5      77  Conv   -1   0.115005   1.51E-05   0.102940   0.102940
     14       5      78  Conv   -1   0.119139   0.000230   0.103170   0.103170
     14       5      79  Conv   -1   0.120545   4.36E-06   0.103174   0.103174
     15       5      80  Conv   -1   0.122672   1.32E-05   0.103188   0.103188
     15       5      81  Conv   -1   0.125256   1.31E-05   0.103201   0.103201
     15       5      82  Conv   -1   0.133706   0.000195   0.103396   0.103396
     15       5      83  Conv   -1   0.147372   0.000625   0.104022   0.104022
     15       5      84  Conv   -1   0.165613   0.000582   0.104603   0.104603
     15       5      85         -1   1.791254   0.004052   0.104603   0.104603
     16       5      85  Conv   -2   0.237775   0.004052   0.108655   0.108655
     16       5      86  Conv   -1   0.507224   0.000186   0.108841   0.108841
     16       5      87  Conv   -1   0.776509   0.000253   0.109094   0.109094
     16       5      88         -1   1545.738   0.100000   0.109094   0.109094
     16       5      88         -2 303.288941   0.100000   0.109094   0.109094
     16       5      88         -3 185.101061   0.100000   0.109094   0.109094
     16       5      88         -4  27.748090   0.100000   0.109094   0.109094
     16       5      88         -5  13.102932   0.100000   0.109094   0.109094
     16       5      88         -6   2.483831   0.100000   0.109094   0.109094
     16       5      88  Conv   -7   0.965039   0.100000   0.209094   0.209094
     16       5      89         -1   1707.696   0.075681   0.209094   0.209094
     16       5      89         -2 190.325445   0.075681   0.209094   0.209094
     16       5      89         -3  90.007038   0.075681   0.209094   0.209094
     16       5      89         -4   8.966216   0.075681   0.209094   0.209094
     16       5      89         -5   4.126041   0.075681   0.209094   0.209094
     16       5      89         -6   1.022740   0.075681   0.209094   0.209094
     17       5      89  Conv   -7   0.560380   0.075681   0.284775   0.284775
     17       5      90         -1 585.790489   0.038239   0.284775   0.284775
     17       5      90         -2  38.088623   0.038239   0.284775   0.284775
     17       5      90         -3  10.174332   0.038239   0.284775   0.284775
     17       5      90  Conv   -4   0.733659   0.038239   0.323015   0.323015
     17       5      91         -1  21.186670   0.000537   0.323015   0.323015
     17       5      91         -2  36.149586   0.000537   0.323015   0.323015
     17       5      91         -3  22.780536   0.000537   0.323015   0.323015
     18       5      91  Conv   -4   0.244975   0.000537   0.323552   0.323552
     18       5      92         -1  19.676349   0.000807   0.323552   0.323552
     18       5      92         -2  32.690129   0.000807   0.323552   0.323552
     18       5      92         -3  19.725485   0.000807   0.323552   0.323552
     18       5      92         -4   1.590550   0.000807   0.323552   0.323552
     18       5      92  Conv   -5   0.099564   0.000807   0.324358   0.324358
     18       5      93         -1   4066.508   0.097533   0.324358   0.324358
     18       5      93         -2 577.347215   0.097533   0.324358   0.324358
     18       5      93         -3 340.443123   0.097533   0.324358   0.324358
     18       5      93         -4  52.784327   0.097533   0.324358   0.324358
     18       5      93         -5  23.930518   0.097533   0.324358   0.324358
     18       5      93         -6   4.636575   0.097533   0.324358   0.324358
     18       5      93         -7   1.759955   0.097533   0.324358   0.324358
     18       5      93  Conv   -8   0.391582   0.097533   0.421892   0.421892
     18       5      94         -1  47.523613   8.62E-05   0.421892   0.421892
     18       5      94         -2  75.624231   8.62E-05   0.421892   0.421892
     18       5      94         -3  56.255865   8.62E-05   0.421892   0.421892
     18       5      94         -4  44.738840   8.62E-05   0.421892   0.421892
     18       5      94         -5  36.605588   8.62E-05   0.421892   0.421892
     18       5      94         -6  63.019304   8.62E-05   0.421892   0.421892
     18       5      94          1  47.523613   8.62E-05   0.421892   0.421892
     18       5      94          2  55.693290   8.62E-05   0.421892   0.421892
     18       5      94          3   1.172345   8.62E-05   0.421892   0.421892
     19       5      94  Conv    4   0.031149   8.62E-05   0.421978   0.421978
     19       5      95          1  47.392200   7.95E-05   0.421978   0.421978
     19       5      95          2  55.856006   7.95E-05   0.421978   0.421978
     20       5      95  Conv   -3   0.256234   7.95E-05   0.422057   0.422057
     20       5      96         -1  37.358049   0.000217   0.422057   0.422057
     20       5      96         -2  48.210614   0.000217   0.422057   0.422057
     20       5      96         -3  30.382125   0.000217   0.422057   0.422057
     20       5      96         -4  19.037640   0.000217   0.422057   0.422057
     20       5      96         -5  12.347739   0.000217   0.422057   0.422057
     20       5      96         -6   1.855268   0.000217   0.422057   0.422057
     21       5      96  Conv   -7   0.217328   0.000217   0.422274   0.422274
     21       5      97         -1  26.719336   0.001632   0.422274   0.422274
     21       5      97         -2  43.412891   0.001632   0.422274   0.422274
     21       5      97         -3  25.818872   0.001632   0.422274   0.422274
     21       5      97         -4   2.754462   0.001632   0.422274   0.422274
     21       5      97  Conv   -5   0.023563   0.001632   0.423906   0.423906
     21       5      98         -1  38.428508   0.000194   0.423906   0.423906
     21       5      98         -2  64.236463   0.000194   0.423906   0.423906
     21       5      98         -3  42.167087   0.000194   0.423906   0.423906
     21       5      98         -4  16.209833   0.000194   0.423906   0.423906
     21       5      98         -5  17.624756   0.000194   0.423906   0.423906
     21       5      98         -6  19.365829   0.000194   0.423906   0.423906
     21       5      98         -7  31.266288   0.000194   0.423906   0.423906
     21       5      98         -1  28.503447    .000000   0.423906   0.423906
     21       5      98         -2  46.903251    .000000   0.423906   0.423906
     21       5      98         -3  46.828706    .000000   0.423906   0.423906
     21       5      98         -4  49.599000    .000000   0.423906   0.423906
     21       6      99         -1  36.496469    .000000   0.423906   0.423906
     21       6      99         -2  39.784354    .000000   0.423906   0.423906
     21       6      99         -3  35.340272    .000000   0.423906   0.423906
     21       6      99         -4  36.785530    .000000   0.423906   0.423906
     21       6      99         -5  64.865045    .000000   0.423906   0.423906
     21       7     100         -1  75.444035    .000000   0.423906   0.423906
     21       7     100         -2 104.684181    .000000   0.423906   0.423906
     21       7     100         -3 155.974730    .000000   0.423906   0.423906
     21       7     100         -4 189.950853    .000000   0.423906   0.423906
     21       8     101         -1 231.383617   9.72E-05   0.423906   0.423906
     21       8     101         -2 528.807639   9.72E-05   0.423906   0.423906
     21       8     101         -3 639.936854   9.72E-05   0.423906   0.423906
     21       8     101         -4 730.874814   9.72E-05   0.423906   0.423906
     21       8     101         -1 239.143773   4.86E-05   0.423906   0.423906
     21       8     101         -2 547.588831   4.86E-05   0.423906   0.423906
     21       8     101         -3 664.368133   4.86E-05   0.423906   0.423906
     21       8     101         -4 753.293513   4.86E-05   0.423906   0.423906
     21       8     101          1 239.435562   4.86E-05   0.423906   0.423906
     21       8     101          2 238.902863   4.86E-05   0.423906   0.423906
     21       8     101          3  17.062944   4.86E-05   0.423906   0.423906
     22       8     101  Conv    4   0.780115   4.86E-05   0.423955   0.423955
     22       8     102         -1   0.757044   9.72E-05   0.423955   0.423955
     22       8     102         -1   0.735484   0.000194   0.423955   0.423955
     22       8     102         -1   8.371962   0.000778   0.423955   0.423955
     22       8     102         -2   2.408872   0.000778   0.423955   0.423955
     22       8     102         -3   0.834614   0.000778   0.423955   0.423955
     22       8     102         -1 476.535339   0.006222   0.423955   0.423955
     22       8     102         -2 299.810405   0.006222   0.423955   0.423955
     22       8     102         -3 204.746189   0.006222   0.423955   0.423955
     22       8     102         -4 145.748113   0.006222   0.423955   0.423955
     22       8     102         -5 106.191147   0.006222   0.423955   0.423955
     22       8     102         -6  78.260094   0.006222   0.423955   0.423955
     22       8     102         -7  57.756456   0.006222   0.423955   0.423955
     22       8     102         -8  42.518926   0.006222   0.423955   0.423955
     22       8     102         -9  31.187170   0.006222   0.423955   0.423955
     22       8     102        -10  22.876098   0.006222   0.423955   0.423955
     22       8     102         -1 187.849284   0.003111   0.423955   0.423955
     22       8     102         -2 117.504393   0.003111   0.423955   0.423955
     22       8     102         -3  79.543598   0.003111   0.423955   0.423955
     22       8     102         -4  55.257612   0.003111   0.423955   0.423955
     22       8     102         -5  39.634502   0.003111   0.423955   0.423955
     22       8     102         -6  28.485969   0.003111   0.423955   0.423955
     22       8     102         -7  20.572034   0.003111   0.423955   0.423955
     22       8     102         -8  14.925801   0.003111   0.423955   0.423955
     22       8     102         -9  10.895529   0.003111   0.423955   0.423955
     22       8     102        -10   7.987711   0.003111   0.423955   0.423955
     22       8     102          1 187.849284   0.003111   0.423955   0.423955
     22       8     102          2  40.159921   0.003111   0.423955   0.423955
     22       8     102          3   3.033912   0.003111   0.423955   0.423955
     23       8     102  Conv    4   0.007469   0.003111   0.427065   0.427065
     23       8     103          1  19.399186   0.006222   0.427065   0.427065
     23       8     103          2   0.844355   0.006222   0.427065   0.427065
     23       8     103          1  11.853342   0.012444   0.427065   0.427065
     23       8     103          2   0.035407   0.012444   0.427065   0.427065
     23       8     103          1 765.155096   0.049775   0.427065   0.427065
     23       8     103          2   0.569837   0.049775   0.427065   0.427065
     23       8     103          1 129.608474   0.100000   0.427065   0.427065
     24       8     103  Conv    2   0.693540   0.100000   0.527065   0.527065
     24       8     104          1   6333.106   0.100000   0.527065   0.527065
     24       8     104          2   9.147226   0.100000   0.527065   0.527065
     25       8     104  Conv    3   0.044578   0.100000   0.627065   0.627065
     25       8     105          1   7056.183   0.100000   0.627065   0.627065
     25       8     105          2  10.597523   0.100000   0.627065   0.627065
     26       8     105  Conv   -3   0.050401   0.100000   0.727065   0.727065
     26       8     106         -1   7600.553   0.100000   0.727065   0.727065
     26       8     106         -2 931.554394   0.100000   0.727065   0.727065
     26       8     106         -3 590.910063   0.100000   0.727065   0.727065
     26       8     106         -4 100.525424   0.100000   0.727065   0.727065
     26       8     106         -5  49.066830   0.100000   0.727065   0.727065
     26       8     106         -6  10.310327   0.100000   0.727065   0.727065
     26       8     106         -7   4.212420   0.100000   0.727065   0.727065
     26       8     106         -8   1.013054   0.100000   0.727065   0.727065
     27       8     106  Conv   -9   0.370149   0.100000   0.827065   0.827065
     27       8     107         -1   7987.698   0.100000   0.827065   0.827065
     27       8     107         -2 970.483431   0.100000   0.827065   0.827065
     27       8     107         -3 630.389638   0.100000   0.827065   0.827065
     27       8     107         -4 106.925097   0.100000   0.827065   0.827065
     27       8     107         -5  53.106277   0.100000   0.827065   0.827065
     27       8     107         -6  11.148532   0.100000   0.827065   0.827065
     27       8     107         -7   4.621815   0.100000   0.827065   0.827065
     27       8     107         -8   1.112163   0.100000   0.827065   0.827065
     28       8     107  Conv   -9   0.411545   0.100000   0.927065   0.927065
     28       8     108         -1   4418.975   0.072935   0.927065   0.927065
     28       8     108         -2 331.136096   0.072935   0.927065   0.927065
     28       8     108         -3 181.231271   0.072935   0.927065   0.927065
     28       8     108         -4  17.890836   0.072935   0.927065   0.927065
     28       8     108         -5   7.687941   0.072935   0.927065   0.927065
     29       8     108  Conv   -6   0.930003   0.072935   1.000000   1.000000

 NUMBER OF STIFFNESS FORMATIONS/SOLUTIONS  =         125

 TIME FOR INITIALIZING ANALYSIS            =        0.07
 TIME FOR CONTROLLING ANALYSIS             =        0.03
 TIME FOR UPDATING LOADS AND STATE         =        1.45
 TIME FOR FORMING STIFFNESS MATRIX         =        0.15
 TIME FOR SOLVING STIFFNESS MATRIX         =        4.46
 TIME FOR CALCULATING DISPLACEMENTS        =        1.09
 TIME FOR DETERMINING EVENTS               =        0.22
 TIME FOR SAVING RESULTS                   =        0.85
                                               ----------
 TOTAL TIME FOR THIS ANALYSIS              =        8.32


 N O N L I N E A R   S T A T I C   A N A L Y S I S                      00:32:25

 CASE: PUSHOVER_Y

 STARTING FROM ZERO (UNSTRESSED) INITIAL CONDITIONS

 LOAD CONTROL TYPE                         = DISPLACEMENT
 SAVE POSITIVE INCREMENTS ONLY             =         YES
 TYPE OF GEOMETRIC NONLINEARITY            = LARGE DISPLACEMENT AND P-DELTA
 USE EVENT STEPPING                        =         YES
 USE ITERATION                             =         YES
 USE LINE SEARCH                           =          NO
 EVENT LUMPING TOLERANCE                   =    0.000100
 FORCE CONVERGENCE TOLERANCE (RELATIVE)    =    0.000100

 Negative iterations are Constant-Stiffness
 Positive iterations are Newton-Raphson

  Saved    Null   Total  Iteration   Relative  Curr Step   Curr Sum    Max Sum
  Steps   Steps   Steps  this Step  Unbalance       Size   of Steps   of Steps
 (  100      20     200     -10/40   1.000000   0.100000   1.000000   1.000000)

      0       0       1         -1 113.935373   0.069519    .000000    .000000
      0       0       1         -2   1.780786   0.069519    .000000    .000000
      1       0       1  Conv   -3   0.488461   0.069519   0.069519   0.069519
      2       0       2  Conv   -1   0.483709   0.000153   0.069672   0.069672
      2       0       3         -1   3.907148   0.000242   0.069672   0.069672
      2       0       3         -2   3.090765   0.000242   0.069672   0.069672
      2       0       3  Conv   -3   0.374617   0.000242   0.069914   0.069914
      2       0       4         -1   3.878553   0.000197   0.069914   0.069914
      2       0       4         -2   3.498167   0.000197   0.069914   0.069914
      2       0       4  Conv   -3   0.086779   0.000197   0.070111   0.070111
      2       0       5         -1   3.875686   4.13E-05   0.070111   0.070111
      2       0       5         -2   2.228760   4.13E-05   0.070111   0.070111
      2       0       5  Conv   -3   0.979734   4.13E-05   0.070152   0.070152
      2       0       6         -1   2.159911   7.54E-07   0.070152   0.070152
      2       0       6         -2   2.482520   7.54E-07   0.070152   0.070152
      2       0       6         -3   2.304203   7.54E-07   0.070152   0.070152
      3       0       6  Conv   -4   0.359659   7.54E-07   0.070153   0.070153
      3       0       7         -1   2.259078   9.39E-06   0.070153   0.070153
      3       0       7         -2   1.565386   9.39E-06   0.070153   0.070153
      3       0       7         -3   4.300692   9.39E-06   0.070153   0.070153
      3       0       7         -4   4.644919   9.39E-06   0.070153   0.070153
      3       0       7         -1   2.209883   8.53E-08   0.070153   0.070153
      3       0       7         -2   1.553437   8.53E-08   0.070153   0.070153
      3       0       7         -3   4.344779   8.53E-08   0.070153   0.070153
      4       0       7  Conv   -4   0.265851   8.53E-08   0.070153   0.070153
      4       0       8         -1   2.892338   2.14E-06   0.070153   0.070153
      4       0       8         -2   1.002960   2.14E-06   0.070153   0.070153
      5       0       8  Conv   -3   0.261236   2.14E-06   0.070155   0.070155
      5       0       9         -1   0.261241   1.88E-05   0.070155   0.070155
      5       0       9         -1   0.261247   3.75E-05   0.070155   0.070155
      5       0       9         -1   0.261330   0.000150   0.070155   0.070155
      6       0       9  Conv   -1   0.671743   0.000184   0.070339   0.070339
      6       0      10         -1   1.228559   0.000109   0.070339   0.070339
      6       0      10         -2   1.554150  -0.000109   0.070339   0.070339
      6       0      10  Conv   -3   0.981169   0.000109   0.070449   0.070449
      6       0      11         -1   1.536217   0.000191   0.070449   0.070449
      6       0      11  Conv   -2   0.932172   0.000191   0.070640   0.070640
      6       0      12  Conv   -1   0.645607   4.14E-05   0.070681   0.070681
      6       0      13  Conv   -1   0.774956   0.000187   0.070868   0.070868
      6       0      14         -1   1.190053   2.66E-05   0.070868   0.070868
      6       0      14         -2   1.733902  -2.66E-05   0.070868   0.070868
      7       0      14  Conv   -3   0.214181  -2.66E-05   0.070842   0.070868
      7       0      15  Conv   -1   0.904952   1.43E-05   0.070856   0.070868
      7       0      16  Conv   -1   0.905318   2.23E-05   0.070878   0.070878
      8       0      17  Conv   -1   0.905563   3.64E-05   0.070915   0.070915
      8       0      18  Conv   -1   0.903696   0.000246   0.071160   0.071160
      8       0      19  Conv   -1   0.904312   2.35E-05   0.071184   0.071184
      8       0      20  Conv   -1   0.903942   0.000100   0.071284   0.071284
      8       0      21  Conv   -1   0.901606   0.000321   0.071605   0.071605
      8       0      22  Conv   -1   0.900060   0.000213   0.071818   0.071818
      8       0      23  Conv   -1   0.898854   0.000276   0.072094   0.072094
      8       0      24  Conv   -1   0.880683   0.002823   0.074917   0.074917
      8       0      25  Conv   -1   0.882435   0.000990   0.075907   0.075907
      8       0      26  Conv   -1   0.883137   0.000331   0.076238   0.076238
      8       0      27  Conv   -1   0.884504   0.000100   0.076338   0.076338
      8       0      28  Conv   -1   0.884682   0.000245   0.076583   0.076583
      8       0      29  Conv   -1   0.885353   9.94E-05   0.076682   0.076682
      8       0      30  Conv   -1   0.886369   1.28E-05   0.076695   0.076695
      8       0      31  Conv   -1   0.886687   0.000162   0.076857   0.076857
      8       0      32  Conv   -1   0.887809   0.000253   0.077110   0.077110
      8       0      33  Conv   -1   0.889643   5.33E-06   0.077115   0.077115
      8       0      34  Conv   -1   0.889442   0.000554   0.077669   0.077669
      8       0      35  Conv   -1   0.890968   0.000213   0.077882   0.077882
      8       0      36  Conv   -1   0.893327   0.000368   0.078249   0.078249
      8       0      37  Conv   -1   0.895121   0.000240   0.078489   0.078489
      9       0      38  Conv   -1   0.897559   0.002572   0.081061   0.081061
      9       0      39  Conv   -1   0.898965   0.000355   0.081416   0.081416
      9       0      40  Conv   -1   0.898351   0.000710   0.082126   0.082126
      9       0      41  Conv   -1   0.899904   0.000143   0.082269   0.082269
      9       0      42  Conv   -1   0.900564   0.000266   0.082535   0.082535
      9       0      43  Conv   -1   0.902225   8.64E-05   0.082622   0.082622
      9       0      44  Conv   -1   0.902674   0.000681   0.083303   0.083303
      9       0      45  Conv   -1   0.905159   0.000140   0.083443   0.083443
      9       0      46  Conv   -1   0.906657   0.000303   0.083746   0.083746
      9       0      47  Conv   -1   0.908494   0.000404   0.084151   0.084151
      9       0      48  Conv   -1   0.911050   8.69E-05   0.084238   0.084238
      9       0      49  Conv   -1   0.912980   0.000594   0.084831   0.084831
      9       0      50         -1   8.066871   0.010766   0.084831   0.084831
     10       0      50  Conv   -2   0.653575   0.010766   0.095598   0.095598
     10       0      51         -1   1.372477   0.000349   0.095598   0.095598
     10       0      51         -2   2.867772   0.000349   0.095598   0.095598
     10       0      51         -3   2.570990   0.000349   0.095598   0.095598
     10       0      51         -4   1.053162   0.000349   0.095598   0.095598
     10       0      51         -5   1.056949   0.000349   0.095598   0.095598
     10       0      51         -6   1.075004   0.000349   0.095598   0.095598
     10       0      51         -7   1.074959   0.000349   0.095598   0.095598
     10       0      51         -8   1.074744   0.000349   0.095598   0.095598
     10       0      51         -9   1.074745   0.000349   0.095598   0.095598
     10       0      51        -10   1.074747   0.000349   0.095598   0.095598
     10       1      51         -1    .000000    .000000   0.095598   0.095598
     10       1      52         -1   2.629242   1.86E-06   0.095598   0.095598
     11       1      52  Conv   -2   0.770737   1.86E-06   0.095599   0.095599
     12       1      53  Conv   -1   0.388648   0.000109   0.095709   0.095709
     12       1      54  Conv   -1   0.287070   9.21E-05   0.095801   0.095801
     12       1      55  Conv   -1   0.574539   7.51E-05   0.095876   0.095876
     12       1      56  Conv   -1   0.936361   6.45E-05   0.095941   0.095941
     12       1      57         -1   1.309442   6.97E-05   0.095941   0.095941
     13       1      57  Conv   -2   0.652023   6.97E-05   0.096010   0.096010
     14       1      58  Conv   -1   0.575149   0.000106   0.096116   0.096116
     14       1      59         -1   1.035168   5.86E-05   0.096116   0.096116
     14       1      59         -2   1.366321   5.86E-05   0.096116   0.096116
     15       1      59  Conv   -3   0.002268   5.86E-05   0.096175   0.096175
     16       1      60  Conv   -1   0.457766   3.64E-05   0.096211   0.096211
     16       1      61  Conv   -1   0.846221   2.19E-05   0.096233   0.096233
     16       1      62         -1   1.237636   6.44E-05   0.096233   0.096233
     17       1      62  Conv   -2   0.549309   6.44E-05   0.096298   0.096298
     18       1      63  Conv   -1   0.140865   3.75E-05   0.096335   0.096335
     18       1      64  Conv   -1   0.384612   2.12E-05   0.096356   0.096356
     18       1      65  Conv   -1   0.773469   6.51E-05   0.096421   0.096421
     18       1      66         -1   1.170627   6.51E-05   0.096421   0.096421
     19       1      66  Conv   -2   0.647702   6.51E-05   0.096487   0.096487
     20       1      67  Conv   -1   0.559631   6.30E-05   0.096549   0.096549
     20       1      68         -1   1.178573   5.69E-05   0.096549   0.096549
     20       1      68         -2   1.488296   5.69E-05   0.096549   0.096549
     21       1      68  Conv   -3   0.002449   5.69E-05   0.096606   0.096606
     22       1      69  Conv   -1   0.478312   3.75E-05   0.096644   0.096644
     22       1      70  Conv   -1   0.886312   2.27E-05   0.096667   0.096667
     22       1      71         -1   1.297275   6.65E-05   0.096667   0.096667
     23       1      71  Conv   -2   0.569888   6.65E-05   0.096733   0.096733
     24       1      72  Conv   -1   0.138630   3.17E-05   0.096765   0.096765
     24       1      73  Conv   -1   0.489035   1.08E-05   0.096776   0.096776
     24       1      74         -1   1.003565   3.22E-06   0.096776   0.096776
     25       1      74  Conv   -2   0.512092   3.22E-06   0.096779   0.096779
     26       1      75  Conv   -1   0.155425   6.58E-05   0.096845   0.096845
     26       1      76  Conv   -1   0.383327   6.73E-05   0.096912   0.096912
     26       1      77  Conv   -1   0.794097   2.49E-05   0.096937   0.096937
     26       1      78         -1   1.213691   0.000109   0.096937   0.096937
     27       1      78  Conv   -2   0.641331   0.000109   0.097045   0.097045
     28       1      79  Conv   -1   0.540898   6.91E-05   0.097114   0.097114
     28       1      80  Conv   -1   0.497496   5.46E-05   0.097169   0.097169
     28       1      81  Conv   -1   0.859113   3.98E-06   0.097173   0.097173
     28       1      82         -1   1.334447   3.49E-06   0.097173   0.097173
     29       1      82  Conv   -2   0.522029   3.49E-06   0.097176   0.097176
     30       1      83  Conv   -1   0.132480   5.41E-05   0.097231   0.097231
     30       1      84  Conv   -1   0.388639   6.79E-05   0.097298   0.097298
     30       1      85  Conv   -1   0.819902   6.78E-05   0.097366   0.097366
     30       1      86         -1   1.257190   6.78E-05   0.097366   0.097366
     31       1      86  Conv   -2   0.619537   6.78E-05   0.097434   0.097434
     32       1      87  Conv   -1   0.503717   9.48E-05   0.097529   0.097529
     32       1      88  Conv   -1   0.472410   5.32E-05   0.097582   0.097582
     32       1      89  Conv   -1   0.863364   6.16E-06   0.097588   0.097588
     32       1      90         -1   1.363953   2.78E-08   0.097588   0.097588
     33       1      90  Conv   -2   0.561676   2.78E-08   0.097588   0.097588
     34       1      91  Conv   -1   0.172570   5.67E-05   0.097645   0.097645
     34       1      92  Conv   -1   0.395180   6.84E-05   0.097713   0.097713
     34       1      93  Conv   -1   0.832980   6.84E-05   0.097782   0.097782
     34       1      94         -1   1.281475   6.83E-05   0.097782   0.097782
     35       1      94  Conv   -2   0.626323   6.83E-05   0.097850   0.097850
     36       1      95  Conv   -1   0.501839   8.49E-05   0.097935   0.097935
     36       1      96  Conv   -1   0.476280   5.19E-05   0.097987   0.097987
     36       1      97  Conv   -1   0.866410   8.25E-06   0.097995   0.097995
     36       1      98         -1   1.351233   8.10E-06   0.097995   0.097995
     37       1      98  Conv   -2   0.517586   8.10E-06   0.098003   0.098003
     38       1      99  Conv   -1   0.090738   5.06E-05   0.098054   0.098054
     38       1     100  Conv   -1   0.432111   6.90E-05   0.098123   0.098123
     38       1     101         -1   1090.715   0.100000   0.098123   0.098123
     38       1     101         -2 746.475040   0.100000   0.098123   0.098123
     38       1     101         -3 407.841883   0.100000   0.098123   0.098123
     38       1     101         -4 213.609273   0.100000   0.098123   0.098123
     38       1     101         -5 104.359009   0.100000   0.098123   0.098123
     38       1     101         -6  51.080034   0.100000   0.098123   0.098123
     38       1     101         -7  23.678748   0.100000   0.098123   0.098123
     38       1     101         -8  11.185966   0.100000   0.098123   0.098123
     38       1     101         -9   5.273811   0.100000   0.098123   0.098123
     38       1     101        -10   2.525129   0.100000   0.098123   0.098123
     38       1     101        -11   1.224323   0.100000   0.098123   0.098123
     39       1     101  Conv  -12   0.604538   0.100000   0.198123   0.198123
     39       1     102         -1   2336.280   0.100000   0.198123   0.198123
     39       1     102         -2 394.794589   0.100000   0.198123   0.198123
     39       1     102         -3 232.088548   0.100000   0.198123   0.198123
     39       1     102         -4  34.725213   0.100000   0.198123   0.198123
     39       1     102         -5  15.687683   0.100000   0.198123   0.198123
     39       1     102         -6   2.920840   0.100000   0.198123   0.198123
     39       1     102         -7   1.097599   0.100000   0.198123   0.198123
     40       1     102  Conv   -8   0.235930   0.100000   0.298123   0.298123
     40       1     103         -1   3395.757   0.100000   0.298123   0.298123
     40       1     103         -2 520.211703   0.100000   0.298123   0.298123
     40       1     103         -3 302.010463   0.100000   0.298123   0.298123
     40       1     103         -4  45.712332   0.100000   0.298123   0.298123
     40       1     103         -5  20.534577   0.100000   0.298123   0.298123
     40       1     103         -6   3.843826   0.100000   0.298123   0.298123
     40       1     103         -7   1.442479   0.100000   0.298123   0.298123
     41       1     103  Conv   -8   0.310629   0.100000   0.398123   0.398123
     41       1     104         -1   4286.935   0.100000   0.398123   0.398123
     41       1     104         -2 439.671766   0.100000   0.398123   0.398123
     41       1     104         -3 373.734124   0.100000   0.398123   0.398123
     41       1     104         -4 105.685625   0.100000   0.398123   0.398123
     41       1     104         -5 126.856806   0.100000   0.398123   0.398123
     41       1     104         -6 122.846686   0.100000   0.398123   0.398123
     41       1     104         -7 123.974524   0.100000   0.398123   0.398123
     41       1     104         -8 123.828673   0.100000   0.398123   0.398123
     41       1     104         -9 123.922534   0.100000   0.398123   0.398123
     41       1     104        -10 123.913677   0.100000   0.398123   0.398123
     41       1     104          1   5801.160   0.100000   0.398123   0.398123
     41       1     104          2 125.877567   0.100000   0.398123   0.398123
     42       1     104  Conv    3   0.273504   0.100000   0.498123   0.498123
     42       1     105          1   6450.578   0.100000   0.498123   0.498123
     42       1     105          2   9.459070   0.100000   0.498123   0.498123
     43       1     105  Conv   -3   0.053050   0.100000   0.598123   0.598123
     43       1     106         -1   6691.826   0.100000   0.598123   0.598123
     43       1     106         -2 910.475944   0.100000   0.598123   0.598123
     43       1     106         -3 579.717585   0.100000   0.598123   0.598123
     43       1     106         -4  99.886667   0.100000   0.598123   0.598123
     43       1     106         -5  48.845344   0.100000   0.598123   0.598123
     43       1     106         -6  10.424530   0.100000   0.598123   0.598123
     43       1     106         -7   4.261893   0.100000   0.598123   0.598123
     43       1     106         -8   1.041323   0.100000   0.598123   0.598123
     44       1     106  Conv   -9   0.380842   0.100000   0.698123   0.698123
     44       1     107         -1   7677.167   0.100000   0.698123   0.698123
     44       1     107         -2 943.612607   0.100000   0.698123   0.698123
     44       1     107         -3 611.578159   0.100000   0.698123   0.698123
     44       1     107         -4 105.081810   0.100000   0.698123   0.698123
     44       1     107         -5  52.073163   0.100000   0.698123   0.698123
     44       1     107         -6  11.089827   0.100000   0.698123   0.698123
     44       1     107         -7   4.586431   0.100000   0.698123   0.698123
     44       1     107         -8   1.119220   0.100000   0.698123   0.698123
     45       1     107  Conv   -9   0.413482   0.100000   0.798123   0.798123
     45       1     108         -1   8038.382   0.100000   0.798123   0.798123
     45       1     108         -2 980.431782   0.100000   0.798123   0.798123
     45       1     108         -3 649.572243   0.100000   0.798123   0.798123
     45       1     108         -4 111.303872   0.100000   0.798123   0.798123
     45       1     108         -5  56.072607   0.100000   0.798123   0.798123
     45       1     108         -6  11.927761   0.100000   0.798123   0.798123
     45       1     108         -7   5.002609   0.100000   0.798123   0.798123
     45       1     108         -8   1.221023   0.100000   0.798123   0.798123
     46       1     108  Conv   -9   0.456642   0.100000   0.898123   0.898123
     46       1     109         -1   8444.878   0.100000   0.898123   0.898123
     46       1     109         -2   1021.533   0.100000   0.898123   0.898123
     46       1     109         -3 694.346532   0.100000   0.898123   0.898123
     46       1     109         -4 118.725611   0.100000   0.898123   0.898123
     46       1     109         -5  60.973973   0.100000   0.898123   0.898123
     46       1     109         -6  12.973192   0.100000   0.898123   0.898123
     46       1     109         -7   5.530311   0.100000   0.898123   0.898123
     46       1     109         -8   1.352448   0.100000   0.898123   0.898123
     47       1     109  Conv   -9   0.513040   0.100000   0.998123   0.998123
     47       1     110         -1   7.085800   0.001877   0.998123   0.998123
     48       1     110  Conv   -2   0.070337   0.001877   1.000000   1.000000

 NUMBER OF STIFFNESS FORMATIONS/SOLUTIONS  =         114

 TIME FOR INITIALIZING ANALYSIS            =        0.00
 TIME FOR CONTROLLING ANALYSIS             =        0.05
 TIME FOR UPDATING LOADS AND STATE         =        1.15
 TIME FOR FORMING STIFFNESS MATRIX         =        0.14
 TIME FOR SOLVING STIFFNESS MATRIX         =        4.10
 TIME FOR CALCULATING DISPLACEMENTS        =        1.02
 TIME FOR DETERMINING EVENTS               =        0.18
 TIME FOR SAVING RESULTS                   =        0.89
                                               ----------
 TOTAL TIME FOR THIS ANALYSIS              =        7.53


 A N A L Y S I S   C O M P L E T E                          2026/07/24  00:32:33
