

 SAP2000 v22.1.0 Ultimate 64-bit (Analysis Build 9798/64)
 File: E:\sap2000_generated_mo...D035_SoilZE_Raft050_RhoR040_Slab018_RhoS040.LOG




 B E G I N   A N A L Y S I S                                2026/07/10  16:34:44


 RUNNING ANALYSIS WITHIN THE GUI PROCESS
 USING THE ADVANCED SOLVER (PROVIDES LIMITED INSTABILITY INFORMATION)

 NUMBER OF JOINTS                          =          94
    WITH RESTRAINTS                        =          15
    WITH SPRINGS                           =          15
 NUMBER OF FRAME/CABLE/TENDON ELEMENTS     =         185
 NUMBER OF SHELL ELEMENTS                  =          41
 NUMBER OF CONSTRAINTS/WELDS               =           5
 NUMBER OF LOAD PATTERNS                   =           4
 NUMBER OF ACCELERATION LOADS              =           9
 NUMBER OF LOAD CASES                      =           2

 ADDRESSABLE PHYSICAL MEMORY (RAM)         =      15.842 GB

 PARALLELIZATION OF ANALYSIS OPERATIONS:
 (Env. variable SAPFIRE_NUM_THREADS        =           0)
 NUMBER OF THREADS: STATE (AUTOMATIC)      =           6
 NUMBER OF THREADS: STIFFNESS (AUTOMATIC)  =           6
 NUMBER OF THREADS: EVENT (AUTOMATIC)      =           6
 NUMBER OF THREADS: MOVE (AUTOMATIC)       =           6
 NUMBER OF THREADS: RESPONSE (AUTOMATIC)   =           6
 NUMBER OF THREADS: SOLVE (AUTOMATIC)      =           6
 NUMBER OF THREADS: FORM (AUTOMATIC)       =           6


 N O N L I N E A R   S T A T I C   A N A L Y S I S                      16:34:44

 CASE: PUSHOVER_X

 STARTING FROM ZERO (UNSTRESSED) INITIAL CONDITIONS

 LOAD CONTROL TYPE                         = DISPLACEMENT
 SAVE POSITIVE INCREMENTS ONLY             =         YES
 TYPE OF GEOMETRIC NONLINEARITY            = LARGE DISPLACEMENT AND P-DELTA
 USE EVENT STEPPING                        =         YES
 USE ITERATION                             =         YES
 USE LINE SEARCH                           =          NO
 EVENT LUMPING TOLERANCE                   =    0.000100
 FORCE CONVERGENCE TOLERANCE (RELATIVE)    =    0.000100


 E L E M E N T   F O R M A T I O N                                      16:34:44


 NUMBER OF COUPLED CONSTRAINT EQUATIONS    =           0

 Negative iterations are Constant-Stiffness
 Positive iterations are Newton-Raphson

  Saved    Null   Total  Iteration   Relative  Curr Step   Curr Sum    Max Sum
  Steps   Steps   Steps  this Step  Unbalance       Size   of Steps   of Steps
 (  100      20     200     -10/40   1.000000   0.100000   1.000000   1.000000)

      0       0       1         -1 142.031727   0.100000    .000000    .000000
      0       0       1         -2   2.437449   0.100000    .000000    .000000
      1       0       1  Conv   -3   0.211841   0.100000   0.100000   0.100000
      2       0       2  Conv   -1   0.903764   0.007971   0.107971   0.107971
      3       0       3  Conv   -1   0.910542   0.001255   0.109227   0.109227
      3       0       4  Conv   -1   0.918096   0.001146   0.110372   0.110372
      3       0       5  Conv   -1   0.920466   0.000380   0.110753   0.110753
      3       0       6  Conv   -1   0.924324   1.42E-05   0.110767   0.110767
      3       0       7  Conv   -1   0.921706   0.000648   0.111415   0.111415
      3       0       8  Conv   -1   0.958741   0.002007   0.113423   0.113423
      3       0       9  Conv   -1   0.962586   0.000476   0.113899   0.113899
      3       0      10         -1   1.053128   0.002695   0.113899   0.113899
      3       0      10  Conv   -2   0.028273   0.002695   0.116594   0.116594
      3       0      11  Conv   -1   0.057786   0.000308   0.116903   0.116903
      3       0      12  Conv   -1   0.053404   0.000705   0.117608   0.117608
      3       0      13  Conv   -1   0.830126   0.004326   0.121934   0.121934
      3       0      14         -1   2.661878   0.000355   0.121934   0.121934
      3       0      14  Conv   -2   0.733757   0.000355   0.122289   0.122289
      3       0      15         -1   1.771151   0.001056   0.122289   0.122289
      3       0      15  Conv   -2   0.827133   0.001056   0.123344   0.123344
      3       0      16  Conv   -1   0.360169   0.001610   0.124954   0.124954
      3       0      17  Conv   -1   0.980019   0.000379   0.125333   0.125333
      3       0      18         -1   1.774501   0.001000   0.125333   0.125333
      3       0      18  Conv   -2   0.941868   0.001000   0.126333   0.126333
      3       0      19  Conv   -1   0.632314   0.000741   0.127074   0.127074
      3       0      20         -1   1.320892   0.000185   0.127074   0.127074
      3       0      20         -2   1.072838   0.000185   0.127074   0.127074
      3       0      20         -3   1.430334   0.000185   0.127074   0.127074
      3       0      20  Conv   -4   0.000384   0.000185   0.127258   0.127258
      3       0      21         -1   1.995005   1.50E-05   0.127258   0.127258
      3       0      21         -2   1.496792   1.50E-05   0.127258   0.127258
      3       0      21         -3   1.116001   1.50E-05   0.127258   0.127258
      3       0      21         -4   1.490942   1.50E-05   0.127258   0.127258
      3       0      21  Conv   -5   0.417401   1.50E-05   0.127273   0.127273
      3       0      22         -1   1.960390   3.43E-08   0.127273   0.127273
      3       0      22         -2   1.279042   3.43E-08   0.127273   0.127273
      3       0      22         -3   1.545005   3.43E-08   0.127273   0.127273
      3       0      22         -4   1.874661   3.43E-08   0.127273   0.127273
      3       0      22         -5   1.407852   3.43E-08   0.127273   0.127273
      4       0      22  Conv   -6   0.514879   3.43E-08   0.127273   0.127273
      4       0      23         -1   2.098622   3.44E-06   0.127273   0.127273
      4       0      23         -2   2.438719   3.44E-06   0.127273   0.127273
      4       0      23         -3   1.540593   3.44E-06   0.127273   0.127273
      4       0      23         -4   1.283704   3.44E-06   0.127273   0.127273
      4       0      23         -5   1.567295   3.44E-06   0.127273   0.127273
      4       0      23         -6   1.467438   3.44E-06   0.127273   0.127273
      4       0      23         -7   1.513098   3.44E-06   0.127273   0.127273
      4       0      23         -8   1.498325   3.44E-06   0.127273   0.127273
      4       0      23         -9   1.504396   3.44E-06   0.127273   0.127273
      4       0      23        -10   1.502439   3.44E-06   0.127273   0.127273
      4       0      23         -1   1.637298    .000000   0.127273   0.127273
      4       0      23         -2   1.738616    .000000   0.127273   0.127273
      4       1      23         -3    .000000    .000000   0.127273   0.127273
      4       1      24         -1   1.473034    .000000   0.127273   0.127273
      4       1      24         -2   1.024551    .000000   0.127273   0.127273
      4       1      24         -3   2.208872    .000000   0.127273   0.127273
      4       1      24         -4   1.623654    .000000   0.127273   0.127273
      4       2      24         -5    .000000    .000000   0.127273   0.127273
      4       2      25         -1   1.151152    .000000   0.127273   0.127273
      4       2      25         -2   1.329526    .000000   0.127273   0.127273
      4       2      25         -3   1.319949    .000000   0.127273   0.127273
      4       2      25         -4   1.327465    .000000   0.127273   0.127273
      4       2      25         -5   1.313242    .000000   0.127273   0.127273
      4       2      25         -6   1.322553    .000000   0.127273   0.127273
      4       2      25         -7   1.322744    .000000   0.127273   0.127273
      4       2      25         -8   1.324136    .000000   0.127273   0.127273
      4       4      26         -1    .000000    .000000   0.127273   0.127273
      4       4      27         -1   3.359473   1.36E-07   0.127273   0.127273
      5       4      27  Conv   -2   0.797713   1.36E-07   0.127273   0.127273
      5       4      28         -1   0.797646   3.44E-06   0.127273   0.127273
      5       4      28         -1   0.797578   6.89E-06   0.127273   0.127273
      5       4      28         -1   0.797176   2.76E-05   0.127273   0.127273
      5       4      28         -1   1.304631   3.27E-05   0.127273   0.127273
      5       4      28         -2   1.369814   3.27E-05   0.127273   0.127273
      6       4      28  Conv   -3   0.077447   3.27E-05   0.127306   0.127306
      7       4      29  Conv   -1   0.888588   0.000152   0.127458   0.127458
      7       4      30         -1   1.687133   9.70E-05   0.127458   0.127458
      7       4      30  Conv   -2   0.856087   9.70E-05   0.127555   0.127555
      7       4      31  Conv   -1   0.019278   3.89E-05   0.127594   0.127594
      7       4      32  Conv   -1   0.766010   3.43E-05   0.127628   0.127628
      7       4      33         -1   1.145028   7.69E-05   0.127628   0.127628
      7       4      33  Conv   -2   0.553885   7.69E-05   0.127705   0.127705
      7       4      34  Conv   -1   0.592955   1.68E-05   0.127722   0.127722
      7       4      35  Conv   -1   0.816686   5.36E-05   0.127776   0.127776
      7       4      36         -1   1.221479   7.17E-05   0.127776   0.127776
      7       4      36  Conv   -2   0.815984   7.17E-05   0.127847   0.127847
      7       4      37         -1   1.209445   0.000393   0.127847   0.127847
      7       4      37  Conv   -2   0.691846   0.000393   0.128240   0.128240
      7       4      38         -1   1.153310   1.30E-05   0.128240   0.128240
      8       4      38  Conv   -2   0.777757   1.30E-05   0.128253   0.128253
      9       4      39  Conv   -1   0.034005   1.64E-05   0.128269   0.128269
      9       4      40  Conv   -1   0.501346   4.98E-05   0.128319   0.128319
      9       4      41         -1   1.022394   7.25E-05   0.128319   0.128319
      9       4      41  Conv   -2   0.696226   7.25E-05   0.128392   0.128392
      9       4      42  Conv   -1   0.639452   0.001069   0.129461   0.129461
      9       4      43  Conv   -1   0.762265   0.000404   0.129865   0.129865
      9       4      44         -1   1.000923   0.000733   0.129865   0.129865
      9       4      44  Conv   -2   0.335236   0.000733   0.130597   0.130597
      9       4      45  Conv   -1   0.767380   1.03E-05   0.130608   0.130608
      9       4      46         -1   1.236346   5.42E-05   0.130608   0.130608
      9       4      46  Conv   -2   0.670152   5.42E-05   0.130662   0.130662
      9       4      47  Conv   -1   0.893139   0.000273   0.130935   0.130935
      9       4      48         -1   1.512505   4.01E-05   0.130935   0.130935
      9       4      48         -2   1.509362   4.01E-05   0.130935   0.130935
      9       4      48  Conv   -3   0.545106   4.01E-05   0.130975   0.130975
      9       4      49         -1   1.519469   3.16E-05   0.130975   0.130975
      9       4      49         -2   1.001584   3.16E-05   0.130975   0.130975
      9       4      49  Conv   -3   0.559920   3.16E-05   0.131007   0.131007
      9       4      50  Conv   -1   0.674889   0.000617   0.131623   0.131623
      9       4      51  Conv   -1   0.925673   0.000737   0.132360   0.132360
      9       4      52         -1   1.231743   0.001279   0.132360   0.132360
      9       4      52  Conv   -2   0.319433   0.001279   0.133639   0.133639
      9       4      53  Conv   -1   0.126402   0.000697   0.134337   0.134337
      9       4      54  Conv   -1   0.488534   6.07E-05   0.134397   0.134397
      9       4      55  Conv   -1   0.876911   0.000183   0.134580   0.134580
      9       4      56         -1   1.267146   0.000261   0.134580   0.134580
      9       4      56  Conv   -2   0.385230   0.000261   0.134841   0.134841
      9       4      57  Conv   -1   0.018535   0.000593   0.135434   0.135434
      9       4      58  Conv   -1   0.413461   0.000123   0.135557   0.135557
      9       4      59  Conv   -1   0.811309   0.000204   0.135761   0.135761
      9       4      60         -1   1.208666   0.001266   0.135761   0.135761
      9       4      60  Conv   -2   0.360703   0.001266   0.137028   0.137028
      9       4      61  Conv   -1   0.074428   0.000698   0.137726   0.137726
      9       4      62  Conv   -1   0.550059   0.002387   0.140113   0.140113
      9       4      63  Conv   -1   0.954233   0.000422   0.140535   0.140535
      9       4      64         -1   1.506039   0.003052   0.140535   0.140535
      9       4      64  Conv   -2   0.329856   0.003052   0.143586   0.143586
      9       4      65  Conv   -1   0.367136   0.002597   0.146184   0.146184
      9       4      66         -1   1.100038   0.003288   0.146184   0.146184
      9       4      66  Conv   -2   0.388955   0.003288   0.149472   0.149472
      9       4      67  Conv   -1   0.257390   0.000163   0.149635   0.149635
      9       4      68  Conv   -1   0.874883   0.000544   0.150179   0.150179
      9       4      69         -1   1.621116   0.003546   0.150179   0.150179
      9       4      69  Conv   -2   0.470653   0.003546   0.153725   0.153725
      9       4      70  Conv   -1   0.338357   0.001551   0.155276   0.155276
      9       4      71         -1   1.044133   0.000121   0.155276   0.155276
      9       4      71  Conv   -2   0.706836   0.000121   0.155396   0.155396
      9       4      72  Conv   -1   0.113564   0.000694   0.156090   0.156090
      9       4      73  Conv   -1   0.787093   0.000535   0.156625   0.156625
      9       4      74         -1   1.520275   0.001611   0.156625   0.156625
      9       4      74  Conv   -2   0.671170   0.001611   0.158236   0.158236
      9       4      75         -1   1.449552   0.004390   0.158236   0.158236
      9       4      75  Conv   -2   0.605171   0.004390   0.162626   0.162626
      9       4      76         -1   2.370517   0.005451   0.162626   0.162626
      9       4      76  Conv   -2   0.711756   0.005451   0.168078   0.168078
      9       4      77  Conv   -1   0.460692   0.000895   0.168972   0.168972
      9       4      78         -1   1.780506   0.000926   0.168972   0.168972
      9       4      78         -2   1.113674   0.000926   0.168972   0.168972
      9       4      78  Conv   -3   0.032319   0.000926   0.169898   0.169898
      9       4      79         -1   1.259966   0.000141   0.169898   0.169898
      9       4      79         -2   1.261709   0.000141   0.169898   0.169898
      9       4      79  Conv   -3   0.001072   0.000141   0.170039   0.170039
      9       4      80         -1   1.273691   0.001278   0.170039   0.170039
      9       4      80         -2   1.209442   0.001278   0.170039   0.170039
      9       4      80  Conv   -3   0.023741   0.001278   0.171317   0.171317
      9       4      81         -1   1.326688   0.001209   0.171317   0.171317
      9       4      81         -2   1.263598   0.001209   0.171317   0.171317
      9       4      81  Conv   -3   0.001329   0.001209   0.172527   0.172527
      9       4      82         -1   2.180874   0.000776   0.172527   0.172527
      9       4      82         -2   1.361616   0.000776   0.172527   0.172527
      9       4      82  Conv   -3   0.150649   0.000776   0.173302   0.173302
      9       4      83         -1   1.576502   0.000412   0.173302   0.173302
      9       4      83         -2   1.618154   0.000412   0.173302   0.173302
      9       4      83  Conv   -3   0.003908   0.000412   0.173714   0.173714
      9       4      84         -1   1.703996   0.002662   0.173714   0.173714
      9       4      84         -2   1.491726   0.002662   0.173714   0.173714
      9       4      84  Conv   -3   0.003267   0.002662   0.176376   0.176376
      9       4      85         -1   1.810320   0.001859   0.176376   0.176376
      9       4      85         -2   1.661319   0.001859   0.176376   0.176376
      9       4      85  Conv   -3   0.351143   0.001859   0.178235   0.178235
      9       4      86         -1   3.296732   5.98E-05   0.178235   0.178235
      9       4      86         -2   3.863500   5.98E-05   0.178235   0.178235
      9       4      86         -3   1.813767   5.98E-05   0.178235   0.178235
      9       4      86  Conv   -4   0.832712   5.98E-05   0.178295   0.178295
      9       4      87         -1   2.619275   0.000861   0.178295   0.178295
      9       4      87         -2   1.936616   0.000861   0.178295   0.178295
      9       4      87  Conv   -3   0.002272   0.000861   0.179156   0.179156
      9       4      88         -1   2.053471   0.002466   0.179156   0.179156
      9       4      88         -2   2.550902   0.002466   0.179156   0.179156
      9       4      88         -3   1.115825   0.002466   0.179156   0.179156
      9       4      88         -4   1.115602   0.002466   0.179156   0.179156
      9       4      88         -5   1.115589   0.002466   0.179156   0.179156
      9       4      88         -6   1.115592   0.002466   0.179156   0.179156
      9       4      88         -7   1.115592   0.002466   0.179156   0.179156
      9       4      88         -8   1.115592   0.002466   0.179156   0.179156
      9       4      88         -9   1.115592   0.002466   0.179156   0.179156
      9       4      88        -10   1.115592   0.002466   0.179156   0.179156
      9       4      88         -1   2.407656   0.001233   0.179156   0.179156
      9       4      88  Conv   -2   0.015786   0.001233   0.180389   0.180389
      9       4      89  Conv   -1   0.112757   0.001372   0.181761   0.181761
      9       4      90  Conv   -1   0.587065   0.002883   0.184644   0.184644
     10       4      91  Conv   -1   0.776325   0.001777   0.186421   0.186421
     10       4      92  Conv   -1   0.832164   0.000286   0.186707   0.186707
     10       4      93         -1   1.191789   0.002484   0.186707   0.186707
     10       4      93  Conv   -2   0.099366   0.002484   0.189191   0.189191
     10       4      94  Conv   -1   0.382613   3.88E-05   0.189230   0.189230
     10       4      95  Conv   -1   0.769103   0.002479   0.191708   0.191708
     10       4      96         -1   1.645851   0.003589   0.191708   0.191708
     10       4      96  Conv   -2   0.104831   0.003589   0.195297   0.195297
     10       4      97  Conv   -1   0.577911   0.002063   0.197360   0.197360
     10       4      98  Conv   -1   0.943631   0.000695   0.198055   0.198055
     10       4      99         -1   1.400092   3.34E-05   0.198055   0.198055
     11       4      99  Conv   -2   0.941720   3.34E-05   0.198088   0.198088
     12       4     100  Conv   -1   0.972620   1.13E-06   0.198089   0.198089
     12       4     101         -1   1257.033   0.100000   0.198089   0.198089
     12       4     101         -2   1108.896   0.100000   0.198089   0.198089
     12       4     101         -3 868.550534   0.100000   0.198089   0.198089
     12       4     101         -4 715.206908   0.100000   0.198089   0.198089
     12       4     101         -5 613.457154   0.100000   0.198089   0.198089
     12       4     101         -6 521.189871   0.100000   0.198089   0.198089
     12       4     101         -7 441.088379   0.100000   0.198089   0.198089
     12       4     101         -8 376.291125   0.100000   0.198089   0.198089
     12       4     101         -9 323.957937   0.100000   0.198089   0.198089
     12       4     101        -10 281.294506   0.100000   0.198089   0.198089
     12       4     101         -1 816.617459   0.050000   0.198089   0.198089
     12       4     101         -2 563.557389   0.050000   0.198089   0.198089
     12       4     101         -3 439.698259   0.050000   0.198089   0.198089
     12       4     101         -4 353.466524   0.050000   0.198089   0.198089
     12       4     101         -5 284.092033   0.050000   0.198089   0.198089
     12       4     101         -6 222.828484   0.050000   0.198089   0.198089
     12       4     101         -7 177.007685   0.050000   0.198089   0.198089
     12       4     101         -8 145.416292   0.050000   0.198089   0.198089
     12       4     101         -9 123.370930   0.050000   0.198089   0.198089
     12       4     101        -10 102.593835   0.050000   0.198089   0.198089
     12       4     101          1 816.617459   0.050000   0.198089   0.198089
     12       4     101          2 486.634659   0.050000   0.198089   0.198089
     12       4     101          3 144.387838   0.050000   0.198089   0.198089
     12       4     101          4 193.972274   0.050000   0.198089   0.198089
     13       4     101  Conv    5   0.155066   0.050000   0.248089   0.248089
     13       4     102          1   4937.042   0.100000   0.248089   0.248089
     13       4     102          2  36.738909   0.100000   0.248089   0.248089
     13       4     102          3   2.374439   0.100000   0.248089   0.248089
     14       4     102  Conv   -4   0.004375   0.100000   0.348089   0.348089
     14       4     103         -1   4527.929   0.100000   0.348089   0.348089
     14       4     103         -2   2669.713   0.100000   0.348089   0.348089
     14       4     103         -3   3139.071   0.100000   0.348089   0.348089
     14       4     103         -4   2296.162   0.100000   0.348089   0.348089
     14       4     103         -5   2307.559   0.100000   0.348089   0.348089
     14       4     103         -6   1963.490   0.100000   0.348089   0.348089
     14       4     103         -7   1858.297   0.100000   0.348089   0.348089
     14       4     103         -8   1664.530   0.100000   0.348089   0.348089
     14       4     103         -9   1541.690   0.100000   0.348089   0.348089
     14       4     103        -10   1400.890   0.100000   0.348089   0.348089
     14       4     103          1   5944.970   0.100000   0.348089   0.348089
     14       4     103          2  16.265246   0.100000   0.348089   0.348089
     15       4     103  Conv    3   0.426851   0.100000   0.448089   0.448089
     15       4     104          1   5563.881   0.100000   0.448089   0.448089
     15       4     104          2 153.721018   0.100000   0.448089   0.448089
     15       4     104          3  38.374035   0.100000   0.448089   0.448089
     16       4     104  Conv    4   0.136724   0.100000   0.548089   0.548089
     16       4     105          1   3118.830   0.100000   0.548089   0.548089
     16       4     105          2   8.252818   0.100000   0.548089   0.548089
     17       4     105  Conv    3   0.770127   0.100000   0.648089   0.648089
     17       4     106          1   3509.175   0.100000   0.648089   0.648089
     17       4     106          2   4.104880   0.100000   0.648089   0.648089
     18       4     106  Conv   -3   0.346242   0.100000   0.748089   0.748089
     18       4     107         -1   3883.081   0.100000   0.748089   0.748089
     18       4     107         -2 717.619090   0.100000   0.748089   0.748089
     18       4     107         -3 871.029731   0.100000   0.748089   0.748089
     18       4     107         -4   1065.378   0.100000   0.748089   0.748089
     18       4     107         -5   1354.765   0.100000   0.748089   0.748089
     18       4     107          1   4028.331   0.100000   0.748089   0.748089
     18       4     107          2  83.154002   0.100000   0.748089   0.748089
     19       4     107  Conv    3   0.518554   0.100000   0.848089   0.848089
     19       4     108          1   3780.603   0.100000   0.848089   0.848089
     19       4     108          2 577.150261   0.100000   0.848089   0.848089
     19       4     108          3   4276.742   0.100000   0.848089   0.848089
     19       4     108          4 736.278622   0.100000   0.848089   0.848089
     19       4     108          5 157.811602   0.100000   0.848089   0.848089
     19       4     108          6  34502.769   0.100000   0.848089   0.848089
     19       4     108          7  26221.656   0.100000   0.848089   0.848089
     19       4     108          8  37944.751   0.100000   0.848089   0.848089
     19       4     108          9  28620.789   0.100000   0.848089   0.848089
     19       4     108         10  42190.555   0.100000   0.848089   0.848089
     19       4     108         11 2.2192E+07   0.100000   0.848089   0.848089
     19       5     109          1 971.724263   0.050000   0.848089   0.848089
     19       5     109          2  20.202184   0.050000   0.848089   0.848089
     20       5     109  Conv    3   0.242441   0.050000   0.898089   0.898089
     20       5     110          1   3370.005   0.100000   0.898089   0.898089
     20       5     110          2 140320.093   0.100000   0.898089   0.898089
     20       5     110          3 140281.316   0.100000   0.898089   0.898089
     20       5     110          4 388749.077   0.100000   0.898089   0.898089
     20       5     110          5  82184.160   0.100000   0.898089   0.898089
     20       5     110          6 2.3991E+06   0.100000   0.898089   0.898089
     20       5     110          7  56101.887   0.100000   0.898089   0.898089
     20       5     110          8 4.7001E+08   0.100000   0.898089   0.898089
     20       5     110          1 847.412617   0.050000   0.898089   0.898089
     20       5     110          2  15833.868   0.050000   0.898089   0.898089
     20       5     110          3 623.470316   0.050000   0.898089   0.898089
     20       5     110          4 381.661707   0.050000   0.898089   0.898089
     20       5     110          5  65.371843   0.050000   0.898089   0.898089
     20       5     110          6 175.707254   0.050000   0.898089   0.898089
     20       5     110          7 195.098989   0.050000   0.898089   0.898089
     20       5     110          8 145.841991   0.050000   0.898089   0.898089
     20       5     110          9  61.934112   0.050000   0.898089   0.898089
     20       5     110         10 104.626473   0.050000   0.898089   0.898089
     20       5     110         11  66.707734   0.050000   0.898089   0.898089
     20       5     110         12 176.103935   0.050000   0.898089   0.898089
     20       5     110         13 194.573969   0.050000   0.898089   0.898089
     20       5     110         14 145.831604   0.050000   0.898089   0.898089
     20       5     110         15  61.933955   0.050000   0.898089   0.898089
     20       5     110         16 104.624552   0.050000   0.898089   0.898089
     20       5     110         17  66.707734   0.050000   0.898089   0.898089
     20       5     110         18 176.103935   0.050000   0.898089   0.898089
     20       5     110         19 194.573970   0.050000   0.898089   0.898089
     20       5     110         20 145.831604   0.050000   0.898089   0.898089
     20       5     110         21  61.933955   0.050000   0.898089   0.898089
     20       5     110         22 104.624552   0.050000   0.898089   0.898089
     20       5     110         23  66.707734   0.050000   0.898089   0.898089
     20       5     110         24 176.103935   0.050000   0.898089   0.898089
     20       5     110         25 194.573970   0.050000   0.898089   0.898089
     20       5     110         26 145.831604   0.050000   0.898089   0.898089
     20       5     110         27  61.933955   0.050000   0.898089   0.898089
     20       5     110         28 104.624552   0.050000   0.898089   0.898089
     20       5     110         29  66.707734   0.050000   0.898089   0.898089
     20       5     110         30 176.103935   0.050000   0.898089   0.898089
     20       6     111          1 218.985541   0.025000   0.898089   0.898089
     20       6     111          2   9.099874   0.025000   0.898089   0.898089
     20       6     111  Conv    3   0.094996   0.025000   0.923089   0.923089
     20       6     112          1 841.085533   0.050000   0.923089   0.923089
     20       6     112          2  92864.448   0.050000   0.923089   0.923089
     20       6     112          3  34635.407   0.050000   0.923089   0.923089
     20       6     112          4 5.2321E+08   0.050000   0.923089   0.923089
     20       6     112         -1 210.807818   0.025000   0.923089   0.923089
     20       6     112         -2 327.785958   0.025000   0.923089   0.923089
     20       6     112         -3 381.930312   0.025000   0.923089   0.923089
     20       6     112         -4   1919.073   0.025000   0.923089   0.923089
     20       6     112          1 210.807818   0.025000   0.923089   0.923089
     20       6     112          2  27296.565   0.025000   0.923089   0.923089
     20       6     112          3   1893.827   0.025000   0.923089   0.923089
     20       6     112          4 442.355470   0.025000   0.923089   0.923089
     20       6     112          5  46.087464   0.025000   0.923089   0.923089
     20       6     112          6  22.131031   0.025000   0.923089   0.923089
     20       6     112          7 108.807618   0.025000   0.923089   0.923089
     20       6     112          8  44.717043   0.025000   0.923089   0.923089
     20       6     112          9  85.626817   0.025000   0.923089   0.923089
     20       6     112         10  76.220008   0.025000   0.923089   0.923089
     20       6     112         11  41.187192   0.025000   0.923089   0.923089
     20       6     112         12  79.760278   0.025000   0.923089   0.923089
     20       6     112         13 190.380968   0.025000   0.923089   0.923089
     20       6     112         14 117.504746   0.025000   0.923089   0.923089
     20       6     112         15  40.445432   0.025000   0.923089   0.923089
     20       6     112         16  68.815392   0.025000   0.923089   0.923089
     20       6     112         17  37.552363   0.025000   0.923089   0.923089
     20       6     112         18  25.066918   0.025000   0.923089   0.923089
     20       6     112         19  98.885975   0.025000   0.923089   0.923089
     20       6     112         20  41.768172   0.025000   0.923089   0.923089
     20       6     112         21  82.924041   0.025000   0.923089   0.923089
     20       6     112         22  78.075149   0.025000   0.923089   0.923089
     20       6     112         23  41.124308   0.025000   0.923089   0.923089
     20       6     112         24  79.632357   0.025000   0.923089   0.923089
     20       6     112         25 190.384000   0.025000   0.923089   0.923089
     20       7     113          1  54.357838   0.012500   0.923089   0.923089
     20       7     113          2   9.523404   0.012500   0.923089   0.923089
     21       7     113  Conv    3   0.105709   0.012500   0.935589   0.935589
     21       7     114          1   3892.592   0.025000   0.935589   0.935589
     21       7     114          2  97.649804   0.025000   0.935589   0.935589
     21       7     114          3  44.201744   0.025000   0.935589   0.935589
     21       7     114          4 142.768125   0.025000   0.935589   0.935589
     21       7     114          5 221.113027   0.025000   0.935589   0.935589
     21       7     114          6 238.851407   0.025000   0.935589   0.935589
     21       7     114          7 238.161724   0.025000   0.935589   0.935589
     21       7     114          8 229.000146   0.025000   0.935589   0.935589
     21       7     114          9 226.374795   0.025000   0.935589   0.935589
     21       7     114         10 246.280704   0.025000   0.935589   0.935589
     21       7     114         11 245.796929   0.025000   0.935589   0.935589
     21       7     114         12 230.975856   0.025000   0.935589   0.935589
     21       7     114         13 229.013525   0.025000   0.935589   0.935589
     21       7     114         14 247.213958   0.025000   0.935589   0.935589
     21       7     114         15 247.226537   0.025000   0.935589   0.935589
     21       7     114         16 231.213629   0.025000   0.935589   0.935589
     21       7     114         17 229.507265   0.025000   0.935589   0.935589
     21       7     114         18 247.338454   0.025000   0.935589   0.935589
     21       7     114         19 247.487362   0.025000   0.935589   0.935589
     21       7     114         20 231.241515   0.025000   0.935589   0.935589
     21       7     114         21 229.597126   0.025000   0.935589   0.935589
     21       7     114         22 247.355451   0.025000   0.935589   0.935589
     21       7     114         23 247.534202   0.025000   0.935589   0.935589
     21       7     114         24 231.244725   0.025000   0.935589   0.935589
     21       7     114         25 229.613239   0.025000   0.935589   0.935589
     21       7     114         26 247.357849   0.025000   0.935589   0.935589
     21       7     114         27 247.542533   0.025000   0.935589   0.935589
     21       7     114         28 231.245088   0.025000   0.935589   0.935589
     21       7     114         29 229.616101   0.025000   0.935589   0.935589
     21       7     114         30 247.358201   0.025000   0.935589   0.935589
     21       7     114         31 247.544005   0.025000   0.935589   0.935589
     21       7     114          1   2110.169   0.012500   0.935589   0.935589
     21       7     114          2  38.072999   0.012500   0.935589   0.935589
     21       7     114          3  19.271515   0.012500   0.935589   0.935589
     21       7     114          4  59.018547   0.012500   0.935589   0.935589
     21       7     114          5  51.585081   0.012500   0.935589   0.935589
     21       7     114          6  62.976828   0.012500   0.935589   0.935589
     21       7     114          7 113.887804   0.012500   0.935589   0.935589
     21       7     114          8  54.308956   0.012500   0.935589   0.935589
     21       7     114          9 102.863928   0.012500   0.935589   0.935589
     21       7     114         10  41.434722   0.012500   0.935589   0.935589
     21       7     114         11  22.479458   0.012500   0.935589   0.935589
     21       7     114         12  78.529339   0.012500   0.935589   0.935589
     21       7     114         13 108.623784   0.012500   0.935589   0.935589
     21       7     114         14 121.527780   0.012500   0.935589   0.935589
     21       7     114         15  54.009453   0.012500   0.935589   0.935589
     21       7     114         16 101.363071   0.012500   0.935589   0.935589
     21       7     114         17  41.853405   0.012500   0.935589   0.935589
     21       7     114         18  80.303478   0.012500   0.935589   0.935589
     21       7     114         19  40.178545   0.012500   0.935589   0.935589
     21       7     114         20  18.828218   0.012500   0.935589   0.935589
     21       7     114         21  21.541454   0.012500   0.935589   0.935589
     21       7     114         22  64.479073   0.012500   0.935589   0.935589
     21       7     114         23 207.879587   0.012500   0.935589   0.935589
     21       8     115          1   1361.622   0.006250   0.935589   0.935589
     21       8     115          2  16.168203   0.006250   0.935589   0.935589
     21       8     115          3  25.390392   0.006250   0.935589   0.935589
     21       8     115          4  12.920002   0.006250   0.935589   0.935589
     21       8     115          5  31.963894   0.006250   0.935589   0.935589
     21       8     115          6  45.767196   0.006250   0.935589   0.935589
     21       8     115          7  14.526756   0.006250   0.935589   0.935589
     21       8     115          8  72.635309   0.006250   0.935589   0.935589
     21       8     115          9  61.045481   0.006250   0.935589   0.935589
     21       8     115         10   8.633646   0.006250   0.935589   0.935589
     21       8     115         11  26.298492   0.006250   0.935589   0.935589
     21       8     115         12  50.961583   0.006250   0.935589   0.935589
     21       8     115         13  12.850994   0.006250   0.935589   0.935589
     21       8     115         14  70.524377   0.006250   0.935589   0.935589
     21       8     115         15  61.930654   0.006250   0.935589   0.935589
     21       8     115         16  31.349851   0.006250   0.935589   0.935589
     21       8     115         17  24.173146   0.006250   0.935589   0.935589
     21       8     115         18   7.751682   0.006250   0.935589   0.935589
     21       8     115         19  14.258575   0.006250   0.935589   0.935589
     21       8     115         20   5.782912   0.006250   0.935589   0.935589
     21       8     115         21  44.543973   0.006250   0.935589   0.935589
     21       8     115         22  25.932654   0.006250   0.935589   0.935589
     21       8     115         23   5.440885   0.006250   0.935589   0.935589
     21       8     115         24   8.649023   0.006250   0.935589   0.935589
     21       8     115         25  15.298030   0.006250   0.935589   0.935589
     21       8     115         26   5.246801   0.006250   0.935589   0.935589
     21       8     115         27  42.861950   0.006250   0.935589   0.935589
     21       9     116          1   1009.873   0.003125   0.935589   0.935589
     21       9     116          2   7.570901   0.003125   0.935589   0.935589
     21       9     116          3   3.656438   0.003125   0.935589   0.935589
     21       9     116          4   9.587268   0.003125   0.935589   0.935589
     21       9     116          5  14.530620   0.003125   0.935589   0.935589
     21       9     116          6   5.840739   0.003125   0.935589   0.935589
     21       9     116          7   3.701340   0.003125   0.935589   0.935589
     21       9     116          8   2.771730   0.003125   0.935589   0.935589
     21       9     116          9   3.166920   0.003125   0.935589   0.935589
     21       9     116         10  10.611332   0.003125   0.935589   0.935589
     21       9     116         11  29.818275   0.003125   0.935589   0.935589
     21       9     116         12  17.922056   0.003125   0.935589   0.935589
     21       9     116         13   2.599863   0.003125   0.935589   0.935589
     21       9     116         14   2.381127   0.003125   0.935589   0.935589
     21       9     116         15   2.679814   0.003125   0.935589   0.935589
     21       9     116         16   7.472969   0.003125   0.935589   0.935589
     21       9     116         17   9.374959   0.003125   0.935589   0.935589
     21       9     116         18  15.752482   0.003125   0.935589   0.935589
     21       9     116         19   2.256441   0.003125   0.935589   0.935589
     21       9     116         20   2.605334   0.003125   0.935589   0.935589
     21       9     116         21  15.084691   0.003125   0.935589   0.935589
     21       9     116         22  14.866816   0.003125   0.935589   0.935589
     21       9     116         23  10.827813   0.003125   0.935589   0.935589
     21       9     116         24  14.512691   0.003125   0.935589   0.935589
     21       9     116         25   2.535654   0.003125   0.935589   0.935589
     21       9     116         26  18.146729   0.003125   0.935589   0.935589
     21       9     116         27   6.431008   0.003125   0.935589   0.935589
     21       9     116         28  13.120228   0.003125   0.935589   0.935589
     21       9     116         29  12.161154   0.003125   0.935589   0.935589
     21       9     116         30  13.790203   0.003125   0.935589   0.935589
     21       9     116         31  17.956563   0.003125   0.935589   0.935589
     21      10     117          1 836.972002   0.001563   0.935589   0.935589
     21      10     117          2   4.901255   0.001563   0.935589   0.935589
     21      10     117          3   2.905799   0.001563   0.935589   0.935589
     21      10     117          4   7.426501   0.001563   0.935589   0.935589
     21      10     117          5  10.675724   0.001563   0.935589   0.935589
     21      10     117          6   2.530036   0.001563   0.935589   0.935589
     21      10     117          7   8.477686   0.001563   0.935589   0.935589
     21      10     117          8   3.075362   0.001563   0.935589   0.935589
     21      10     117          9   9.473783   0.001563   0.935589   0.935589
     21      10     117         10   8.965325   0.001563   0.935589   0.935589
     21      10     117         11   2.176646   0.001563   0.935589   0.935589
     21      10     117         12   2.067662   0.001563   0.935589   0.935589
     21      10     117         13   4.210119   0.001563   0.935589   0.935589
     21      10     117         14   2.841975   0.001563   0.935589   0.935589
     21      10     117         15   1.825725   0.001563   0.935589   0.935589
     21      10     117         16   6.198455   0.001563   0.935589   0.935589
     21      10     117         17   9.961743   0.001563   0.935589   0.935589
     21      10     117         18   3.263130   0.001563   0.935589   0.935589
     21      10     117         19   6.877286   0.001563   0.935589   0.935589
     21      10     117         20   2.737137   0.001563   0.935589   0.935589
     21      10     117         21   9.099089   0.001563   0.935589   0.935589
     21      10     117         22   9.294339   0.001563   0.935589   0.935589
     21      10     117         23   2.399270   0.001563   0.935589   0.935589
     21      10     117         24   2.041342   0.001563   0.935589   0.935589
     21      10     117         25   4.003153   0.001563   0.935589   0.935589
     21      10     117         26   2.849648   0.001563   0.935589   0.935589
     21      10     117         27   1.825646   0.001563   0.935589   0.935589
     21      10     117         28   6.198656   0.001563   0.935589   0.935589
     21      11     118          1 751.197753   0.000781   0.935589   0.935589
     21      11     118          2   3.211450   0.000781   0.935589   0.935589
     21      11     118          3   1.869897   0.000781   0.935589   0.935589
     22      11     118  Conv    4   0.124884   0.000781   0.936371   0.936371
     22      11     119          1   6.980260   0.001563   0.936371   0.936371
     22      11     119          2   0.277356   0.001563   0.936371   0.936371
     22      11     119          1   4.622251   0.003125   0.936371   0.936371
     22      11     119          2   0.420448   0.003125   0.936371   0.936371
     22      11     119          1 150.605506   0.012500   0.936371   0.936371
     22      11     119          2   2.783719   0.012500   0.936371   0.936371
     22      11     119          3   0.011928   0.012500   0.936371   0.936371
     22      11     119          1   5033.402   0.063629   0.936371   0.936371
     22      11     119          2   6.716814   0.063629   0.936371   0.936371
     23      11     119  Conv    3   0.046762   0.063629   1.000000   1.000000

 NUMBER OF STIFFNESS FORMATIONS/SOLUTIONS  =         365

 TIME FOR INITIALIZING ANALYSIS            =        0.10
 TIME FOR CONTROLLING ANALYSIS             =        0.02
 TIME FOR UPDATING LOADS AND STATE         =        1.98
 TIME FOR FORMING STIFFNESS MATRIX         =        0.14
 TIME FOR SOLVING STIFFNESS MATRIX         =       17.30
 TIME FOR CALCULATING DISPLACEMENTS        =        0.98
 TIME FOR DETERMINING EVENTS               =        0.26
 TIME FOR SAVING RESULTS                   =        2.00
                                               ----------
 TOTAL TIME FOR THIS ANALYSIS              =       22.78


 N O N L I N E A R   S T A T I C   A N A L Y S I S                      16:35:06

 CASE: PUSHOVER_Y

 STARTING FROM ZERO (UNSTRESSED) INITIAL CONDITIONS

 LOAD CONTROL TYPE                         = DISPLACEMENT
 SAVE POSITIVE INCREMENTS ONLY             =         YES
 TYPE OF GEOMETRIC NONLINEARITY            = LARGE DISPLACEMENT AND P-DELTA
 USE EVENT STEPPING                        =         YES
 USE ITERATION                             =         YES
 USE LINE SEARCH                           =          NO
 EVENT LUMPING TOLERANCE                   =    0.000100
 FORCE CONVERGENCE TOLERANCE (RELATIVE)    =    0.000100

 Negative iterations are Constant-Stiffness
 Positive iterations are Newton-Raphson

  Saved    Null   Total  Iteration   Relative  Curr Step   Curr Sum    Max Sum
  Steps   Steps   Steps  this Step  Unbalance       Size   of Steps   of Steps
 (  100      20     200     -10/40   1.000000   0.100000   1.000000   1.000000)

      0       0       1         -1 132.091027   0.100000    .000000    .000000
      0       0       1         -2   2.204325   0.100000    .000000    .000000
      1       0       1  Conv   -3   0.191726   0.100000   0.100000   0.100000
      2       0       2  Conv   -1   0.235975   0.002892   0.102892   0.102892
      3       0       3  Conv   -1   0.235676   6.93E-05   0.102961   0.102961
      3       0       4  Conv   -1   0.235383   6.93E-05   0.103031   0.103031
      3       0       5  Conv   -1   0.235097   6.93E-05   0.103100   0.103100
      3       0       6  Conv   -1   0.234817   6.92E-05   0.103169   0.103169
      3       0       7  Conv   -1   0.234543   6.92E-05   0.103238   0.103238
      3       0       8  Conv   -1   0.234275   6.91E-05   0.103308   0.103308
      3       0       9  Conv   -1   0.234014   6.91E-05   0.103377   0.103377
      3       0      10  Conv   -1   0.257069   5.08E-05   0.103427   0.103427
      3       0      11  Conv   -1   0.282577   8.43E-05   0.103512   0.103512
      3       0      12  Conv   -1   0.314762   6.66E-05   0.103578   0.103578
      3       0      13  Conv   -1   0.351752   6.65E-05   0.103645   0.103645
      3       0      14  Conv   -1   0.392176   6.65E-05   0.103711   0.103711
      3       0      15  Conv   -1   0.435069   6.65E-05   0.103778   0.103778
      3       0      16  Conv   -1   0.479757   6.64E-05   0.103844   0.103844
      3       0      17  Conv   -1   0.525774   6.64E-05   0.103911   0.103911
      3       0      18  Conv   -1   0.572792   6.63E-05   0.103977   0.103977
      3       0      19  Conv   -1   0.620575   6.63E-05   0.104043   0.104043
      3       0      20  Conv   -1   0.668952   6.62E-05   0.104109   0.104109
      3       0      21  Conv   -1   0.717797   6.62E-05   0.104176   0.104176
      3       0      22  Conv   -1   0.767014   6.61E-05   0.104242   0.104242
      3       0      23  Conv   -1   0.816529   6.61E-05   0.104308   0.104308
      3       0      24  Conv   -1   0.866287   6.61E-05   0.104374   0.104374
      3       0      25  Conv   -1   0.916242   6.60E-05   0.104440   0.104440
      3       0      26  Conv   -1   0.966359   6.60E-05   0.104506   0.104506
      3       0      27         -1   1.016609   6.59E-05   0.104506   0.104506
      3       0      27  Conv   -2   0.107330   6.59E-05   0.104572   0.104572
      3       0      28  Conv   -1   0.182962   0.000293   0.104865   0.104865
      3       0      29  Conv   -1   0.117492   3.13E-05   0.104896   0.104896
      3       0      30  Conv   -1   0.125402   3.13E-05   0.104927   0.104927
      3       0      31  Conv   -1   0.151538   3.77E-05   0.104965   0.104965
      3       0      32  Conv   -1   0.216780   3.45E-05   0.104999   0.104999
      3       0      33  Conv   -1   0.289307   3.56E-05   0.105035   0.105035
      3       0      34  Conv   -1   0.366976   3.55E-05   0.105070   0.105070
      3       0      35  Conv   -1   0.447101   3.55E-05   0.105106   0.105106
      3       0      36  Conv   -1   0.528554   3.55E-05   0.105142   0.105142
      3       0      37  Conv   -1   0.610795   3.55E-05   0.105177   0.105177
      3       0      38  Conv   -1   0.693535   3.55E-05   0.105213   0.105213
      3       0      39  Conv   -1   0.776607   3.55E-05   0.105248   0.105248
      3       0      40  Conv   -1   0.859906   3.55E-05   0.105283   0.105283
      3       0      41  Conv   -1   0.943368   3.55E-05   0.105319   0.105319
      3       0      42         -1   1.026945   3.54E-05   0.105319   0.105319
      3       0      42  Conv   -2   0.084215   3.54E-05   0.105354   0.105354
      3       0      43  Conv   -1   0.001111   3.30E-05   0.105387   0.105387
      3       0      44  Conv   -1   0.084367   3.54E-05   0.105423   0.105423
      3       0      45  Conv   -1   0.168608   3.54E-05   0.105458   0.105458
      3       0      46  Conv   -1   0.252827   3.54E-05   0.105494   0.105494
      3       0      47  Conv   -1   0.337024   3.54E-05   0.105529   0.105529
      3       0      48  Conv   -1   0.421197   3.54E-05   0.105564   0.105564
      3       0      49  Conv   -1   0.505346   3.54E-05   0.105600   0.105600
      3       0      50  Conv   -1   0.599398   3.53E-05   0.105635   0.105635
      3       0      51  Conv   -1   0.697919   3.54E-05   0.105670   0.105670
      3       0      52  Conv   -1   0.799485   3.54E-05   0.105706   0.105706
      3       0      53  Conv   -1   0.903057   3.53E-05   0.105741   0.105741
      3       0      54         -1   1.008007   3.53E-05   0.105741   0.105741
      3       0      54  Conv   -2   0.110023   3.53E-05   0.105776   0.105776
      3       0      55  Conv   -1   0.000925   2.19E-05   0.105798   0.105798
      3       0      56  Conv   -1   0.110512   3.53E-05   0.105834   0.105834
      3       0      57  Conv   -1   0.797123   3.53E-05   0.105869   0.105869
      3       0      58         -1   1.213442   3.59E-05   0.105869   0.105869
      4       0      58  Conv   -2   0.416104   3.59E-05   0.105905   0.105905
      4       0      59  Conv   -1   0.001103   1.89E-05   0.105924   0.105924
      4       0      60  Conv   -1   0.416767   3.59E-05   0.105960   0.105960
      4       0      61  Conv   -1   0.833013   3.59E-05   0.105995   0.105995
      4       0      62         -1   1.249140   3.58E-05   0.105995   0.105995
      4       0      62  Conv   -2   0.415968   3.58E-05   0.106031   0.106031
      4       0      63  Conv   -1   0.001127   1.93E-05   0.106051   0.106051
      4       0      64  Conv   -1   0.416615   3.58E-05   0.106086   0.106086
      4       0      65  Conv   -1   0.832716   3.58E-05   0.106122   0.106122
      4       0      66         -1   1.248699   3.58E-05   0.106122   0.106122
      4       0      66  Conv   -2   0.415821   3.58E-05   0.106158   0.106158
      4       0      67  Conv   -1   0.150744   1.93E-05   0.106177   0.106177
      4       0      68  Conv   -1   0.503159   3.66E-05   0.106214   0.106214
      4       0      69  Conv   -1   0.929644   3.66E-05   0.106251   0.106251
      4       0      70         -1   1.362203   3.66E-05   0.106251   0.106251
      4       0      70  Conv   -2   0.435930   3.66E-05   0.106287   0.106287
      4       0      71  Conv   -1   0.001373   2.29E-05   0.106310   0.106310
      4       0      72  Conv   -1   0.436781   3.66E-05   0.106347   0.106347
      4       0      73  Conv   -1   0.872934   3.65E-05   0.106383   0.106383
      4       0      74         -1   1.308961   3.65E-05   0.106383   0.106383
      4       0      74  Conv   -2   0.435838   3.65E-05   0.106420   0.106420
      4       0      75  Conv   -1   0.001339   2.23E-05   0.106442   0.106442
      4       0      76  Conv   -1   0.436685   3.65E-05   0.106478   0.106478
      4       0      77  Conv   -1   0.904621   3.65E-05   0.106515   0.106515
      4       0      78         -1   1.360878   3.74E-05   0.106515   0.106515
      5       0      78  Conv   -2   0.456213   3.74E-05   0.106552   0.106552
      6       0      79  Conv   -1   0.001544   2.56E-05   0.106578   0.106578
      6       0      80  Conv   -1   0.457228   3.74E-05   0.106615   0.106615
      6       0      81  Conv   -1   0.913734   3.74E-05   0.106653   0.106653
      6       0      82         -1   1.370104   3.74E-05   0.106653   0.106653
      7       0      82  Conv   -2   0.456164   3.74E-05   0.106690   0.106690
      8       0      83  Conv   -1   0.001554   2.57E-05   0.106716   0.106716
      8       0      84  Conv   -1   0.457181   3.74E-05   0.106753   0.106753
      8       0      85  Conv   -1   0.913639   3.73E-05   0.106791   0.106791
      8       0      86         -1   1.369961   3.73E-05   0.106791   0.106791
      9       0      86  Conv   -2   0.456113   3.73E-05   0.106828   0.106828
     10       0      87  Conv   -1   0.001556   2.57E-05   0.106854   0.106854
     10       0      88  Conv   -1   0.457131   3.73E-05   0.106891   0.106891
     10       0      89  Conv   -1   0.913538   3.73E-05   0.106928   0.106928
     10       0      90         -1   1.369810   3.73E-05   0.106928   0.106928
     11       0      90  Conv   -2   0.456060   3.73E-05   0.106965   0.106965
     12       0      91  Conv   -1   0.001557   2.57E-05   0.106991   0.106991
     12       0      92  Conv   -1   0.457078   3.72E-05   0.107028   0.107028
     12       0      93  Conv   -1   0.913432   3.72E-05   0.107066   0.107066
     12       0      94         -1   1.363452   3.01E-05   0.107066   0.107066
     13       0      94  Conv   -2   0.455052   3.01E-05   0.107096   0.107096
     14       0      95  Conv   -1   0.017139   3.21E-05   0.107128   0.107128
     14       0      96  Conv   -1   0.452671   3.67E-05   0.107165   0.107165
     14       0      97  Conv   -1   0.905844   3.67E-05   0.107201   0.107201
     14       0      98         -1   1.358993   3.67E-05   0.107201   0.107201
     15       0      98  Conv   -2   0.453003   3.67E-05   0.107238   0.107238
     16       0      99  Conv   -1   0.001523   2.46E-05   0.107263   0.107263
     16       0     100  Conv   -1   0.453975   3.67E-05   0.107299   0.107299
     16       0     101         -1   1079.565   0.100000   0.107299   0.107299
     16       0     101         -2   1032.819   0.100000   0.107299   0.107299
     16       0     101         -3 722.559331   0.100000   0.107299   0.107299
     16       0     101         -4 549.328809   0.100000   0.107299   0.107299
     16       0     101         -5 435.358877   0.100000   0.107299   0.107299
     16       0     101         -6 355.445519   0.100000   0.107299   0.107299
     16       0     101         -7 295.124927   0.100000   0.107299   0.107299
     16       0     101         -8 246.450155   0.100000   0.107299   0.107299
     16       0     101         -9 206.237773   0.100000   0.107299   0.107299
     16       0     101        -10 171.020706   0.100000   0.107299   0.107299
     16       0     101         -1 833.109032   0.050000   0.107299   0.107299
     16       0     101         -2 460.378428   0.050000   0.107299   0.107299
     16       0     101         -3 296.650937   0.050000   0.107299   0.107299
     16       0     101         -4 212.709132   0.050000   0.107299   0.107299
     16       0     101         -5 156.220152   0.050000   0.107299   0.107299
     16       0     101         -6 116.230926   0.050000   0.107299   0.107299
     16       0     101         -7  86.521449   0.050000   0.107299   0.107299
     16       0     101         -8  64.601612   0.050000   0.107299   0.107299
     16       0     101         -9  49.425105   0.050000   0.107299   0.107299
     16       0     101        -10  38.819414   0.050000   0.107299   0.107299
     16       0     101          1 833.109032   0.050000   0.107299   0.107299
     16       0     101          2 230.584216   0.050000   0.107299   0.107299
     16       0     101          3 101.805319   0.050000   0.107299   0.107299
     17       0     101  Conv    4   0.059714   0.050000   0.157299   0.157299
     17       0     102          1   1542.579   0.100000   0.157299   0.157299
     17       0     102          2 269.415573   0.100000   0.157299   0.157299
     17       0     102          3  43.684788   0.100000   0.157299   0.157299
     18       0     102  Conv   -4   0.227112   0.100000   0.257299   0.257299
     18       0     103         -1   3359.317   0.100000   0.257299   0.257299
     18       0     103         -2   1997.512   0.100000   0.257299   0.257299
     18       0     103         -3   2628.827   0.100000   0.257299   0.257299
     18       0     103         -4   1942.863   0.100000   0.257299   0.257299
     18       0     103         -5   2009.393   0.100000   0.257299   0.257299
     18       0     103         -6   1799.455   0.100000   0.257299   0.257299
     18       0     103         -7   1740.302   0.100000   0.257299   0.257299
     18       0     103         -8   1638.330   0.100000   0.257299   0.257299
     18       0     103         -9   1559.392   0.100000   0.257299   0.257299
     18       0     103        -10   1482.908   0.100000   0.257299   0.257299
     18       0     103          1   4542.122   0.100000   0.257299   0.257299
     18       0     103          2   1.486056   0.100000   0.257299   0.257299
     19       0     103  Conv    3   0.081791   0.100000   0.357299   0.357299
     19       0     104          1   4554.605   0.100000   0.357299   0.357299
     19       0     104          2   7.731306   0.100000   0.357299   0.357299
     20       0     104  Conv    3   0.680163   0.100000   0.457299   0.457299
     20       0     105          1   4508.570   0.100000   0.457299   0.457299
     20       0     105          2 209.464733   0.100000   0.457299   0.457299
     20       0     105          3  44.271075   0.100000   0.457299   0.457299
     21       0     105  Conv    4   0.204442   0.100000   0.557299   0.557299
     21       0     106          1   3050.213   0.100000   0.557299   0.557299
     21       0     106          2   2.693980   0.100000   0.557299   0.557299
     22       0     106  Conv   -3   0.253794   0.100000   0.657299   0.657299
     22       0     107         -1   3438.621   0.100000   0.657299   0.657299
     22       0     107         -2 546.985476   0.100000   0.657299   0.657299
     22       0     107         -3 709.040385   0.100000   0.657299   0.657299
     22       0     107         -4 872.378749   0.100000   0.657299   0.657299
     22       0     107         -5   1141.908   0.100000   0.657299   0.657299
     22       0     107          1   3605.099   0.100000   0.657299   0.657299
     22       0     107          2  11.142136   0.100000   0.657299   0.657299
     23       0     107  Conv    3   0.235598   0.100000   0.757299   0.757299
     23       0     108          1   3590.159   0.100000   0.757299   0.757299
     23       0     108          2   6.251055   0.100000   0.757299   0.757299
     24       0     108  Conv    3   0.315466   0.100000   0.857299   0.857299
     24       0     109          1   3272.338   0.100000   0.857299   0.857299
     24       0     109          2 1.1003E+06   0.100000   0.857299   0.857299
     24       0     109          3  23959.153   0.100000   0.857299   0.857299
     24       0     109          4 1.3136E+07   0.100000   0.857299   0.857299
     24       0     109          5  16908.405   0.100000   0.857299   0.857299
     24       0     109          6 3.8510E+07   0.100000   0.857299   0.857299
     24       0     109          7  59154.812   0.100000   0.857299   0.857299
     24       0     109          8 2.5589E+08   0.100000   0.857299   0.857299
     24       0     109          9 105933.556   0.100000   0.857299   0.857299
     24       0     109         10 4.8915E+07   0.100000   0.857299   0.857299
     24       0     109         11  81555.605   0.100000   0.857299   0.857299
     24       0     109         12 7.3367E+08   0.100000   0.857299   0.857299
     24       0     109         13 1.4514E+06   0.100000   0.857299   0.857299
     24       0     109         14 3.6826E+06   0.100000   0.857299   0.857299
     24       0     109         15 3.6805E+06   0.100000   0.857299   0.857299
     24       0     109         16 1.4795E+07   0.100000   0.857299   0.857299
     24       0     109         17 3.6067E+06   0.100000   0.857299   0.857299
     24       0     109         18 2.0990E+09   0.100000   0.857299   0.857299
     24       1     110          1 832.281358   0.050000   0.857299   0.857299
     24       1     110          2   2.716101   0.050000   0.857299   0.857299
     25       1     110  Conv    3   0.052693   0.050000   0.907299   0.907299
     25       1     111          1   3584.313   0.092701   0.907299   0.907299
     25       1     111          2  68457.594   0.092701   0.907299   0.907299
     25       1     111          3  27834.423   0.092701   0.907299   0.907299
     25       1     111          4 1.8728E+08   0.092701   0.907299   0.907299
     25       1     111          1 913.066185   0.046350   0.907299   0.907299
     25       1     111          2   5490.266   0.046350   0.907299   0.907299
     25       1     111          3  13982.533   0.046350   0.907299   0.907299
     25       1     111          4 587.299540   0.046350   0.907299   0.907299
     25       1     111          5 244.787947   0.046350   0.907299   0.907299
     25       1     111          6   2105.940   0.046350   0.907299   0.907299
     25       1     111          7  19372.060   0.046350   0.907299   0.907299
     25       1     111          8  26102.306   0.046350   0.907299   0.907299
     25       1     111          9 3.5075E+06   0.046350   0.907299   0.907299
     25       2     112          1 238.977079   0.023175   0.907299   0.907299
     25       2     112          2  37941.243   0.023175   0.907299   0.907299
     25       2     112          3 8.9073E+07   0.023175   0.907299   0.907299
     25       2     112          4  28720.532   0.023175   0.907299   0.907299
     25       2     112          5 1.4881E+09   0.023175   0.907299   0.907299
     25       2     112          6 5.6728E+07   0.023175   0.907299   0.907299
     25       2     112          7 1.4655E+06   0.023175   0.907299   0.907299
     25       2     112          8 2.2825E+08   0.023175   0.907299   0.907299
     25       2     112          9 579831.801   0.023175   0.907299   0.907299
     25       2     112         10 7.3029E+06   0.023175   0.907299   0.907299
     25       2     112         11 1.0481E+06   0.023175   0.907299   0.907299
     25       2     112         12 9.5626E+06   0.023175   0.907299   0.907299
     25       2     112         13 9.4100E+06   0.023175   0.907299   0.907299
     25       2     112         14 1.2032E+10   0.023175   0.907299   0.907299
     25       3     113         -1  68.462326   0.011588   0.907299   0.907299
     25       3     113         -2  50.965285   0.011588   0.907299   0.907299
     25       3     113         -3  35.728301   0.011588   0.907299   0.907299
     25       3     113         -4  27.859233   0.011588   0.907299   0.907299
     25       3     113         -5  28.699068   0.011588   0.907299   0.907299
     25       3     113         -6 158.426202   0.011588   0.907299   0.907299
     25       3     113          1  68.462326   0.011588   0.907299   0.907299
     25       3     113          2 424.155952   0.011588   0.907299   0.907299
     25       3     113          3   8.038640   0.011588   0.907299   0.907299
     25       3     113          4   3.220101   0.011588   0.907299   0.907299
     25       3     113          5   1.397369   0.011588   0.907299   0.907299
     26       3     113  Conv    6   0.084449   0.011588   0.918887   0.918887
     26       3     114          1   1687.044   0.023175   0.918887   0.918887
     26       3     114          2  35.060958   0.023175   0.918887   0.918887
     26       3     114          3  14.651791   0.023175   0.918887   0.918887
     26       3     114          4   6.428664   0.023175   0.918887   0.918887
     26       3     114          5   2.825400   0.023175   0.918887   0.918887
     26       3     114          6   1.243713   0.023175   0.918887   0.918887
     26       3     114          7   0.548047   0.023175   0.918887   0.918887
     26       3     114          1 104.009963   0.046350   0.918887   0.918887
     26       3     114          2  31.541881   0.046350   0.918887   0.918887
     26       3     114          3  13.927089   0.046350   0.918887   0.918887
     26       3     114          4 159.366600   0.046350   0.918887   0.918887
     26       3     114          5  98.389555   0.046350   0.918887   0.918887
     26       3     114          6  38.978683   0.046350   0.918887   0.918887
     26       3     114          7 101.189717   0.046350   0.918887   0.918887
     26       3     114          8  61.316298   0.046350   0.918887   0.918887
     26       3     114          9  26.501906   0.046350   0.918887   0.918887
     26       3     114         10  11.554129   0.046350   0.918887   0.918887
     26       3     114         11 160.431648   0.046350   0.918887   0.918887
     26       3     114         12  98.611841   0.046350   0.918887   0.918887
     26       3     114         13  39.044875   0.046350   0.918887   0.918887
     26       3     114         14 101.295306   0.046350   0.918887   0.918887
     26       3     114         15  61.311205   0.046350   0.918887   0.918887
     26       3     114         16  26.498084   0.046350   0.918887   0.918887
     26       3     114         17  11.552014   0.046350   0.918887   0.918887
     26       3     114         18 160.432879   0.046350   0.918887   0.918887
     26       3     114         19  98.612116   0.046350   0.918887   0.918887
     26       3     114         20  39.044962   0.046350   0.918887   0.918887
     26       3     114         21 101.295418   0.046350   0.918887   0.918887
     26       3     114         22  61.311200   0.046350   0.918887   0.918887
     26       3     114         23  26.498080   0.046350   0.918887   0.918887
     26       3     114         24  11.552012   0.046350   0.918887   0.918887
     26       3     114         25 160.432880   0.046350   0.918887   0.918887
     26       3     114          1   1687.044   0.023175   0.918887   0.918887
     26       3     114          2  35.060958   0.023175   0.918887   0.918887
     26       3     114          3  14.651791   0.023175   0.918887   0.918887
     26       3     114          4   6.428664   0.023175   0.918887   0.918887
     26       3     114          5   2.825400   0.023175   0.918887   0.918887
     26       3     114          6   1.243713   0.023175   0.918887   0.918887
     27       3     114  Conv    7   0.548047   0.023175   0.942062   0.942062
     27       3     115          1   4083.332   0.046350   0.942062   0.942062
     27       3     115          2   2.299261   0.046350   0.942062   0.942062
     27       3     115  Conv    3   0.031029   0.046350   0.988412   0.988412
     27       3     116          1 263.070321   0.011588   0.988412   0.988412
     27       3     116  Conv    2   0.295069   0.011588   1.000000   1.000000

 NUMBER OF STIFFNESS FORMATIONS/SOLUTIONS  =         225

 TIME FOR INITIALIZING ANALYSIS            =        0.00
 TIME FOR CONTROLLING ANALYSIS             =        0.06
 TIME FOR UPDATING LOADS AND STATE         =        1.10
 TIME FOR FORMING STIFFNESS MATRIX         =        0.08
 TIME FOR SOLVING STIFFNESS MATRIX         =       10.78
 TIME FOR CALCULATING DISPLACEMENTS        =        0.70
 TIME FOR DETERMINING EVENTS               =        0.12
 TIME FOR SAVING RESULTS                   =        1.82
                                               ----------
 TOTAL TIME FOR THIS ANALYSIS              =       14.66


 A N A L Y S I S   C O M P L E T E                          2026/07/10  16:35:22
