

 SAP2000 v22.1.0 Ultimate 64-bit (Analysis Build 9798/64)
 File: E:\sap2000_generated_mo...ft050_RhoR040_Slab018_RhoS040_WallT030_L200.LOG




 B E G I N   A N A L Y S I S                                2026/07/25  11:29:28


 RUNNING ANALYSIS WITHIN THE GUI PROCESS
 USING THE ADVANCED SOLVER (PROVIDES LIMITED INSTABILITY INFORMATION)

 NUMBER OF JOINTS                          =         119
    WITH RESTRAINTS                        =          15
    WITH SPRINGS                           =          15
 NUMBER OF FRAME/CABLE/TENDON ELEMENTS     =         180
 NUMBER OF SHELL ELEMENTS                  =          49
 NUMBER OF CONSTRAINTS/WELDS               =           4
 NUMBER OF LOAD PATTERNS                   =           4
 NUMBER OF ACCELERATION LOADS              =           9
 NUMBER OF LOAD CASES                      =           2

 ADDRESSABLE PHYSICAL MEMORY (RAM)         =      15.842 GB

 PARALLELIZATION OF ANALYSIS OPERATIONS:
 (Env. variable SAPFIRE_NUM_THREADS        =           0)
 NUMBER OF THREADS: STATE (AUTOMATIC)      =           6
 NUMBER OF THREADS: STIFFNESS (AUTOMATIC)  =           6
 NUMBER OF THREADS: EVENT (AUTOMATIC)      =           6
 NUMBER OF THREADS: MOVE (AUTOMATIC)       =           6
 NUMBER OF THREADS: RESPONSE (AUTOMATIC)   =           6
 NUMBER OF THREADS: SOLVE (AUTOMATIC)      =           6
 NUMBER OF THREADS: FORM (AUTOMATIC)       =           6


 N O N L I N E A R   S T A T I C   A N A L Y S I S                      11:29:28

 CASE: PUSHOVER_X

 STARTING FROM ZERO (UNSTRESSED) INITIAL CONDITIONS

 LOAD CONTROL TYPE                         = DISPLACEMENT
 SAVE POSITIVE INCREMENTS ONLY             =         YES
 TYPE OF GEOMETRIC NONLINEARITY            = LARGE DISPLACEMENT AND P-DELTA
 USE EVENT STEPPING                        =         YES
 USE ITERATION                             =         YES
 USE LINE SEARCH                           =          NO
 EVENT LUMPING TOLERANCE                   =    0.000100
 FORCE CONVERGENCE TOLERANCE (RELATIVE)    =    0.000100


 E L E M E N T   F O R M A T I O N                                      11:29:28


 NUMBER OF COUPLED CONSTRAINT EQUATIONS    =           0

 Negative iterations are Constant-Stiffness
 Positive iterations are Newton-Raphson

  Saved    Null   Total  Iteration   Relative  Curr Step   Curr Sum    Max Sum
  Steps   Steps   Steps  this Step  Unbalance       Size   of Steps   of Steps
 (  100      20     200     -10/40   1.000000   0.100000   1.000000   1.000000)

      0       0       1         -1 219.636530   0.053250    .000000    .000000
      1       0       1  Conv   -2   0.848499   0.053250   0.053250   0.053250
      2       0       2  Conv   -1   0.844373   0.000724   0.053974   0.053974
      2       0       3  Conv   -1   0.847031   1.15E-05   0.053986   0.053986
      2       0       4  Conv   -1   0.849764   1.15E-05   0.053997   0.053997
      2       0       5  Conv   -1   0.852573   1.15E-05   0.054009   0.054009
      2       0       6  Conv   -1   0.855456   1.15E-05   0.054020   0.054020
      2       0       7  Conv   -1   0.858414   1.15E-05   0.054032   0.054032
      2       0       8  Conv   -1   0.861444   1.15E-05   0.054043   0.054043
      2       0       9  Conv   -1   0.864547   1.15E-05   0.054055   0.054055
      2       0      10  Conv   -1   0.867721   1.15E-05   0.054066   0.054066
      2       0      11  Conv   -1   0.870966   1.15E-05   0.054078   0.054078
      2       0      12  Conv   -1   0.874281   1.15E-05   0.054089   0.054089
      2       0      13  Conv   -1   0.877664   1.15E-05   0.054101   0.054101
      2       0      14  Conv   -1   0.881116   1.15E-05   0.054112   0.054112
      2       0      15  Conv   -1   0.884636   1.15E-05   0.054124   0.054124
      2       0      16  Conv   -1   0.888222   1.15E-05   0.054135   0.054135
      2       0      17  Conv   -1   0.891874   1.15E-05   0.054147   0.054147
      2       0      18  Conv   -1   0.895591   1.15E-05   0.054158   0.054158
      2       0      19  Conv   -1   0.899372   1.15E-05   0.054170   0.054170
      2       0      20  Conv   -1   0.903216   1.15E-05   0.054181   0.054181
      2       0      21  Conv   -1   0.907122   1.15E-05   0.054193   0.054193
      2       0      22  Conv   -1   0.911091   1.15E-05   0.054204   0.054204
      2       0      23  Conv   -1   0.915120   1.15E-05   0.054215   0.054215
      2       0      24  Conv   -1   0.919209   1.15E-05   0.054227   0.054227
      2       0      25  Conv   -1   0.923357   1.15E-05   0.054238   0.054238
      2       0      26  Conv   -1   0.927564   1.15E-05   0.054250   0.054250
      2       0      27  Conv   -1   0.931828   1.15E-05   0.054261   0.054261
      2       0      28  Conv   -1   0.936149   1.15E-05   0.054273   0.054273
      2       0      29  Conv   -1   0.940526   1.15E-05   0.054284   0.054284
      2       0      30  Conv   -1   0.944958   1.15E-05   0.054296   0.054296
      2       0      31  Conv   -1   0.949444   1.15E-05   0.054307   0.054307
      2       0      32  Conv   -1   0.953984   1.15E-05   0.054319   0.054319
      2       0      33  Conv   -1   0.958577   1.15E-05   0.054330   0.054330
      2       0      34  Conv   -1   0.963222   1.15E-05   0.054342   0.054342
      2       0      35  Conv   -1   0.967918   1.15E-05   0.054353   0.054353
      2       0      36  Conv   -1   0.972664   1.15E-05   0.054365   0.054365
      2       0      37  Conv   -1   0.977460   1.15E-05   0.054376   0.054376
      2       0      38  Conv   -1   0.982305   1.15E-05   0.054387   0.054387
      2       0      39  Conv   -1   0.987199   1.15E-05   0.054399   0.054399
      2       0      40  Conv   -1   0.992139   1.15E-05   0.054410   0.054410
      2       0      41  Conv   -1   0.997127   1.15E-05   0.054422   0.054422
      2       0      42         -1   1.002161   1.14E-05   0.054422   0.054422
      3       0      42  Conv   -2   0.008487   1.14E-05   0.054433   0.054433
      4       0      43  Conv   -1   0.001080   2.31E-05   0.054456   0.054456
      4       0      44  Conv   -1   0.008539   1.15E-05   0.054468   0.054468
      4       0      45  Conv   -1   0.016941   1.15E-05   0.054479   0.054479
      4       0      46  Conv   -1   0.025365   1.15E-05   0.054491   0.054491
      4       0      47  Conv   -1   0.033793   1.15E-05   0.054502   0.054502
      4       0      48  Conv   -1   0.042224   1.14E-05   0.054514   0.054514
      4       0      49  Conv   -1   0.050654   1.14E-05   0.054525   0.054525
      4       0      50  Conv   -1   0.921608   1.14E-05   0.054536   0.054536
      4       0      51         -1   1.560142   1.09E-05   0.054536   0.054536
      5       0      51  Conv   -2   0.604774   1.09E-05   0.054547   0.054547
      6       0      52  Conv   -1   0.029611   2.18E-05   0.054569   0.054569
      6       0      53  Conv   -1   0.711628   7.02E-06   0.054576   0.054576
      6       0      54         -1   1.297204   2.94E-06   0.054576   0.054576
      7       0      54  Conv   -2   0.520261   2.94E-06   0.054579   0.054579
      8       0      55  Conv   -1   0.325938   0.000266   0.054845   0.054845
      8       0      56         -1   1.492689   0.000157   0.054845   0.054845
      8       0      56  Conv   -2   0.406720   0.000157   0.055002   0.055002
      8       0      57  Conv   -1   0.483967   0.000655   0.055657   0.055657
      8       0      58  Conv   -1   0.931016   0.002235   0.057891   0.057891
      8       0      59         -1   1.406720   4.40E-05   0.057891   0.057891
      9       0      59  Conv   -2   0.556422   4.40E-05   0.057935   0.057935
     10       0      60  Conv   -1   0.728350   0.003414   0.061349   0.061349
     10       0      61  Conv   -1   0.805762   5.28E-05   0.061402   0.061402
     10       0      62         -1   1.076880   5.30E-05   0.061402   0.061402
     11       0      62  Conv   -2   0.514802   5.30E-05   0.061455   0.061455
     11       0      63  Conv   -1   0.156529   3.84E-05   0.061493   0.061493
     11       0      64  Conv   -1   0.608150   8.26E-06   0.061502   0.061502
     11       0      65         -1   1.133887   3.21E-05   0.061502   0.061502
     12       0      65  Conv   -2   0.703317   3.21E-05   0.061534   0.061534
     13       0      66  Conv   -1   0.421578   4.15E-05   0.061575   0.061575
     13       0      67  Conv   -1   0.661316   4.73E-06   0.061580   0.061580
     13       0      68         -1   1.140222   2.91E-06   0.061580   0.061580
     14       0      68  Conv   -2   0.661792   2.91E-06   0.061583   0.061583
     15       0      69  Conv   -1   0.216937   2.28E-05   0.061606   0.061606
     15       0      70  Conv   -1   0.535790   1.51E-05   0.061621   0.061621
     15       0      71         -1   1.049555   4.18E-05   0.061621   0.061621
     16       0      71  Conv   -2   0.579607   4.18E-05   0.061663   0.061663
     17       0      72  Conv   -1   0.132069   2.28E-05   0.061685   0.061685
     17       0      73  Conv   -1   0.566363   1.52E-05   0.061701   0.061701
     17       0      74         -1   1.095906   4.19E-05   0.061701   0.061701
     18       0      74  Conv   -2   0.724171   4.19E-05   0.061743   0.061743
     19       0      75  Conv   -1   0.346954   2.33E-05   0.061766   0.061766
     19       0      76  Conv   -1   0.623460   9.74E-06   0.061776   0.061776
     19       0      77         -1   1.111906   4.20E-05   0.061776   0.061776
     20       0      77  Conv   -2   0.608869   4.20E-05   0.061818   0.061818
     21       0      78  Conv   -1   0.161985   2.61E-05   0.061844   0.061844
     21       0      79  Conv   -1   0.544634   5.86E-06   0.061850   0.061850
     21       0      80         -1   1.099343   2.20E-06   0.061850   0.061850
     22       0      80  Conv   -2   0.557584   2.20E-06   0.061852   0.061852
     23       0      81  Conv   -1   0.264220   5.82E-06   0.061858   0.061858
     23       0      82  Conv   -1   0.644872   2.24E-06   0.061860   0.061860
     23       0      83         -1   1.179487   3.19E-06   0.061860   0.061860
     24       0      83  Conv   -2   0.502726   3.19E-06   0.061863   0.061863
     25       0      84  Conv   -1   0.075066   4.08E-05   0.061904   0.061904
     25       0      85  Conv   -1   0.584538   4.20E-05   0.061946   0.061946
     25       0      86         -1   1.122620   4.20E-05   0.061946   0.061946
     26       0      86  Conv   -2   0.621876   4.20E-05   0.061988   0.061988
     27       0      87  Conv   -1   0.717086   4.02E-05   0.062028   0.062028
     27       0      88         -1   1.226577   4.71E-05   0.062028   0.062028
     27       0      88         -2   1.010193   4.71E-05   0.062028   0.062028
     27       0      88  Conv   -3   0.402704   4.71E-05   0.062075   0.062075
     27       0      89  Conv   -1   0.695493   9.80E-06   0.062085   0.062085
     27       0      90         -1   1.231368   2.86E-05   0.062085   0.062085
     28       0      90  Conv   -2   0.639876   2.86E-05   0.062114   0.062114
     29       0      91  Conv   -1   0.457767   4.09E-05   0.062155   0.062155
     29       0      92  Conv   -1   0.556320   4.85E-05   0.062203   0.062203
     29       0      93  Conv   -1   0.841958   4.84E-05   0.062251   0.062251
     29       0      94         -1   1.186339   4.84E-05   0.062251   0.062251
     30       0      94  Conv   -2   0.454701   4.84E-05   0.062300   0.062300
     30       0      95  Conv   -1   0.655975   9.86E-05   0.062398   0.062398
     30       0      96         -1   1.140031   4.99E-05   0.062398   0.062398
     30       0      96  Conv   -2   0.559224   4.99E-05   0.062448   0.062448
     30       0      97  Conv   -1   0.272634   0.000224   0.062673   0.062673
     30       0      98  Conv   -1   0.759877   5.47E-05   0.062727   0.062727
     30       0      99         -1   1.349370   5.47E-05   0.062727   0.062727
     30       0      99         -2   1.010047   5.47E-05   0.062727   0.062727
     30       0      99  Conv   -3   0.443482   5.47E-05   0.062782   0.062782
     30       0     100  Conv   -1   0.924378   6.27E-06   0.062788   0.062788
     30       0     101         -1   1400.720   0.100000   0.062788   0.062788
     30       0     101         -2   1363.982   0.100000   0.062788   0.062788
     30       0     101         -3   1158.935   0.100000   0.062788   0.062788
     30       0     101         -4   1011.478   0.100000   0.062788   0.062788
     30       0     101         -5 879.481593   0.100000   0.062788   0.062788
     30       0     101         -6 742.349217   0.100000   0.062788   0.062788
     30       0     101         -7 611.706358   0.100000   0.062788   0.062788
     30       0     101         -8 499.692475   0.100000   0.062788   0.062788
     30       0     101         -9 398.500281   0.100000   0.062788   0.062788
     30       0     101        -10 306.189128   0.100000   0.062788   0.062788
     30       0     101         -1   1363.714   0.050000   0.062788   0.062788
     30       0     101         -2 949.211813   0.050000   0.062788   0.062788
     30       0     101         -3 702.829010   0.050000   0.062788   0.062788
     30       0     101         -4 531.116071   0.050000   0.062788   0.062788
     30       0     101         -5 396.556214   0.050000   0.062788   0.062788
     30       0     101         -6 285.596499   0.050000   0.062788   0.062788
     30       0     101         -7 210.671238   0.050000   0.062788   0.062788
     30       0     101         -8 158.812236   0.050000   0.062788   0.062788
     30       0     101         -9 120.595760   0.050000   0.062788   0.062788
     30       0     101        -10  92.123856   0.050000   0.062788   0.062788
     30       0     101          1   1363.714   0.050000   0.062788   0.062788
     30       0     101          2   1131.539   0.050000   0.062788   0.062788
     30       0     101          3  35.632506   0.050000   0.062788   0.062788
     31       0     101  Conv    4   0.066531   0.050000   0.112788   0.112788
     31       0     102          1   5118.032   0.100000   0.112788   0.112788
     31       0     102          2   1.071955   0.100000   0.112788   0.112788
     32       0     102  Conv   -3   0.003413   0.100000   0.212788   0.212788
     32       0     103         -1   6524.428   0.100000   0.212788   0.212788
     32       0     103         -2   1268.630   0.100000   0.212788   0.212788
     32       0     103         -3   1172.366   0.100000   0.212788   0.212788
     32       0     103         -4 287.654966   0.100000   0.212788   0.212788
     32       0     103         -5 177.903409   0.100000   0.212788   0.212788
     32       0     103         -6  53.195012   0.100000   0.212788   0.212788
     32       0     103         -7  26.582731   0.100000   0.212788   0.212788
     32       0     103         -8   9.143162   0.100000   0.212788   0.212788
     32       0     103         -9   4.103758   0.100000   0.212788   0.212788
     32       0     103        -10   1.520209   0.100000   0.212788   0.212788
     33       0     103  Conv  -11   0.645994   0.100000   0.312788   0.312788
     33       0     104         -1   9233.011   0.100000   0.312788   0.312788
     33       0     104         -2   1506.449   0.100000   0.312788   0.312788
     33       0     104         -3   1367.449   0.100000   0.312788   0.312788
     33       0     104         -4 307.851382   0.100000   0.312788   0.312788
     33       0     104         -5 192.628433   0.100000   0.312788   0.312788
     33       0     104         -6  57.060822   0.100000   0.312788   0.312788
     33       0     104         -7  28.758839   0.100000   0.312788   0.312788
     33       0     104         -8   9.852454   0.100000   0.312788   0.312788
     33       0     104         -9   4.446548   0.100000   0.312788   0.312788
     33       0     104        -10   1.644402   0.100000   0.312788   0.312788
     34       0     104  Conv  -11   0.701374   0.100000   0.412788   0.412788
     34       0     105         -1   9905.045   0.100000   0.412788   0.412788
     34       0     105         -2 627.988977   0.100000   0.412788   0.412788
     34       0     105         -3   1322.736   0.100000   0.412788   0.412788
     34       0     105         -4 212.984634   0.100000   0.412788   0.412788
     34       0     105         -5 314.442792   0.100000   0.412788   0.412788
     34       0     105         -6 230.365118   0.100000   0.412788   0.412788
     34       0     105         -7 235.311337   0.100000   0.412788   0.412788
     34       0     105         -8 227.615755   0.100000   0.412788   0.412788
     34       0     105         -9 227.111414   0.100000   0.412788   0.412788
     34       0     105        -10 225.592222   0.100000   0.412788   0.412788
     34       0     105          1  10895.550   0.100000   0.412788   0.412788
     34       0     105          2 250.436615   0.100000   0.412788   0.412788
     35       0     105  Conv    3   0.190476   0.100000   0.512788   0.512788
     35       0     106          1  12305.820   0.100000   0.512788   0.512788
     35       0     106          2  13.966791   0.100000   0.512788   0.512788
     36       0     106  Conv   -3   0.090944   0.100000   0.612788   0.612788
     36       0     107         -1  12588.562   0.100000   0.612788   0.612788
     36       0     107         -2   2376.447   0.100000   0.612788   0.612788
     36       0     107         -3   2322.564   0.100000   0.612788   0.612788
     36       0     107         -4 668.076041   0.100000   0.612788   0.612788
     36       0     107         -5 448.700265   0.100000   0.612788   0.612788
     36       0     107         -6 165.379965   0.100000   0.612788   0.612788
     36       0     107         -7  92.251192   0.100000   0.612788   0.612788
     36       0     107         -8  38.472714   0.100000   0.612788   0.612788
     36       0     107         -9  19.616484   0.100000   0.612788   0.612788
     36       0     107        -10   8.695838   0.100000   0.612788   0.612788
     36       0     107        -11   4.246977   0.100000   0.612788   0.612788
     36       0     107        -12   1.939710   0.100000   0.612788   0.612788
     37       0     107  Conv  -13   0.928165   0.100000   0.712788   0.712788
     37       0     108         -1  12937.468   0.100000   0.712788   0.712788
     37       0     108         -2   2454.406   0.100000   0.712788   0.712788
     37       0     108         -3   2412.210   0.100000   0.712788   0.712788
     37       0     108         -4 697.646932   0.100000   0.712788   0.712788
     37       0     108         -5 471.264772   0.100000   0.712788   0.712788
     37       0     108         -6 174.583712   0.100000   0.712788   0.712788
     37       0     108         -7  97.963203   0.100000   0.712788   0.712788
     37       0     108         -8  41.062233   0.100000   0.712788   0.712788
     37       0     108         -9  21.059531   0.100000   0.712788   0.712788
     37       0     108        -10   9.383883   0.100000   0.712788   0.712788
     37       0     108        -11   4.609339   0.100000   0.712788   0.712788
     37       0     108        -12   2.116360   0.100000   0.712788   0.712788
     37       0     108        -13   1.018422   0.100000   0.712788   0.712788
     38       0     108  Conv  -14   0.474536   0.100000   0.812788   0.812788
     38       0     109         -1  13363.299   0.100000   0.812788   0.812788
     38       0     109         -2   2570.366   0.100000   0.812788   0.812788
     38       0     109         -3   2529.810   0.100000   0.812788   0.812788
     38       0     109         -4 739.514941   0.100000   0.812788   0.812788
     38       0     109         -5 501.931508   0.100000   0.812788   0.812788
     38       0     109         -6 187.587350   0.100000   0.812788   0.812788
     38       0     109         -7 105.922450   0.100000   0.812788   0.812788
     38       0     109         -8  44.752093   0.100000   0.812788   0.812788
     38       0     109         -9  23.110540   0.100000   0.812788   0.812788
     38       0     109        -10  10.376072   0.100000   0.812788   0.812788
     38       0     109        -11   5.133222   0.100000   0.812788   0.812788
     38       0     109        -12   2.374483   0.100000   0.812788   0.812788
     38       0     109        -13   1.150958   0.100000   0.812788   0.812788
     39       0     109  Conv  -14   0.540270   0.100000   0.912788   0.912788
     39       0     110         -1  11220.916   0.087212   0.912788   0.912788
     39       0     110         -2   1628.556   0.087212   0.912788   0.912788
     39       0     110         -3   1506.494   0.087212   0.912788   0.912788
     39       0     110         -4 349.159608   0.087212   0.912788   0.912788
     39       0     110         -5 219.381443   0.087212   0.912788   0.912788
     39       0     110         -6  65.875808   0.087212   0.912788   0.912788
     39       0     110         -7  33.680257   0.087212   0.912788   0.912788
     39       0     110         -8  11.639169   0.087212   0.912788   0.912788
     39       0     110         -9   5.340864   0.087212   0.912788   0.912788
     39       0     110        -10   1.991434   0.087212   0.912788   0.912788
     40       0     110  Conv  -11   0.863397   0.087212   1.000000   1.000000

 NUMBER OF STIFFNESS FORMATIONS/SOLUTIONS  =         119

 TIME FOR INITIALIZING ANALYSIS            =        0.12
 TIME FOR CONTROLLING ANALYSIS             =        0.00
 TIME FOR UPDATING LOADS AND STATE         =        0.78
 TIME FOR FORMING STIFFNESS MATRIX         =        0.12
 TIME FOR SOLVING STIFFNESS MATRIX         =        4.62
 TIME FOR CALCULATING DISPLACEMENTS        =        0.82
 TIME FOR DETERMINING EVENTS               =        0.24
 TIME FOR SAVING RESULTS                   =        0.74
                                               ----------
 TOTAL TIME FOR THIS ANALYSIS              =        7.44


 N O N L I N E A R   S T A T I C   A N A L Y S I S                      11:29:35

 CASE: PUSHOVER_Y

 STARTING FROM ZERO (UNSTRESSED) INITIAL CONDITIONS

 LOAD CONTROL TYPE                         = DISPLACEMENT
 SAVE POSITIVE INCREMENTS ONLY             =         YES
 TYPE OF GEOMETRIC NONLINEARITY            = LARGE DISPLACEMENT AND P-DELTA
 USE EVENT STEPPING                        =         YES
 USE ITERATION                             =         YES
 USE LINE SEARCH                           =          NO
 EVENT LUMPING TOLERANCE                   =    0.000100
 FORCE CONVERGENCE TOLERANCE (RELATIVE)    =    0.000100

 Negative iterations are Constant-Stiffness
 Positive iterations are Newton-Raphson

  Saved    Null   Total  Iteration   Relative  Curr Step   Curr Sum    Max Sum
  Steps   Steps   Steps  this Step  Unbalance       Size   of Steps   of Steps
 (  100      20     200     -10/40   1.000000   0.100000   1.000000   1.000000)

      0       0       1         -1 139.091631   0.047333    .000000    .000000
      1       0       1  Conv   -2   0.507377   0.047333   0.047333   0.047333
      2       0       2  Conv   -1   0.971878   0.000491   0.047824   0.047824
      2       0       3         -1   1.319199   7.31E-06   0.047824   0.047824
      3       0       3  Conv   -2   0.367963   7.31E-06   0.047831   0.047831
      4       0       4  Conv   -1   0.681509   0.000143   0.047974   0.047974
      4       0       5  Conv   -1   0.748486   5.98E-05   0.048034   0.048034
      4       0       6  Conv   -1   0.863533   4.16E-05   0.048075   0.048075
      4       0       7         -1   1.010350   4.15E-05   0.048075   0.048075
      5       0       7  Conv   -2   0.225820   4.15E-05   0.048117   0.048117
      6       0       8  Conv   -1   0.088674   0.000146   0.048263   0.048263
      6       0       9  Conv   -1   0.185675   4.90E-05   0.048312   0.048312
      6       0      10  Conv   -1   0.361489   0.000113   0.048425   0.048425
      6       0      11  Conv   -1   0.568454   5.97E-06   0.048431   0.048431
      6       0      12  Conv   -1   0.775802   3.20E-05   0.048463   0.048463
      6       0      13  Conv   -1   0.985089   3.83E-05   0.048501   0.048501
      6       0      14         -1   1.195266   3.83E-05   0.048501   0.048501
      7       0      14  Conv   -2   0.219099   3.83E-05   0.048539   0.048539
      8       0      15  Conv   -1   0.076665   0.000164   0.048703   0.048703
      8       0      16  Conv   -1   0.182582   7.75E-05   0.048781   0.048781
      8       0      17  Conv   -1   0.361017   7.75E-05   0.048859   0.048859
      8       0      18  Conv   -1   0.544739   7.74E-05   0.048936   0.048936
      8       0      19  Conv   -1   0.729677   7.74E-05   0.049013   0.049013
      8       0      20  Conv   -1   0.915025   7.73E-05   0.049091   0.049091
      8       0      21         -1   1.100516   7.72E-05   0.049091   0.049091
      8       0      21  Conv   -2   0.372538   7.72E-05   0.049168   0.049168
      8       0      22  Conv   -1   0.045001   3.38E-05   0.049202   0.049202
      8       0      23  Conv   -1   0.180442   3.96E-05   0.049241   0.049241
      8       0      24  Conv   -1   0.364577   7.74E-05   0.049319   0.049319
      8       0      25  Conv   -1   0.550427   7.74E-05   0.049396   0.049396
      8       0      26  Conv   -1   0.736606   7.73E-05   0.049473   0.049473
      8       0      27         -1   1.008816   7.73E-05   0.049473   0.049473
      8       0      27  Conv   -2   0.365473   7.73E-05   0.049551   0.049551
      8       0      28  Conv   -1   0.645008   0.000727   0.050278   0.050278
      8       0      29  Conv   -1   0.577022   0.000128   0.050406   0.050406
      8       0      30  Conv   -1   0.769580   0.001565   0.051971   0.051971
      8       0      31  Conv   -1   0.972152   4.06E-05   0.052011   0.052011
      8       0      32         -1   1.268511   1.73E-05   0.052011   0.052011
      9       0      32  Conv   -2   0.570340   1.73E-05   0.052028   0.052028
     10       0      33  Conv   -1   0.540578   0.000460   0.052489   0.052489
     10       0      34  Conv   -1   0.262059   2.44E-05   0.052513   0.052513
     10       0      35  Conv   -1   0.512661   1.23E-06   0.052515   0.052515
     10       0      36  Conv   -1   0.864018   3.29E-05   0.052547   0.052547
     10       0      37         -1   1.232739   3.29E-05   0.052547   0.052547
     11       0      37  Conv   -2   0.401066   3.29E-05   0.052580   0.052580
     12       0      38  Conv   -1   0.081648   6.52E-06   0.052587   0.052587
     12       0      39  Conv   -1   0.434530   2.25E-05   0.052609   0.052609
     12       0      40  Conv   -1   0.815203   3.05E-05   0.052640   0.052640
     12       0      41         -1   1.197364   3.04E-05   0.052640   0.052640
     13       0      41  Conv   -2   0.373694   3.04E-05   0.052670   0.052670
     14       0      42  Conv   -1   0.151780   1.56E-05   0.052686   0.052686
     14       0      43  Conv   -1   0.457222   1.15E-05   0.052697   0.052697
     14       0      44  Conv   -1   0.830640   3.05E-05   0.052728   0.052728
     14       0      45         -1   1.210614   3.05E-05   0.052728   0.052728
     15       0      45  Conv   -2   0.375901   3.05E-05   0.052758   0.052758
     16       0      46  Conv   -1   0.091248   2.57E-05   0.052784   0.052784
     16       0      47  Conv   -1   0.408848   3.03E-06   0.052787   0.052787
     16       0      48  Conv   -1   0.791103   2.71E-05   0.052814   0.052814
     16       0      49         -1   1.174971   3.05E-05   0.052814   0.052814
     17       0      49  Conv   -2   0.378992   3.05E-05   0.052845   0.052845
     18       0      50  Conv   -1   0.105861   2.83E-05   0.052873   0.052873
     18       0      51  Conv   -1   0.406364   1.39E-07   0.052873   0.052873
     18       0      52  Conv   -1   0.788872   3.04E-05   0.052904   0.052904
     18       0      53         -1   1.173386   3.06E-05   0.052904   0.052904
     19       0      53  Conv   -2   0.416314   3.06E-05   0.052934   0.052934
     20       0      54  Conv   -1   0.211623   4.44E-05   0.052979   0.052979
     20       0      55  Conv   -1   0.307257   4.13E-05   0.053020   0.053020
     20       0      56  Conv   -1   0.567461   4.13E-05   0.053061   0.053061
     20       0      57  Conv   -1   0.852890   4.13E-05   0.053103   0.053103
     20       0      58         -1   1.144755   4.13E-05   0.053103   0.053103
     21       0      58  Conv   -2   0.308716   4.13E-05   0.053144   0.053144
     22       0      59  Conv   -1   0.108473   0.000297   0.053441   0.053441
     22       0      60  Conv   -1   0.260158   5.56E-05   0.053496   0.053496
     22       0      61  Conv   -1   0.513205   5.56E-05   0.053552   0.053552
     22       0      62  Conv   -1   0.773742   5.56E-05   0.053608   0.053608
     22       0      63         -1   1.036046   5.55E-05   0.053608   0.053608
     23       0      63  Conv   -2   0.376737   5.55E-05   0.053663   0.053663
     24       0      64  Conv   -1   0.377548   7.72E-06   0.053671   0.053671
     24       0      65  Conv   -1   0.715468   1.85E-05   0.053689   0.053689
     24       0      66         -1   1.088179   2.97E-05   0.053689   0.053689
     25       0      66  Conv   -2   0.416171   2.97E-05   0.053719   0.053719
     26       0      67  Conv   -1   0.153612   3.23E-05   0.053752   0.053752
     26       0      68  Conv   -1   0.359285   4.80E-06   0.053756   0.053756
     26       0      69  Conv   -1   0.747099   2.37E-05   0.053780   0.053780
     26       0      70         -1   1.136306   2.98E-05   0.053780   0.053780
     27       0      70  Conv   -2   0.375636   2.98E-05   0.053810   0.053810
     28       0      71  Conv   -1   0.132456   4.81E-06   0.053815   0.053815
     28       0      72  Conv   -1   0.498222   2.38E-05   0.053838   0.053838
     28       0      73  Conv   -1   0.885682   2.98E-05   0.053868   0.053868
     28       0      74         -1   1.275131   2.98E-05   0.053868   0.053868
     29       0      74  Conv   -2   0.358971   2.98E-05   0.053898   0.053898
     30       0      75  Conv   -1   0.108547   1.40E-05   0.053912   0.053912
     30       0      76  Conv   -1   0.478171   1.22E-05   0.053924   0.053924
     30       0      77  Conv   -1   0.867400   2.99E-05   0.053954   0.053954
     30       0      78         -1   1.258091   2.99E-05   0.053954   0.053954
     31       0      78  Conv   -2   0.363622   2.99E-05   0.053984   0.053984
     32       0      79  Conv   -1   0.052197   2.47E-05   0.054009   0.054009
     32       0      80  Conv   -1   0.421249   2.79E-06   0.054012   0.054012
     32       0      81  Conv   -1   0.813257   2.66E-05   0.054038   0.054038
     32       0      82         -1   1.205545   2.99E-05   0.054038   0.054038
     33       0      82  Conv   -2   0.372360   2.99E-05   0.054068   0.054068
     34       0      83  Conv   -1   0.112253   3.73E-05   0.054105   0.054105
     34       0      84  Conv   -1   0.266159   4.16E-05   0.054147   0.054147
     34       0      85  Conv   -1   0.559619   4.16E-05   0.054189   0.054189
     34       0      86  Conv   -1   0.859894   4.16E-05   0.054230   0.054230
     34       0      87         -1   1.161631   4.16E-05   0.054230   0.054230
     35       0      87  Conv   -2   0.312899   4.16E-05   0.054272   0.054272
     36       0      88  Conv   -1   0.108922   0.000275   0.054547   0.054547
     36       0      89  Conv   -1   0.264594   5.59E-05   0.054602   0.054602
     36       0      90  Conv   -1   0.522159   5.59E-05   0.054658   0.054658
     36       0      91  Conv   -1   0.787144   5.59E-05   0.054714   0.054714
     36       0      92         -1   1.053876   5.58E-05   0.054714   0.054714
     37       0      92  Conv   -2   0.383631   5.58E-05   0.054770   0.054770
     38       0      93  Conv   -1   0.265475   2.13E-05   0.054791   0.054791
     38       0      94  Conv   -1   0.598254   1.29E-06   0.054793   0.054793
     38       0      95  Conv   -1   0.986516   2.85E-05   0.054821   0.054821
     38       0      96         -1   1.379073   3.00E-05   0.054821   0.054821
     39       0      96  Conv   -2   0.412670   3.00E-05   0.054851   0.054851
     40       0      97  Conv   -1   0.235610   5.77E-05   0.054909   0.054909
     40       0      98  Conv   -1   0.295969   5.60E-05   0.054965   0.054965
     40       0      99  Conv   -1   0.516093   5.60E-05   0.055021   0.055021
     40       0     100  Conv   -1   0.769142   5.60E-05   0.055077   0.055077
     40       0     101         -1   1228.400   0.100000   0.055077   0.055077
     40       0     101         -2   1236.186   0.100000   0.055077   0.055077
     40       0     101         -3 970.308951   0.100000   0.055077   0.055077
     40       0     101         -4 754.529007   0.100000   0.055077   0.055077
     40       0     101         -5 580.151805   0.100000   0.055077   0.055077
     40       0     101         -6 449.513503   0.100000   0.055077   0.055077
     40       0     101         -7 335.086525   0.100000   0.055077   0.055077
     40       0     101         -8 244.510676   0.100000   0.055077   0.055077
     40       0     101         -9 174.721449   0.100000   0.055077   0.055077
     40       0     101        -10 124.654440   0.100000   0.055077   0.055077
     40       0     101         -1   1374.591   0.050000   0.055077   0.055077
     40       0     101         -2 815.018055   0.050000   0.055077   0.055077
     40       0     101         -3 529.640439   0.050000   0.055077   0.055077
     40       0     101         -4 360.719482   0.050000   0.055077   0.055077
     40       0     101         -5 251.416258   0.050000   0.055077   0.055077
     40       0     101         -6 174.908196   0.050000   0.055077   0.055077
     40       0     101         -7 123.768098   0.050000   0.055077   0.055077
     40       0     101         -8  74.877160   0.050000   0.055077   0.055077
     40       0     101         -9  32.770219   0.050000   0.055077   0.055077
     40       0     101        -10  20.415816   0.050000   0.055077   0.055077
     40       0     101          1   1374.591   0.050000   0.055077   0.055077
     40       0     101          2 775.006121   0.050000   0.055077   0.055077
     40       0     101          3   4.018791   0.050000   0.055077   0.055077
     41       0     101  Conv    4   0.007466   0.050000   0.105077   0.105077
     41       0     102          1   4988.663   0.100000   0.105077   0.105077
     42       0     102  Conv   -2   0.820130   0.100000   0.205077   0.205077
     42       0     103         -1   6239.823   0.100000   0.205077   0.205077
     42       0     103         -2   1042.027   0.100000   0.205077   0.205077
     42       0     103         -3 894.776215   0.100000   0.205077   0.205077
     42       0     103         -4 168.458898   0.100000   0.205077   0.205077
     42       0     103         -5  97.588295   0.100000   0.205077   0.205077
     42       0     103         -6  24.278956   0.100000   0.205077   0.205077
     42       0     103         -7  11.233378   0.100000   0.205077   0.205077
     42       0     103         -8   3.264454   0.100000   0.205077   0.205077
     42       0     103         -9   1.336776   0.100000   0.205077   0.205077
     43       0     103  Conv  -10   0.423709   0.100000   0.305077   0.305077
     43       0     104         -1   8238.081   0.100000   0.305077   0.305077
     43       0     104         -2   1079.862   0.100000   0.305077   0.305077
     43       0     104         -3 907.203638   0.100000   0.305077   0.305077
     43       0     104         -4 173.000029   0.100000   0.305077   0.305077
     43       0     104         -5  99.737376   0.100000   0.305077   0.305077
     43       0     104         -6  24.632952   0.100000   0.305077   0.305077
     43       0     104         -7  11.548170   0.100000   0.305077   0.305077
     43       0     104         -8   3.289120   0.100000   0.305077   0.305077
     43       0     104         -9   1.400561   0.100000   0.305077   0.305077
     44       0     104  Conv  -10   0.425099   0.100000   0.405077   0.405077
     44       0     105         -1   8257.916   0.100000   0.405077   0.405077
     44       0     105         -2 512.340162   0.100000   0.405077   0.405077
     44       0     105         -3 862.042090   0.100000   0.405077   0.405077
     44       0     105         -4  86.962964   0.100000   0.405077   0.405077
     44       0     105         -5 138.119052   0.100000   0.405077   0.405077
     44       0     105         -6 153.597668   0.100000   0.405077   0.405077
     44       0     105         -7 161.173029   0.100000   0.405077   0.405077
     44       0     105         -8 175.750965   0.100000   0.405077   0.405077
     44       0     105         -9 175.039214   0.100000   0.405077   0.405077
     44       0     105        -10 174.392324   0.100000   0.405077   0.405077
     44       0     105          1   9083.707   0.100000   0.405077   0.405077
     44       0     105          2 208.209735   0.100000   0.405077   0.405077
     45       0     105  Conv    3   0.128071   0.100000   0.505077   0.505077
     45       0     106          1   9848.051   0.100000   0.505077   0.505077
     45       0     106          2  11.162784   0.100000   0.505077   0.505077
     46       0     106  Conv   -3   0.050133   0.100000   0.605077   0.605077
     46       0     107         -1  10077.997   0.100000   0.605077   0.605077
     46       0     107         -2   1537.620   0.100000   0.605077   0.605077
     46       0     107         -3   1380.781   0.100000   0.605077   0.605077
     46       0     107         -4 312.868933   0.100000   0.605077   0.605077
     46       0     107         -5 192.128616   0.100000   0.605077   0.605077
     46       0     107         -6  56.411950   0.100000   0.605077   0.605077
     46       0     107         -7  28.200597   0.100000   0.605077   0.605077
     46       0     107         -8   9.530307   0.100000   0.605077   0.605077
     46       0     107         -9   4.275657   0.100000   0.605077   0.605077
     46       0     107        -10   1.558789   0.100000   0.605077   0.605077
     47       0     107  Conv  -11   0.660632   0.100000   0.705077   0.705077
     47       0     108         -1  10355.056   0.100000   0.705077   0.705077
     47       0     108         -2   1587.996   0.100000   0.705077   0.705077
     47       0     108         -3   1433.524   0.100000   0.705077   0.705077
     47       0     108         -4 326.336928   0.100000   0.705077   0.705077
     47       0     108         -5 201.546422   0.100000   0.705077   0.705077
     47       0     108         -6  59.408318   0.100000   0.705077   0.705077
     47       0     108         -7  29.876247   0.100000   0.705077   0.705077
     47       0     108         -8  10.135107   0.100000   0.705077   0.705077
     47       0     108         -9   4.573499   0.100000   0.705077   0.705077
     47       0     108        -10   1.674050   0.100000   0.705077   0.705077
     48       0     108  Conv  -11   0.713433   0.100000   0.805077   0.805077
     48       0     109         -1  10687.111   0.100000   0.805077   0.805077
     48       0     109         -2   1658.363   0.100000   0.805077   0.805077
     48       0     109         -3   1500.674   0.100000   0.805077   0.805077
     48       0     109         -4 344.738639   0.100000   0.805077   0.805077
     48       0     109         -5 213.958099   0.100000   0.805077   0.805077
     48       0     109         -6  63.526222   0.100000   0.805077   0.805077
     48       0     109         -7  32.144195   0.100000   0.805077   0.805077
     48       0     109         -8  10.975774   0.100000   0.805077   0.805077
     48       0     109         -9   4.985494   0.100000   0.805077   0.805077
     48       0     109        -10   1.836365   0.100000   0.805077   0.805077
     49       0     109  Conv  -11   0.787837   0.100000   0.905077   0.905077
     49       0     110         -1  10963.815   0.094923   0.905077   0.905077
     49       0     110         -2   1439.288   0.094923   0.905077   0.905077
     49       0     110         -3   1272.762   0.094923   0.905077   0.905077
     49       0     110         -4 269.523549   0.094923   0.905077   0.905077
     49       0     110         -5 163.334789   0.094923   0.905077   0.905077
     49       0     110         -6  44.803756   0.094923   0.905077   0.905077
     49       0     110         -7  22.005053   0.094923   0.905077   0.905077
     49       0     110         -8   6.980127   0.094923   0.905077   0.905077
     49       0     110         -9   3.057479   0.094923   0.905077   0.905077
     49       0     110        -10   1.052131   0.094923   0.905077   0.905077
     50       0     110  Conv  -11   0.432899   0.094923   1.000000   1.000000

 NUMBER OF STIFFNESS FORMATIONS/SOLUTIONS  =         118

 TIME FOR INITIALIZING ANALYSIS            =        0.02
 TIME FOR CONTROLLING ANALYSIS             =        0.02
 TIME FOR UPDATING LOADS AND STATE         =        0.68
 TIME FOR FORMING STIFFNESS MATRIX         =        0.08
 TIME FOR SOLVING STIFFNESS MATRIX         =        5.62
 TIME FOR CALCULATING DISPLACEMENTS        =        0.72
 TIME FOR DETERMINING EVENTS               =        0.18
 TIME FOR SAVING RESULTS                   =        0.54
                                               ----------
 TOTAL TIME FOR THIS ANALYSIS              =        7.86


 A N A L Y S I S   C O M P L E T E                          2026/07/25  11:29:43
